
> ai-receptionist-backend@1.0.0 test:all
> cross-env NODE_OPTIONS=--experimental-vm-modules jest --coverage --testTimeout=60000

  console.log
    Email service not configured. Set BREVO_API_KEY or SMTP_* in .env

      at EmailService.log [as initializeTransporter] (src/services/email.ts:49:15)

  console.log
    Using console logging for email previews instead.

      at EmailService.log [as initializeTransporter] (src/services/email.ts:50:15)

  console.log
    Email service not configured. Set BREVO_API_KEY or SMTP_* in .env

      at EmailService.log [as initializeTransporter] (src/services/email.ts:49:15)

  console.log
    Using console logging for email previews instead.

      at EmailService.log [as initializeTransporter] (src/services/email.ts:50:15)

  console.log
    Email service not configured. Set BREVO_API_KEY or SMTP_* in .env

      at EmailService.log [as initializeTransporter] (src/services/email.ts:49:15)

  console.log
    Using console logging for email previews instead.

      at EmailService.log [as initializeTransporter] (src/services/email.ts:50:15)

  console.log
    Database mode: SQLITE

      at log (src/db/database.ts:534:11)

  console.warn
    Database initialization failed: file is not a database

    [0m [90m 51 |[39m             console[33m.[39mlog([32m'Database initialized for integration tests'[39m)[33m;[39m
     [90m 52 |[39m         } [36mcatch[39m (error) {
    [31m[1m>[22m[39m[90m 53 |[39m             console[33m.[39mwarn([32m'Database initialization failed:'[39m[33m,[39m (error [36mas[39m [33mError[39m)[33m.[39mmessage)[33m;[39m
     [90m    |[39m                     [31m[1m^[22m[39m
     [90m 54 |[39m         }
     [90m 55 |[39m     }
     [90m 56 |[39m })[33m;[39m[0m

      at Object.<anonymous> (tests/setup.ts:53:21)

  console.log
    Database mode: SQLITE

      at log (src/db/database.ts:534:11)

  console.warn
    Database initialization failed: file is not a database

    [0m [90m 51 |[39m             console[33m.[39mlog([32m'Database initialized for integration tests'[39m)[33m;[39m
     [90m 52 |[39m         } [36mcatch[39m (error) {
    [31m[1m>[22m[39m[90m 53 |[39m             console[33m.[39mwarn([32m'Database initialization failed:'[39m[33m,[39m (error [36mas[39m [33mError[39m)[33m.[39mmessage)[33m;[39m
     [90m    |[39m                     [31m[1m^[22m[39m
     [90m 54 |[39m         }
     [90m 55 |[39m     }
     [90m 56 |[39m })[33m;[39m[0m

      at Object.<anonymous> (tests/setup.ts:53:21)

  console.log
    Database mode: SQLITE

      at log (src/db/database.ts:534:11)

  console.warn
    Database initialization failed: file is not a database

    [0m [90m 51 |[39m             console[33m.[39mlog([32m'Database initialized for integration tests'[39m)[33m;[39m
     [90m 52 |[39m         } [36mcatch[39m (error) {
    [31m[1m>[22m[39m[90m 53 |[39m             console[33m.[39mwarn([32m'Database initialization failed:'[39m[33m,[39m (error [36mas[39m [33mError[39m)[33m.[39mmessage)[33m;[39m
     [90m    |[39m                     [31m[1m^[22m[39m
     [90m 54 |[39m         }
     [90m 55 |[39m     }
     [90m 56 |[39m })[33m;[39m[0m

      at Object.<anonymous> (tests/setup.ts:53:21)

  console.log
    [slots] Request: date=2026-01-15, serviceId=consultation, staffId=undefined

      at log (src/routes/appointmentsPrisma.ts:27:21)

  console.log
    [getAvailableSlots] Date: 2026-01-15, Staff: undefined, Found 0 existing appointments

      at SchedulerServicePrisma.log [as getAvailableSlots] (src/services/schedulerPrisma.ts:204:17)

  console.log
    [slots] Returning 22 slots for 2026-01-15

      at log (src/routes/appointmentsPrisma.ts:46:21)

  console.log
    [slots] Request: date=2020-01-01, serviceId=consultation, staffId=undefined

      at log (src/routes/appointmentsPrisma.ts:27:21)

  console.log
    [getAvailableSlots] Date: 2020-01-01, Staff: undefined, Found 0 existing appointments

      at SchedulerServicePrisma.log [as getAvailableSlots] (src/services/schedulerPrisma.ts:204:17)

  console.log
    [slots] Returning 0 slots for 2020-01-01

      at log (src/routes/appointmentsPrisma.ts:46:21)

  console.log
    [slots] Request: date=undefined, serviceId=consultation, staffId=undefined

      at log (src/routes/appointmentsPrisma.ts:27:21)

  console.error
    Dashboard error: TypeError: prisma_1.default.appointment.groupBy is not a function
        at AdminServicePrisma.groupBy [as getDashboardStats] (E:\ML\New AI Assistant\backend\src\services\adminPrisma.ts:323:53)
        at getDashboardStats (E:\ML\New AI Assistant\backend\src\routes\adminPrisma.ts:27:42)
        at Layer.handle [as handle_request] (E:\ML\New AI Assistant\backend\node_modules\express\lib\router\layer.js:95:5)
        at next (E:\ML\New AI Assistant\backend\node_modules\express\lib\router\route.js:149:13)
        at Route.dispatch (E:\ML\New AI Assistant\backend\node_modules\express\lib\router\route.js:119:3)
        at Layer.handle [as handle_request] (E:\ML\New AI Assistant\backend\node_modules\express\lib\router\layer.js:95:5)
        at E:\ML\New AI Assistant\backend\node_modules\express\lib\router\index.js:284:15
        at router.process_params (E:\ML\New AI Assistant\backend\node_modules\express\lib\router\index.js:346:12)
        at next (E:\ML\New AI Assistant\backend\node_modules\express\lib\router\index.js:280:10)
        at router.handle (E:\ML\New AI Assistant\backend\node_modules\express\lib\router\index.js:175:3)
        at router (E:\ML\New AI Assistant\backend\node_modules\express\lib\router\index.js:47:12)
        at Layer.handle [as handle_request] (E:\ML\New AI Assistant\backend\node_modules\express\lib\router\layer.js:95:5)
        at trim_prefix (E:\ML\New AI Assistant\backend\node_modules\express\lib\router\index.js:328:13)
        at E:\ML\New AI Assistant\backend\node_modules\express\lib\router\index.js:286:9
        at router.process_params (E:\ML\New AI Assistant\backend\node_modules\express\lib\router\index.js:346:12)
        at next (E:\ML\New AI Assistant\backend\node_modules\express\lib\router\index.js:280:10)
        at next (E:\ML\New AI Assistant\backend\src\middleware\adminAuth.ts:75:3)
        at Layer.handle [as handle_request] (E:\ML\New AI Assistant\backend\node_modules\express\lib\router\layer.js:95:5)
        at trim_prefix (E:\ML\New AI Assistant\backend\node_modules\express\lib\router\index.js:328:13)
        at E:\ML\New AI Assistant\backend\node_modules\express\lib\router\index.js:286:9
        at router.process_params (E:\ML\New AI Assistant\backend\node_modules\express\lib\router\index.js:346:12)
        at next (E:\ML\New AI Assistant\backend\node_modules\express\lib\router\index.js:280:10)
        at jsonParser (E:\ML\New AI Assistant\backend\node_modules\body-parser\lib\types\json.js:113:7)
        at Layer.handle [as handle_request] (E:\ML\New AI Assistant\backend\node_modules\express\lib\router\layer.js:95:5)
        at trim_prefix (E:\ML\New AI Assistant\backend\node_modules\express\lib\router\index.js:328:13)
        at E:\ML\New AI Assistant\backend\node_modules\express\lib\router\index.js:286:9
        at router.process_params (E:\ML\New AI Assistant\backend\node_modules\express\lib\router\index.js:346:12)
        at next (E:\ML\New AI Assistant\backend\node_modules\express\lib\router\index.js:280:10)
        at cors (E:\ML\New AI Assistant\backend\node_modules\cors\lib\index.js:188:7)
        at E:\ML\New AI Assistant\backend\node_modules\cors\lib\index.js:224:17
        at originCallback (E:\ML\New AI Assistant\backend\node_modules\cors\lib\index.js:214:15)
        at E:\ML\New AI Assistant\backend\node_modules\cors\lib\index.js:219:13
        at optionsCallback (E:\ML\New AI Assistant\backend\node_modules\cors\lib\index.js:199:9)
        at corsMiddleware (E:\ML\New AI Assistant\backend\node_modules\cors\lib\index.js:204:7)
        at Layer.handle [as handle_request] (E:\ML\New AI Assistant\backend\node_modules\express\lib\router\layer.js:95:5)
        at trim_prefix (E:\ML\New AI Assistant\backend\node_modules\express\lib\router\index.js:328:13)
        at E:\ML\New AI Assistant\backend\node_modules\express\lib\router\index.js:286:9
        at router.process_params (E:\ML\New AI Assistant\backend\node_modules\express\lib\router\index.js:346:12)
        at next (E:\ML\New AI Assistant\backend\node_modules\express\lib\router\index.js:280:10)
        at expressInit (E:\ML\New AI Assistant\backend\node_modules\express\lib\middleware\init.js:40:5)
        at Layer.handle [as handle_request] (E:\ML\New AI Assistant\backend\node_modules\express\lib\router\layer.js:95:5)
        at trim_prefix (E:\ML\New AI Assistant\backend\node_modules\express\lib\router\index.js:328:13)
        at E:\ML\New AI Assistant\backend\node_modules\express\lib\router\index.js:286:9
        at router.process_params (E:\ML\New AI Assistant\backend\node_modules\express\lib\router\index.js:346:12)
        at next (E:\ML\New AI Assistant\backend\node_modules\express\lib\router\index.js:280:10)
        at query (E:\ML\New AI Assistant\backend\node_modules\express\lib\middleware\query.js:45:5)
        at Layer.handle [as handle_request] (E:\ML\New AI Assistant\backend\node_modules\express\lib\router\layer.js:95:5)
        at trim_prefix (E:\ML\New AI Assistant\backend\node_modules\express\lib\router\index.js:328:13)
        at E:\ML\New AI Assistant\backend\node_modules\express\lib\router\index.js:286:9
        at router.process_params (E:\ML\New AI Assistant\backend\node_modules\express\lib\router\index.js:346:12)
        at next (E:\ML\New AI Assistant\backend\node_modules\express\lib\router\index.js:280:10)
        at router.handle (E:\ML\New AI Assistant\backend\node_modules\express\lib\router\index.js:175:3)
        at app.handle (E:\ML\New AI Assistant\backend\node_modules\express\lib\application.js:181:10)
        at Server.app (E:\ML\New AI Assistant\backend\node_modules\express\lib\express.js:39:9)
        at Server.emit (node:events:508:28)
        at parserOnIncoming (node:_http_server:1210:12)
        at HTTPParser.parserOnHeadersComplete (node:_http_common:123:17)

    [0m [90m 28 |[39m             res[33m.[39mjson(stats)[33m;[39m
     [90m 29 |[39m         } [36mcatch[39m (error) {
    [31m[1m>[22m[39m[90m 30 |[39m             console[33m.[39merror([32m'Dashboard error:'[39m[33m,[39m error)[33m;[39m
     [90m    |[39m                     [31m[1m^[22m[39m
     [90m 31 |[39m             res[33m.[39mstatus([35m500[39m)[33m.[39mjson({ error[33m:[39m [32m'Failed to get dashboard stats'[39m })[33m;[39m
     [90m 32 |[39m         }
     [90m 33 |[39m     })[33m;[39m[0m

      at error (src/routes/adminPrisma.ts:30:21)

  console.log
    [slots] Request: date=2026-01-14, serviceId=undefined, staffId=undefined

      at log (src/routes/appointmentsPrisma.ts:27:21)

  console.log
    [slots] Request: date=2026-01-14, serviceId=consultation, staffId=undefined

      at log (src/routes/appointmentsPrisma.ts:27:21)

  console.log
    [getAvailableSlots] Date: 2026-01-14, Staff: undefined, Found 0 existing appointments

      at SchedulerServicePrisma.log [as getAvailableSlots] (src/services/schedulerPrisma.ts:204:17)

  console.log
    [slots] Returning 20 slots for 2026-01-14

      at log (src/routes/appointmentsPrisma.ts:46:21)

  console.error
    Booking error: Error: Cannot book appointments in the past
        at SchedulerServicePrisma.bookAppointment (E:\ML\New AI Assistant\backend\src\services\schedulerPrisma.ts:288:19)
        at bookAppointment (E:\ML\New AI Assistant\backend\src\routes\appointmentsPrisma.ts:58:49)
        at Layer.handle [as handle_request] (E:\ML\New AI Assistant\backend\node_modules\express\lib\router\layer.js:95:5)
        at next (E:\ML\New AI Assistant\backend\node_modules\express\lib\router\route.js:149:13)
        at next (E:\ML\New AI Assistant\backend\src\middleware\validation.ts:77:5)
        at Layer.handle [as handle_request] (E:\ML\New AI Assistant\backend\node_modules\express\lib\router\layer.js:95:5)
        at next (E:\ML\New AI Assistant\backend\node_modules\express\lib\router\route.js:149:13)
        at Route.dispatch (E:\ML\New AI Assistant\backend\node_modules\express\lib\router\route.js:119:3)
        at Layer.handle [as handle_request] (E:\ML\New AI Assistant\backend\node_modules\express\lib\router\layer.js:95:5)
        at E:\ML\New AI Assistant\backend\node_modules\express\lib\router\index.js:284:15
        at router.process_params (E:\ML\New AI Assistant\backend\node_modules\express\lib\router\index.js:346:12)
        at next (E:\ML\New AI Assistant\backend\node_modules\express\lib\router\index.js:280:10)
        at router.handle (E:\ML\New AI Assistant\backend\node_modules\express\lib\router\index.js:175:3)
        at router (E:\ML\New AI Assistant\backend\node_modules\express\lib\router\index.js:47:12)
        at Layer.handle [as handle_request] (E:\ML\New AI Assistant\backend\node_modules\express\lib\router\layer.js:95:5)
        at trim_prefix (E:\ML\New AI Assistant\backend\node_modules\express\lib\router\index.js:328:13)
        at E:\ML\New AI Assistant\backend\node_modules\express\lib\router\index.js:286:9
        at router.process_params (E:\ML\New AI Assistant\backend\node_modules\express\lib\router\index.js:346:12)
        at next (E:\ML\New AI Assistant\backend\node_modules\express\lib\router\index.js:280:10)
        at E:\ML\New AI Assistant\backend\node_modules\body-parser\lib\read.js:137:5
        at AsyncResource.runInAsyncScope (node:async_hooks:214:14)
        at invokeCallback (E:\ML\New AI Assistant\backend\node_modules\raw-body\index.js:238:16)
        at done (E:\ML\New AI Assistant\backend\node_modules\raw-body\index.js:227:7)
        at IncomingMessage.onEnd (E:\ML\New AI Assistant\backend\node_modules\raw-body\index.js:287:7)
        at IncomingMessage.emit (node:events:508:28)
        at endReadableNT (node:internal/streams/readable:1701:12)
        at processTicksAndRejections (node:internal/process/task_queues:89:21)

    [0m [90m 68 |[39m             })[33m;[39m
     [90m 69 |[39m         } [36mcatch[39m (error) {
    [31m[1m>[22m[39m[90m 70 |[39m             console[33m.[39merror([32m'Booking error:'[39m[33m,[39m error)[33m;[39m
     [90m    |[39m                     [31m[1m^[22m[39m
     [90m 71 |[39m             [36mconst[39m message [33m=[39m error [36minstanceof[39m [33mError[39m [33m?[39m error[33m.[39mmessage [33m:[39m [32m'Failed to book appointment'[39m[33m;[39m
     [90m 72 |[39m             res[33m.[39mstatus([35m400[39m)[33m.[39mjson({ error[33m:[39m message })[33m;[39m
     [90m 73 |[39m         }[0m

      at error (src/routes/appointmentsPrisma.ts:70:21)

  console.error
    Booking error: Error: Cannot book appointments in the past
        at SchedulerServicePrisma.bookAppointment (E:\ML\New AI Assistant\backend\src\services\schedulerPrisma.ts:288:19)
        at bookAppointment (E:\ML\New AI Assistant\backend\src\routes\appointmentsPrisma.ts:58:49)
        at Layer.handle [as handle_request] (E:\ML\New AI Assistant\backend\node_modules\express\lib\router\layer.js:95:5)
        at next (E:\ML\New AI Assistant\backend\node_modules\express\lib\router\route.js:149:13)
        at next (E:\ML\New AI Assistant\backend\src\middleware\validation.ts:77:5)
        at Layer.handle [as handle_request] (E:\ML\New AI Assistant\backend\node_modules\express\lib\router\layer.js:95:5)
        at next (E:\ML\New AI Assistant\backend\node_modules\express\lib\router\route.js:149:13)
        at Route.dispatch (E:\ML\New AI Assistant\backend\node_modules\express\lib\router\route.js:119:3)
        at Layer.handle [as handle_request] (E:\ML\New AI Assistant\backend\node_modules\express\lib\router\layer.js:95:5)
        at E:\ML\New AI Assistant\backend\node_modules\express\lib\router\index.js:284:15
        at router.process_params (E:\ML\New AI Assistant\backend\node_modules\express\lib\router\index.js:346:12)
        at next (E:\ML\New AI Assistant\backend\node_modules\express\lib\router\index.js:280:10)
        at router.handle (E:\ML\New AI Assistant\backend\node_modules\express\lib\router\index.js:175:3)
        at router (E:\ML\New AI Assistant\backend\node_modules\express\lib\router\index.js:47:12)
        at Layer.handle [as handle_request] (E:\ML\New AI Assistant\backend\node_modules\express\lib\router\layer.js:95:5)
        at trim_prefix (E:\ML\New AI Assistant\backend\node_modules\express\lib\router\index.js:328:13)
        at E:\ML\New AI Assistant\backend\node_modules\express\lib\router\index.js:286:9
        at router.process_params (E:\ML\New AI Assistant\backend\node_modules\express\lib\router\index.js:346:12)
        at next (E:\ML\New AI Assistant\backend\node_modules\express\lib\router\index.js:280:10)
        at E:\ML\New AI Assistant\backend\node_modules\body-parser\lib\read.js:137:5
        at AsyncResource.runInAsyncScope (node:async_hooks:214:14)
        at invokeCallback (E:\ML\New AI Assistant\backend\node_modules\raw-body\index.js:238:16)
        at done (E:\ML\New AI Assistant\backend\node_modules\raw-body\index.js:227:7)
        at IncomingMessage.onEnd (E:\ML\New AI Assistant\backend\node_modules\raw-body\index.js:287:7)
        at IncomingMessage.emit (node:events:508:28)
        at endReadableNT (node:internal/streams/readable:1701:12)
        at processTicksAndRejections (node:internal/process/task_queues:89:21)

    [0m [90m 68 |[39m             })[33m;[39m
     [90m 69 |[39m         } [36mcatch[39m (error) {
    [31m[1m>[22m[39m[90m 70 |[39m             console[33m.[39merror([32m'Booking error:'[39m[33m,[39m error)[33m;[39m
     [90m    |[39m                     [31m[1m^[22m[39m
     [90m 71 |[39m             [36mconst[39m message [33m=[39m error [36minstanceof[39m [33mError[39m [33m?[39m error[33m.[39mmessage [33m:[39m [32m'Failed to book appointment'[39m[33m;[39m
     [90m 72 |[39m             res[33m.[39mstatus([35m400[39m)[33m.[39mjson({ error[33m:[39m message })[33m;[39m
     [90m 73 |[39m         }[0m

      at error (src/routes/appointmentsPrisma.ts:70:21)

  console.error
    Booking error: Error: Cannot book appointments in the past
        at SchedulerServicePrisma.bookAppointment (E:\ML\New AI Assistant\backend\src\services\schedulerPrisma.ts:288:19)
        at bookAppointment (E:\ML\New AI Assistant\backend\src\routes\appointmentsPrisma.ts:58:49)
        at Layer.handle [as handle_request] (E:\ML\New AI Assistant\backend\node_modules\express\lib\router\layer.js:95:5)
        at next (E:\ML\New AI Assistant\backend\node_modules\express\lib\router\route.js:149:13)
        at next (E:\ML\New AI Assistant\backend\src\middleware\validation.ts:77:5)
        at Layer.handle [as handle_request] (E:\ML\New AI Assistant\backend\node_modules\express\lib\router\layer.js:95:5)
        at next (E:\ML\New AI Assistant\backend\node_modules\express\lib\router\route.js:149:13)
        at Route.dispatch (E:\ML\New AI Assistant\backend\node_modules\express\lib\router\route.js:119:3)
        at Layer.handle [as handle_request] (E:\ML\New AI Assistant\backend\node_modules\express\lib\router\layer.js:95:5)
        at E:\ML\New AI Assistant\backend\node_modules\express\lib\router\index.js:284:15
        at router.process_params (E:\ML\New AI Assistant\backend\node_modules\express\lib\router\index.js:346:12)
        at next (E:\ML\New AI Assistant\backend\node_modules\express\lib\router\index.js:280:10)
        at router.handle (E:\ML\New AI Assistant\backend\node_modules\express\lib\router\index.js:175:3)
        at router (E:\ML\New AI Assistant\backend\node_modules\express\lib\router\index.js:47:12)
        at Layer.handle [as handle_request] (E:\ML\New AI Assistant\backend\node_modules\express\lib\router\layer.js:95:5)
        at trim_prefix (E:\ML\New AI Assistant\backend\node_modules\express\lib\router\index.js:328:13)
        at E:\ML\New AI Assistant\backend\node_modules\express\lib\router\index.js:286:9
        at router.process_params (E:\ML\New AI Assistant\backend\node_modules\express\lib\router\index.js:346:12)
        at next (E:\ML\New AI Assistant\backend\node_modules\express\lib\router\index.js:280:10)
        at E:\ML\New AI Assistant\backend\node_modules\body-parser\lib\read.js:137:5
        at AsyncResource.runInAsyncScope (node:async_hooks:214:14)
        at invokeCallback (E:\ML\New AI Assistant\backend\node_modules\raw-body\index.js:238:16)
        at done (E:\ML\New AI Assistant\backend\node_modules\raw-body\index.js:227:7)
        at IncomingMessage.onEnd (E:\ML\New AI Assistant\backend\node_modules\raw-body\index.js:287:7)
        at IncomingMessage.emit (node:events:508:28)
        at endReadableNT (node:internal/streams/readable:1701:12)
        at processTicksAndRejections (node:internal/process/task_queues:89:21)

    [0m [90m 68 |[39m             })[33m;[39m
     [90m 69 |[39m         } [36mcatch[39m (error) {
    [31m[1m>[22m[39m[90m 70 |[39m             console[33m.[39merror([32m'Booking error:'[39m[33m,[39m error)[33m;[39m
     [90m    |[39m                     [31m[1m^[22m[39m
     [90m 71 |[39m             [36mconst[39m message [33m=[39m error [36minstanceof[39m [33mError[39m [33m?[39m error[33m.[39mmessage [33m:[39m [32m'Failed to book appointment'[39m[33m;[39m
     [90m 72 |[39m             res[33m.[39mstatus([35m400[39m)[33m.[39mjson({ error[33m:[39m message })[33m;[39m
     [90m 73 |[39m         }[0m

      at error (src/routes/appointmentsPrisma.ts:70:21)

  console.error
    Booking error: Error: Cannot book appointments in the past
        at SchedulerServicePrisma.bookAppointment (E:\ML\New AI Assistant\backend\src\services\schedulerPrisma.ts:288:19)
        at bookAppointment (E:\ML\New AI Assistant\backend\src\routes\appointmentsPrisma.ts:58:49)
        at Layer.handle [as handle_request] (E:\ML\New AI Assistant\backend\node_modules\express\lib\router\layer.js:95:5)
        at next (E:\ML\New AI Assistant\backend\node_modules\express\lib\router\route.js:149:13)
        at next (E:\ML\New AI Assistant\backend\src\middleware\validation.ts:77:5)
        at Layer.handle [as handle_request] (E:\ML\New AI Assistant\backend\node_modules\express\lib\router\layer.js:95:5)
        at next (E:\ML\New AI Assistant\backend\node_modules\express\lib\router\route.js:149:13)
        at Route.dispatch (E:\ML\New AI Assistant\backend\node_modules\express\lib\router\route.js:119:3)
        at Layer.handle [as handle_request] (E:\ML\New AI Assistant\backend\node_modules\express\lib\router\layer.js:95:5)
        at E:\ML\New AI Assistant\backend\node_modules\express\lib\router\index.js:284:15
        at router.process_params (E:\ML\New AI Assistant\backend\node_modules\express\lib\router\index.js:346:12)
        at next (E:\ML\New AI Assistant\backend\node_modules\express\lib\router\index.js:280:10)
        at router.handle (E:\ML\New AI Assistant\backend\node_modules\express\lib\router\index.js:175:3)
        at router (E:\ML\New AI Assistant\backend\node_modules\express\lib\router\index.js:47:12)
        at Layer.handle [as handle_request] (E:\ML\New AI Assistant\backend\node_modules\express\lib\router\layer.js:95:5)
        at trim_prefix (E:\ML\New AI Assistant\backend\node_modules\express\lib\router\index.js:328:13)
        at E:\ML\New AI Assistant\backend\node_modules\express\lib\router\index.js:286:9
        at router.process_params (E:\ML\New AI Assistant\backend\node_modules\express\lib\router\index.js:346:12)
        at next (E:\ML\New AI Assistant\backend\node_modules\express\lib\router\index.js:280:10)
        at E:\ML\New AI Assistant\backend\node_modules\body-parser\lib\read.js:137:5
        at AsyncResource.runInAsyncScope (node:async_hooks:214:14)
        at invokeCallback (E:\ML\New AI Assistant\backend\node_modules\raw-body\index.js:238:16)
        at done (E:\ML\New AI Assistant\backend\node_modules\raw-body\index.js:227:7)
        at IncomingMessage.onEnd (E:\ML\New AI Assistant\backend\node_modules\raw-body\index.js:287:7)
        at IncomingMessage.emit (node:events:508:28)
        at endReadableNT (node:internal/streams/readable:1701:12)
        at processTicksAndRejections (node:internal/process/task_queues:89:21)

    [0m [90m 68 |[39m             })[33m;[39m
     [90m 69 |[39m         } [36mcatch[39m (error) {
    [31m[1m>[22m[39m[90m 70 |[39m             console[33m.[39merror([32m'Booking error:'[39m[33m,[39m error)[33m;[39m
     [90m    |[39m                     [31m[1m^[22m[39m
     [90m 71 |[39m             [36mconst[39m message [33m=[39m error [36minstanceof[39m [33mError[39m [33m?[39m error[33m.[39mmessage [33m:[39m [32m'Failed to book appointment'[39m[33m;[39m
     [90m 72 |[39m             res[33m.[39mstatus([35m400[39m)[33m.[39mjson({ error[33m:[39m message })[33m;[39m
     [90m 73 |[39m         }[0m

      at error (src/routes/appointmentsPrisma.ts:70:21)

  console.error
    Booking error: Error: Selected service not found
        at SchedulerServicePrisma.bookAppointment (E:\ML\New AI Assistant\backend\src\services\schedulerPrisma.ts:305:19)
        at processTicksAndRejections (node:internal/process/task_queues:103:5)
        at E:\ML\New AI Assistant\backend\src\routes\appointmentsPrisma.ts:58:33

    [0m [90m 68 |[39m             })[33m;[39m
     [90m 69 |[39m         } [36mcatch[39m (error) {
    [31m[1m>[22m[39m[90m 70 |[39m             console[33m.[39merror([32m'Booking error:'[39m[33m,[39m error)[33m;[39m
     [90m    |[39m                     [31m[1m^[22m[39m
     [90m 71 |[39m             [36mconst[39m message [33m=[39m error [36minstanceof[39m [33mError[39m [33m?[39m error[33m.[39mmessage [33m:[39m [32m'Failed to book appointment'[39m[33m;[39m
     [90m 72 |[39m             res[33m.[39mstatus([35m400[39m)[33m.[39mjson({ error[33m:[39m message })[33m;[39m
     [90m 73 |[39m         }[0m

      at error (src/routes/appointmentsPrisma.ts:70:21)

  console.log
    [slots] Request: date=2026-01-16, serviceId=consultation, staffId=undefined

      at log (src/routes/appointmentsPrisma.ts:27:21)

  console.log
    [getAvailableSlots] Date: 2026-01-16, Staff: undefined, Found 0 existing appointments

      at SchedulerServicePrisma.log [as getAvailableSlots] (src/services/schedulerPrisma.ts:204:17)

  console.log
    [slots] Returning 22 slots for 2026-01-16

      at log (src/routes/appointmentsPrisma.ts:46:21)

  console.error
    Booking error: Error: Selected service not found
        at SchedulerServicePrisma.bookAppointment (E:\ML\New AI Assistant\backend\src\services\schedulerPrisma.ts:305:19)
        at processTicksAndRejections (node:internal/process/task_queues:103:5)
        at E:\ML\New AI Assistant\backend\src\routes\appointmentsPrisma.ts:58:33

    [0m [90m 68 |[39m             })[33m;[39m
     [90m 69 |[39m         } [36mcatch[39m (error) {
    [31m[1m>[22m[39m[90m 70 |[39m             console[33m.[39merror([32m'Booking error:'[39m[33m,[39m error)[33m;[39m
     [90m    |[39m                     [31m[1m^[22m[39m
     [90m 71 |[39m             [36mconst[39m message [33m=[39m error [36minstanceof[39m [33mError[39m [33m?[39m error[33m.[39mmessage [33m:[39m [32m'Failed to book appointment'[39m[33m;[39m
     [90m 72 |[39m             res[33m.[39mstatus([35m400[39m)[33m.[39mjson({ error[33m:[39m message })[33m;[39m
     [90m 73 |[39m         }[0m

      at error (src/routes/appointmentsPrisma.ts:70:21)

  console.error
    Booking error: Error: Cannot book appointments in the past
        at SchedulerServicePrisma.bookAppointment (E:\ML\New AI Assistant\backend\src\services\schedulerPrisma.ts:288:19)
        at bookAppointment (E:\ML\New AI Assistant\backend\src\routes\appointmentsPrisma.ts:58:49)
        at Layer.handle [as handle_request] (E:\ML\New AI Assistant\backend\node_modules\express\lib\router\layer.js:95:5)
        at next (E:\ML\New AI Assistant\backend\node_modules\express\lib\router\route.js:149:13)
        at next (E:\ML\New AI Assistant\backend\src\middleware\validation.ts:77:5)
        at Layer.handle [as handle_request] (E:\ML\New AI Assistant\backend\node_modules\express\lib\router\layer.js:95:5)
        at next (E:\ML\New AI Assistant\backend\node_modules\express\lib\router\route.js:149:13)
        at Route.dispatch (E:\ML\New AI Assistant\backend\node_modules\express\lib\router\route.js:119:3)
        at Layer.handle [as handle_request] (E:\ML\New AI Assistant\backend\node_modules\express\lib\router\layer.js:95:5)
        at E:\ML\New AI Assistant\backend\node_modules\express\lib\router\index.js:284:15
        at router.process_params (E:\ML\New AI Assistant\backend\node_modules\express\lib\router\index.js:346:12)
        at next (E:\ML\New AI Assistant\backend\node_modules\express\lib\router\index.js:280:10)
        at router.handle (E:\ML\New AI Assistant\backend\node_modules\express\lib\router\index.js:175:3)
        at router (E:\ML\New AI Assistant\backend\node_modules\express\lib\router\index.js:47:12)
        at Layer.handle [as handle_request] (E:\ML\New AI Assistant\backend\node_modules\express\lib\router\layer.js:95:5)
        at trim_prefix (E:\ML\New AI Assistant\backend\node_modules\express\lib\router\index.js:328:13)
        at E:\ML\New AI Assistant\backend\node_modules\express\lib\router\index.js:286:9
        at router.process_params (E:\ML\New AI Assistant\backend\node_modules\express\lib\router\index.js:346:12)
        at next (E:\ML\New AI Assistant\backend\node_modules\express\lib\router\index.js:280:10)
        at E:\ML\New AI Assistant\backend\node_modules\body-parser\lib\read.js:137:5
        at AsyncResource.runInAsyncScope (node:async_hooks:214:14)
        at invokeCallback (E:\ML\New AI Assistant\backend\node_modules\raw-body\index.js:238:16)
        at done (E:\ML\New AI Assistant\backend\node_modules\raw-body\index.js:227:7)
        at IncomingMessage.onEnd (E:\ML\New AI Assistant\backend\node_modules\raw-body\index.js:287:7)
        at IncomingMessage.emit (node:events:508:28)
        at endReadableNT (node:internal/streams/readable:1701:12)
        at processTicksAndRejections (node:internal/process/task_queues:89:21)

    [0m [90m 68 |[39m             })[33m;[39m
     [90m 69 |[39m         } [36mcatch[39m (error) {
    [31m[1m>[22m[39m[90m 70 |[39m             console[33m.[39merror([32m'Booking error:'[39m[33m,[39m error)[33m;[39m
     [90m    |[39m                     [31m[1m^[22m[39m
     [90m 71 |[39m             [36mconst[39m message [33m=[39m error [36minstanceof[39m [33mError[39m [33m?[39m error[33m.[39mmessage [33m:[39m [32m'Failed to book appointment'[39m[33m;[39m
     [90m 72 |[39m             res[33m.[39mstatus([35m400[39m)[33m.[39mjson({ error[33m:[39m message })[33m;[39m
     [90m 73 |[39m         }[0m

      at error (src/routes/appointmentsPrisma.ts:70:21)

  console.error
    Booking error: Error: Cannot book appointments in the past
        at SchedulerServicePrisma.bookAppointment (E:\ML\New AI Assistant\backend\src\services\schedulerPrisma.ts:288:19)
        at bookAppointment (E:\ML\New AI Assistant\backend\src\routes\appointmentsPrisma.ts:58:49)
        at Layer.handle [as handle_request] (E:\ML\New AI Assistant\backend\node_modules\express\lib\router\layer.js:95:5)
        at next (E:\ML\New AI Assistant\backend\node_modules\express\lib\router\route.js:149:13)
        at next (E:\ML\New AI Assistant\backend\src\middleware\validation.ts:77:5)
        at Layer.handle [as handle_request] (E:\ML\New AI Assistant\backend\node_modules\express\lib\router\layer.js:95:5)
        at next (E:\ML\New AI Assistant\backend\node_modules\express\lib\router\route.js:149:13)
        at Route.dispatch (E:\ML\New AI Assistant\backend\node_modules\express\lib\router\route.js:119:3)
        at Layer.handle [as handle_request] (E:\ML\New AI Assistant\backend\node_modules\express\lib\router\layer.js:95:5)
        at E:\ML\New AI Assistant\backend\node_modules\express\lib\router\index.js:284:15
        at router.process_params (E:\ML\New AI Assistant\backend\node_modules\express\lib\router\index.js:346:12)
        at next (E:\ML\New AI Assistant\backend\node_modules\express\lib\router\index.js:280:10)
        at router.handle (E:\ML\New AI Assistant\backend\node_modules\express\lib\router\index.js:175:3)
        at router (E:\ML\New AI Assistant\backend\node_modules\express\lib\router\index.js:47:12)
        at Layer.handle [as handle_request] (E:\ML\New AI Assistant\backend\node_modules\express\lib\router\layer.js:95:5)
        at trim_prefix (E:\ML\New AI Assistant\backend\node_modules\express\lib\router\index.js:328:13)
        at E:\ML\New AI Assistant\backend\node_modules\express\lib\router\index.js:286:9
        at router.process_params (E:\ML\New AI Assistant\backend\node_modules\express\lib\router\index.js:346:12)
        at next (E:\ML\New AI Assistant\backend\node_modules\express\lib\router\index.js:280:10)
        at E:\ML\New AI Assistant\backend\node_modules\body-parser\lib\read.js:137:5
        at AsyncResource.runInAsyncScope (node:async_hooks:214:14)
        at invokeCallback (E:\ML\New AI Assistant\backend\node_modules\raw-body\index.js:238:16)
        at done (E:\ML\New AI Assistant\backend\node_modules\raw-body\index.js:227:7)
        at IncomingMessage.onEnd (E:\ML\New AI Assistant\backend\node_modules\raw-body\index.js:287:7)
        at IncomingMessage.emit (node:events:508:28)
        at endReadableNT (node:internal/streams/readable:1701:12)
        at processTicksAndRejections (node:internal/process/task_queues:89:21)

    [0m [90m 68 |[39m             })[33m;[39m
     [90m 69 |[39m         } [36mcatch[39m (error) {
    [31m[1m>[22m[39m[90m 70 |[39m             console[33m.[39merror([32m'Booking error:'[39m[33m,[39m error)[33m;[39m
     [90m    |[39m                     [31m[1m^[22m[39m
     [90m 71 |[39m             [36mconst[39m message [33m=[39m error [36minstanceof[39m [33mError[39m [33m?[39m error[33m.[39mmessage [33m:[39m [32m'Failed to book appointment'[39m[33m;[39m
     [90m 72 |[39m             res[33m.[39mstatus([35m400[39m)[33m.[39mjson({ error[33m:[39m message })[33m;[39m
     [90m 73 |[39m         }[0m

      at error (src/routes/appointmentsPrisma.ts:70:21)

  console.error
    Booking error: Error: Cannot book appointments in the past
        at SchedulerServicePrisma.bookAppointment (E:\ML\New AI Assistant\backend\src\services\schedulerPrisma.ts:288:19)
        at bookAppointment (E:\ML\New AI Assistant\backend\src\routes\appointmentsPrisma.ts:58:49)
        at Layer.handle [as handle_request] (E:\ML\New AI Assistant\backend\node_modules\express\lib\router\layer.js:95:5)
        at next (E:\ML\New AI Assistant\backend\node_modules\express\lib\router\route.js:149:13)
        at next (E:\ML\New AI Assistant\backend\src\middleware\validation.ts:77:5)
        at Layer.handle [as handle_request] (E:\ML\New AI Assistant\backend\node_modules\express\lib\router\layer.js:95:5)
        at next (E:\ML\New AI Assistant\backend\node_modules\express\lib\router\route.js:149:13)
        at Route.dispatch (E:\ML\New AI Assistant\backend\node_modules\express\lib\router\route.js:119:3)
        at Layer.handle [as handle_request] (E:\ML\New AI Assistant\backend\node_modules\express\lib\router\layer.js:95:5)
        at E:\ML\New AI Assistant\backend\node_modules\express\lib\router\index.js:284:15
        at router.process_params (E:\ML\New AI Assistant\backend\node_modules\express\lib\router\index.js:346:12)
        at next (E:\ML\New AI Assistant\backend\node_modules\express\lib\router\index.js:280:10)
        at router.handle (E:\ML\New AI Assistant\backend\node_modules\express\lib\router\index.js:175:3)
        at router (E:\ML\New AI Assistant\backend\node_modules\express\lib\router\index.js:47:12)
        at Layer.handle [as handle_request] (E:\ML\New AI Assistant\backend\node_modules\express\lib\router\layer.js:95:5)
        at trim_prefix (E:\ML\New AI Assistant\backend\node_modules\express\lib\router\index.js:328:13)
        at E:\ML\New AI Assistant\backend\node_modules\express\lib\router\index.js:286:9
        at router.process_params (E:\ML\New AI Assistant\backend\node_modules\express\lib\router\index.js:346:12)
        at next (E:\ML\New AI Assistant\backend\node_modules\express\lib\router\index.js:280:10)
        at E:\ML\New AI Assistant\backend\node_modules\body-parser\lib\read.js:137:5
        at AsyncResource.runInAsyncScope (node:async_hooks:214:14)
        at invokeCallback (E:\ML\New AI Assistant\backend\node_modules\raw-body\index.js:238:16)
        at done (E:\ML\New AI Assistant\backend\node_modules\raw-body\index.js:227:7)
        at IncomingMessage.onEnd (E:\ML\New AI Assistant\backend\node_modules\raw-body\index.js:287:7)
        at IncomingMessage.emit (node:events:508:28)
        at endReadableNT (node:internal/streams/readable:1701:12)
        at processTicksAndRejections (node:internal/process/task_queues:89:21)

    [0m [90m 68 |[39m             })[33m;[39m
     [90m 69 |[39m         } [36mcatch[39m (error) {
    [31m[1m>[22m[39m[90m 70 |[39m             console[33m.[39merror([32m'Booking error:'[39m[33m,[39m error)[33m;[39m
     [90m    |[39m                     [31m[1m^[22m[39m
     [90m 71 |[39m             [36mconst[39m message [33m=[39m error [36minstanceof[39m [33mError[39m [33m?[39m error[33m.[39mmessage [33m:[39m [32m'Failed to book appointment'[39m[33m;[39m
     [90m 72 |[39m             res[33m.[39mstatus([35m400[39m)[33m.[39mjson({ error[33m:[39m message })[33m;[39m
     [90m 73 |[39m         }[0m

      at error (src/routes/appointmentsPrisma.ts:70:21)

  console.error
    Booking error: Error: Cannot book appointments in the past
        at SchedulerServicePrisma.bookAppointment (E:\ML\New AI Assistant\backend\src\services\schedulerPrisma.ts:288:19)
        at bookAppointment (E:\ML\New AI Assistant\backend\src\routes\appointmentsPrisma.ts:58:49)
        at Layer.handle [as handle_request] (E:\ML\New AI Assistant\backend\node_modules\express\lib\router\layer.js:95:5)
        at next (E:\ML\New AI Assistant\backend\node_modules\express\lib\router\route.js:149:13)
        at next (E:\ML\New AI Assistant\backend\src\middleware\validation.ts:77:5)
        at Layer.handle [as handle_request] (E:\ML\New AI Assistant\backend\node_modules\express\lib\router\layer.js:95:5)
        at next (E:\ML\New AI Assistant\backend\node_modules\express\lib\router\route.js:149:13)
        at Route.dispatch (E:\ML\New AI Assistant\backend\node_modules\express\lib\router\route.js:119:3)
        at Layer.handle [as handle_request] (E:\ML\New AI Assistant\backend\node_modules\express\lib\router\layer.js:95:5)
        at E:\ML\New AI Assistant\backend\node_modules\express\lib\router\index.js:284:15
        at router.process_params (E:\ML\New AI Assistant\backend\node_modules\express\lib\router\index.js:346:12)
        at next (E:\ML\New AI Assistant\backend\node_modules\express\lib\router\index.js:280:10)
        at router.handle (E:\ML\New AI Assistant\backend\node_modules\express\lib\router\index.js:175:3)
        at router (E:\ML\New AI Assistant\backend\node_modules\express\lib\router\index.js:47:12)
        at Layer.handle [as handle_request] (E:\ML\New AI Assistant\backend\node_modules\express\lib\router\layer.js:95:5)
        at trim_prefix (E:\ML\New AI Assistant\backend\node_modules\express\lib\router\index.js:328:13)
        at E:\ML\New AI Assistant\backend\node_modules\express\lib\router\index.js:286:9
        at router.process_params (E:\ML\New AI Assistant\backend\node_modules\express\lib\router\index.js:346:12)
        at next (E:\ML\New AI Assistant\backend\node_modules\express\lib\router\index.js:280:10)
        at E:\ML\New AI Assistant\backend\node_modules\body-parser\lib\read.js:137:5
        at AsyncResource.runInAsyncScope (node:async_hooks:214:14)
        at invokeCallback (E:\ML\New AI Assistant\backend\node_modules\raw-body\index.js:238:16)
        at done (E:\ML\New AI Assistant\backend\node_modules\raw-body\index.js:227:7)
        at IncomingMessage.onEnd (E:\ML\New AI Assistant\backend\node_modules\raw-body\index.js:287:7)
        at IncomingMessage.emit (node:events:508:28)
        at endReadableNT (node:internal/streams/readable:1701:12)
        at processTicksAndRejections (node:internal/process/task_queues:89:21)

    [0m [90m 68 |[39m             })[33m;[39m
     [90m 69 |[39m         } [36mcatch[39m (error) {
    [31m[1m>[22m[39m[90m 70 |[39m             console[33m.[39merror([32m'Booking error:'[39m[33m,[39m error)[33m;[39m
     [90m    |[39m                     [31m[1m^[22m[39m
     [90m 71 |[39m             [36mconst[39m message [33m=[39m error [36minstanceof[39m [33mError[39m [33m?[39m error[33m.[39mmessage [33m:[39m [32m'Failed to book appointment'[39m[33m;[39m
     [90m 72 |[39m             res[33m.[39mstatus([35m400[39m)[33m.[39mjson({ error[33m:[39m message })[33m;[39m
     [90m 73 |[39m         }[0m

      at error (src/routes/appointmentsPrisma.ts:70:21)

  console.error
    Booking error: Error: Cannot book appointments in the past
        at SchedulerServicePrisma.bookAppointment (E:\ML\New AI Assistant\backend\src\services\schedulerPrisma.ts:288:19)
        at bookAppointment (E:\ML\New AI Assistant\backend\src\routes\appointmentsPrisma.ts:58:49)
        at Layer.handle [as handle_request] (E:\ML\New AI Assistant\backend\node_modules\express\lib\router\layer.js:95:5)
        at next (E:\ML\New AI Assistant\backend\node_modules\express\lib\router\route.js:149:13)
        at next (E:\ML\New AI Assistant\backend\src\middleware\validation.ts:77:5)
        at Layer.handle [as handle_request] (E:\ML\New AI Assistant\backend\node_modules\express\lib\router\layer.js:95:5)
        at next (E:\ML\New AI Assistant\backend\node_modules\express\lib\router\route.js:149:13)
        at Route.dispatch (E:\ML\New AI Assistant\backend\node_modules\express\lib\router\route.js:119:3)
        at Layer.handle [as handle_request] (E:\ML\New AI Assistant\backend\node_modules\express\lib\router\layer.js:95:5)
        at E:\ML\New AI Assistant\backend\node_modules\express\lib\router\index.js:284:15
        at router.process_params (E:\ML\New AI Assistant\backend\node_modules\express\lib\router\index.js:346:12)
        at next (E:\ML\New AI Assistant\backend\node_modules\express\lib\router\index.js:280:10)
        at router.handle (E:\ML\New AI Assistant\backend\node_modules\express\lib\router\index.js:175:3)
        at router (E:\ML\New AI Assistant\backend\node_modules\express\lib\router\index.js:47:12)
        at Layer.handle [as handle_request] (E:\ML\New AI Assistant\backend\node_modules\express\lib\router\layer.js:95:5)
        at trim_prefix (E:\ML\New AI Assistant\backend\node_modules\express\lib\router\index.js:328:13)
        at E:\ML\New AI Assistant\backend\node_modules\express\lib\router\index.js:286:9
        at router.process_params (E:\ML\New AI Assistant\backend\node_modules\express\lib\router\index.js:346:12)
        at next (E:\ML\New AI Assistant\backend\node_modules\express\lib\router\index.js:280:10)
        at E:\ML\New AI Assistant\backend\node_modules\body-parser\lib\read.js:137:5
        at AsyncResource.runInAsyncScope (node:async_hooks:214:14)
        at invokeCallback (E:\ML\New AI Assistant\backend\node_modules\raw-body\index.js:238:16)
        at done (E:\ML\New AI Assistant\backend\node_modules\raw-body\index.js:227:7)
        at IncomingMessage.onEnd (E:\ML\New AI Assistant\backend\node_modules\raw-body\index.js:287:7)
        at IncomingMessage.emit (node:events:508:28)
        at endReadableNT (node:internal/streams/readable:1701:12)
        at processTicksAndRejections (node:internal/process/task_queues:89:21)

    [0m [90m 68 |[39m             })[33m;[39m
     [90m 69 |[39m         } [36mcatch[39m (error) {
    [31m[1m>[22m[39m[90m 70 |[39m             console[33m.[39merror([32m'Booking error:'[39m[33m,[39m error)[33m;[39m
     [90m    |[39m                     [31m[1m^[22m[39m
     [90m 71 |[39m             [36mconst[39m message [33m=[39m error [36minstanceof[39m [33mError[39m [33m?[39m error[33m.[39mmessage [33m:[39m [32m'Failed to book appointment'[39m[33m;[39m
     [90m 72 |[39m             res[33m.[39mstatus([35m400[39m)[33m.[39mjson({ error[33m:[39m message })[33m;[39m
     [90m 73 |[39m         }[0m

      at error (src/routes/appointmentsPrisma.ts:70:21)

  console.error
    Booking error: Error: Cannot book appointments in the past
        at SchedulerServicePrisma.bookAppointment (E:\ML\New AI Assistant\backend\src\services\schedulerPrisma.ts:288:19)
        at bookAppointment (E:\ML\New AI Assistant\backend\src\routes\appointmentsPrisma.ts:58:49)
        at Layer.handle [as handle_request] (E:\ML\New AI Assistant\backend\node_modules\express\lib\router\layer.js:95:5)
        at next (E:\ML\New AI Assistant\backend\node_modules\express\lib\router\route.js:149:13)
        at next (E:\ML\New AI Assistant\backend\src\middleware\validation.ts:77:5)
        at Layer.handle [as handle_request] (E:\ML\New AI Assistant\backend\node_modules\express\lib\router\layer.js:95:5)
        at next (E:\ML\New AI Assistant\backend\node_modules\express\lib\router\route.js:149:13)
        at Route.dispatch (E:\ML\New AI Assistant\backend\node_modules\express\lib\router\route.js:119:3)
        at Layer.handle [as handle_request] (E:\ML\New AI Assistant\backend\node_modules\express\lib\router\layer.js:95:5)
        at E:\ML\New AI Assistant\backend\node_modules\express\lib\router\index.js:284:15
        at router.process_params (E:\ML\New AI Assistant\backend\node_modules\express\lib\router\index.js:346:12)
        at next (E:\ML\New AI Assistant\backend\node_modules\express\lib\router\index.js:280:10)
        at router.handle (E:\ML\New AI Assistant\backend\node_modules\express\lib\router\index.js:175:3)
        at router (E:\ML\New AI Assistant\backend\node_modules\express\lib\router\index.js:47:12)
        at Layer.handle [as handle_request] (E:\ML\New AI Assistant\backend\node_modules\express\lib\router\layer.js:95:5)
        at trim_prefix (E:\ML\New AI Assistant\backend\node_modules\express\lib\router\index.js:328:13)
        at E:\ML\New AI Assistant\backend\node_modules\express\lib\router\index.js:286:9
        at router.process_params (E:\ML\New AI Assistant\backend\node_modules\express\lib\router\index.js:346:12)
        at next (E:\ML\New AI Assistant\backend\node_modules\express\lib\router\index.js:280:10)
        at E:\ML\New AI Assistant\backend\node_modules\body-parser\lib\read.js:137:5
        at AsyncResource.runInAsyncScope (node:async_hooks:214:14)
        at invokeCallback (E:\ML\New AI Assistant\backend\node_modules\raw-body\index.js:238:16)
        at done (E:\ML\New AI Assistant\backend\node_modules\raw-body\index.js:227:7)
        at IncomingMessage.onEnd (E:\ML\New AI Assistant\backend\node_modules\raw-body\index.js:287:7)
        at IncomingMessage.emit (node:events:508:28)
        at endReadableNT (node:internal/streams/readable:1701:12)
        at processTicksAndRejections (node:internal/process/task_queues:89:21)

    [0m [90m 68 |[39m             })[33m;[39m
     [90m 69 |[39m         } [36mcatch[39m (error) {
    [31m[1m>[22m[39m[90m 70 |[39m             console[33m.[39merror([32m'Booking error:'[39m[33m,[39m error)[33m;[39m
     [90m    |[39m                     [31m[1m^[22m[39m
     [90m 71 |[39m             [36mconst[39m message [33m=[39m error [36minstanceof[39m [33mError[39m [33m?[39m error[33m.[39mmessage [33m:[39m [32m'Failed to book appointment'[39m[33m;[39m
     [90m 72 |[39m             res[33m.[39mstatus([35m400[39m)[33m.[39mjson({ error[33m:[39m message })[33m;[39m
     [90m 73 |[39m         }[0m

      at error (src/routes/appointmentsPrisma.ts:70:21)

node.exe : FAIL tests/integration/auth.test.ts (20.243 s)
At line:1 char:1
+ & "C:\Program Files\nodejs/node.exe" "C:\Program 
Files\nodejs/node_mo ...
+ ~~~~~~~~~~~~~~~~~~~~~~~~~~~~~~~~~~~~~~~~~~~~~~~~~~~~~~~~
~~~~~~~~~~~~~
    + CategoryInfo          : NotSpecified: (FAIL 
tests/int    e...t.ts (20.243 s):String) [], 
RemoteException
    + FullyQualifiedErrorId : NativeCommandError
 
  Auth API Endpoints
    POST /api/auth/login
      ΓêÜ should return 400 if password is missing (132 
ms)
      ΓêÜ should return 401 for incorrect password (21 ms)
      ΓêÜ should return JWT token for correct password 
(32 ms)
    POST /api/auth/logout
      ΓêÜ should successfully logout with valid token (27 
ms)
      ΓêÜ should return success even without token (JWT 
is stateless) (17 ms)
    GET /api/auth/verify
      ΓêÜ should return valid: false without token (12 ms)
      ΓêÜ should return valid: false with invalid token 
(10 ms)
      ΓêÜ should return valid: true with valid JWT token 
(33 ms)
  Protected Admin Routes
    Without Authentication
      ΓêÜ should return 401 for /api/admin/dashboard (11 
ms)
      ΓêÜ should return 401 for /api/admin/staff (14 ms)
      ΓêÜ should return 401 for /api/callbacks (22 ms)
    With Invalid Token
      ΓêÜ should return 401 for invalid token (9 ms)
    With Valid Authentication
      ├ù should access /api/admin/dashboard with valid 
token (179 ms)
      ΓêÜ should access /api/admin/staff with valid token 
(29 ms)
      ΓêÜ should access /api/callbacks with valid token 
(27 ms)
  Unprotected Routes
    ΓêÜ should access /api/health without auth (42 ms)
    ΓêÜ should access /api/services without auth (9 ms)
    ΓêÜ should access /api/appointments/slots without 
auth (86 ms)

  ΓùÅ Protected Admin Routes ΓÇ║ With Valid 
Authentication ΓÇ║ should access /api/admin/dashboard 
with valid token

    expect(received).toBe(expected) // Object.is equality

    Expected: 200
    Received: 500

    [0m [90m 137 |[39m         
[33m.[39m[36mget[39m([32m'/api/admin/dashboard'[39m)
     [90m 138 |[39m         [33m.[39m[36mset[39m([3
2m'Authorization'[39m[33m,[39m [32m`Bearer 
${token}`[39m)[33m;[39m
    [31m[1m>[22m[39m[90m 139 |[39m       expect(resp
onse[33m.[39mstatus)[33m.[39mtoBe([35m200[39m)[33m;
[39m
     [90m     |[39m                               
[31m[1m^[22m[39m
     [90m 140 |[39m       expect(response[33m.[39mbody
)[33m.[39mtoHaveProperty([32m'todayAppointments'[39m)
[33m;[39m
     [90m 141 |[39m     })[33m;[39m
     [90m 142 |[39m[0m

      at Object.<anonymous> 
(tests/integration/auth.test.ts:139:31)

  console.log
    [slots] Request: date=2025-03-01, serviceId='; DROP TABLE appointments; --, staffId=undefined

      at log (src/routes/appointmentsPrisma.ts:27:21)

FAIL tests/integration/booking.test.ts (20.463 s)
  Booking API Integration
    GET /api/services
      ├ù should return list of services (115 ms)
      ├ù should return services with required fields (23 
ms)
    GET /api/services/business/info
      ΓêÜ should return business information (19 ms)
    GET /api/services/business/hours
      ΓêÜ should return business hours (15 ms)
    GET /api/appointments/slots
      ΓêÜ should return slots for valid date and service 
(87 ms)
      ΓêÜ should return empty slots for past date (27 ms)
      ΓêÜ should return 400 for missing date (18 ms)
      ΓêÜ should return 400 for missing serviceId (31 ms)
    POST /api/appointments
      ΓêÜ should reject booking with missing fields (51 
ms)
      ΓêÜ should reject booking with invalid email (13 ms)
      ΓêÜ should reject booking for past date (187 ms)
      ΓêÜ should reject booking for invalid service (44 
ms)
      ├ù should create valid booking (54 ms)
    GET /api/appointments/:id
      ΓêÜ should return 404 for non-existent appointment 
(17 ms)
    DELETE /api/appointments/:id
      ΓêÜ should return 404 for non-existent appointment 
(24 ms)
  Health Check
    ΓêÜ should return OK status (29 ms)

  ΓùÅ Booking API Integration ΓÇ║ GET /api/services ΓÇ║ 
should return list of services

    expect(received).toBeGreaterThan(expected)

    Expected: > 0
    Received:   0

    [0m [90m 12 |[39m
     [90m 13 |[39m       expect([33mArray[39m[33m.[3
9misArray(response[33m.[39mbody))[33m.[39mtoBe([36mtr
ue[39m)[33m;[39m
    [31m[1m>[22m[39m[90m 14 |[39m       expect(respo
nse[33m.[39mbody[33m.[39mlength)[33m.[39mtoBeGreater
Than([35m0[39m)[33m;[39m
     [90m    |[39m                                    
[31m[1m^[22m[39m
     [90m 15 |[39m     })[33m;[39m
     [90m 16 |[39m
     [90m 17 |[39m     it([32m'should return services 
with required fields'[39m[33m,[39m [36masync[39m () 
[33m=>[39m {[0m

      at Object.<anonymous> 
(tests/integration/booking.test.ts:14:36)

  ΓùÅ Booking API Integration ΓÇ║ GET /api/services ΓÇ║ 
should return services with required fields

    expect(received).toHaveProperty(path)

    Matcher error: received value must not be null nor 
undefined

    Received has value: undefined

    [0m [90m 21 |[39m
     [90m 22 |[39m       [36mconst[39m service 
[33m=[39m 
response[33m.[39mbody[[35m0[39m][33m;[39m
    [31m[1m>[22m[39m[90m 23 |[39m       expect(servi
ce)[33m.[39mtoHaveProperty([32m'id'[39m)[33m;[39m
     [90m    |[39m                       
[31m[1m^[22m[39m
     [90m 24 |[39m       expect(service)[33m.[39mtoHav
eProperty([32m'name'[39m)[33m;[39m
     [90m 25 |[39m       expect(service)[33m.[39mtoHav
eProperty([32m'duration'[39m)[33m;[39m
     [90m 26 |[39m       expect(service)[33m.[39mtoHav
eProperty([32m'price'[39m)[33m;[39m[0m

      at Object.<anonymous> 
(tests/integration/booking.test.ts:23:23)

  ΓùÅ Booking API Integration ΓÇ║ POST /api/appointments 
ΓÇ║ should create valid booking

    expected 201 "Created", got 400 "Bad Request"

    [0m [90m 186 |[39m             time[33m:[39m 
availableSlots[[35m0[39m][33m.[39mtime
     [90m 187 |[39m           })
    [31m[1m>[22m[39m[90m 188 |[39m           
[33m.[39mexpect([35m201[39m)[33m;[39m
     [90m     |[39m            [31m[1m^[22m[39m
     [90m 189 |[39m
     [90m 190 |[39m         expect(response[33m.[39mbo
dy)[33m.[39mtoHaveProperty([32m'id'[39m)[33m;[39m
     [90m 191 |[39m         expect(response[33m.[39mbo
dy)[33m.[39mtoHaveProperty([32m'serviceName'[39m)[33m
;[39m[0m

      at Object.<anonymous> 
(tests/integration/booking.test.ts:188:12)
      ----
      at Test._assertStatus 
(node_modules/supertest/lib/test.js:252:14)
      at node_modules/supertest/lib/test.js:308:13
      at Test._assertFunction 
(node_modules/supertest/lib/test.js:285:13)
  console.log
    [getAvailableSlots] Date: 2025-03-01, Staff: undefined, Found 0 existing appointments

      at SchedulerServicePrisma.log [as getAvailableSlots] (src/services/schedulerPrisma.ts:204:17)

  console.log
    [slots] Returning 0 slots for 2025-03-01

      at log (src/routes/appointmentsPrisma.ts:46:21)

  console.log
    [slots] Request: date=2025-03-01, serviceId=1' OR '1'='1, staffId=undefined

      at log (src/routes/appointmentsPrisma.ts:27:21)

  console.log
    [getAvailableSlots] Date: 2025-03-01, Staff: undefined, Found 0 existing appointments

      at SchedulerServicePrisma.log [as getAvailableSlots] (src/services/schedulerPrisma.ts:204:17)

  console.log
    [slots] Returning 0 slots for 2025-03-01

      at log (src/routes/appointmentsPrisma.ts:46:21)

  console.log
    [slots] Request: date=2025-03-01, serviceId=1; SELECT * FROM staff; --, staffId=undefined

      at log (src/routes/appointmentsPrisma.ts:27:21)

  console.log
    [getAvailableSlots] Date: 2025-03-01, Staff: undefined, Found 0 existing appointments

      at SchedulerServicePrisma.log [as getAvailableSlots] (src/services/schedulerPrisma.ts:204:17)

  console.log
    [slots] Returning 0 slots for 2025-03-01

      at log (src/routes/appointmentsPrisma.ts:46:21)

  console.log
    [slots] Request: date=2025-03-01, serviceId=' UNION SELECT * FROM appointments --, staffId=undefined

      at log (src/routes/appointmentsPrisma.ts:27:21)

  console.log
    [getAvailableSlots] Date: 2025-03-01, Staff: undefined, Found 0 existing appointments

      at SchedulerServicePrisma.log [as getAvailableSlots] (src/services/schedulerPrisma.ts:204:17)

  console.log
    [slots] Returning 0 slots for 2025-03-01

      at log (src/routes/appointmentsPrisma.ts:46:21)

  console.log
    [slots] Request: date=2025-03-01, serviceId=1' AND 1=1 --, staffId=undefined

      at log (src/routes/appointmentsPrisma.ts:27:21)

  console.log
    [getAvailableSlots] Date: 2025-03-01, Staff: undefined, Found 0 existing appointments

      at SchedulerServicePrisma.log [as getAvailableSlots] (src/services/schedulerPrisma.ts:204:17)

  console.log
    [slots] Returning 0 slots for 2025-03-01

      at log (src/routes/appointmentsPrisma.ts:46:21)

      at Test.assert 
(node_modules/supertest/lib/test.js:164:23)
      at Server.localAssert 
(node_modules/supertest/lib/test.js:120:14)

  console.log
    [slots] Request: date=2025-03-01, serviceId=admin'--, staffId=undefined

      at log (src/routes/appointmentsPrisma.ts:27:21)

  console.log
    [getAvailableSlots] Date: 2025-03-01, Staff: undefined, Found 0 existing appointments

      at SchedulerServicePrisma.log [as getAvailableSlots] (src/services/schedulerPrisma.ts:204:17)

  console.log
    [slots] Returning 0 slots for 2025-03-01

      at log (src/routes/appointmentsPrisma.ts:46:21)

  console.log
    [slots] Request: date=2025-03-01, serviceId=' OR 1=1 #, staffId=undefined

      at log (src/routes/appointmentsPrisma.ts:27:21)

  console.log
    [getAvailableSlots] Date: 2025-03-01, Staff: undefined, Found 0 existing appointments

      at SchedulerServicePrisma.log [as getAvailableSlots] (src/services/schedulerPrisma.ts:204:17)

  console.log
    [slots] Returning 0 slots for 2025-03-01

      at log (src/routes/appointmentsPrisma.ts:46:21)

  console.log
    [slots] Request: date=2025-03-01, serviceId='; EXEC xp_cmdshell('dir'); --, staffId=undefined

      at log (src/routes/appointmentsPrisma.ts:27:21)

  console.log
    [getAvailableSlots] Date: 2025-03-01, Staff: undefined, Found 0 existing appointments

      at SchedulerServicePrisma.log [as getAvailableSlots] (src/services/schedulerPrisma.ts:204:17)

  console.log
    [slots] Returning 0 slots for 2025-03-01

      at log (src/routes/appointmentsPrisma.ts:46:21)

  console.log
    [slots] Request: date=2025-03-01, serviceId=1'; WAITFOR DELAY '0:0:10'; --, staffId=undefined

      at log (src/routes/appointmentsPrisma.ts:27:21)

  console.log
    [getAvailableSlots] Date: 2025-03-01, Staff: undefined, Found 0 existing appointments

      at SchedulerServicePrisma.log [as getAvailableSlots] (src/services/schedulerPrisma.ts:204:17)

  console.log
    [slots] Returning 0 slots for 2025-03-01

      at log (src/routes/appointmentsPrisma.ts:46:21)

  console.error
    Booking error: Error: Cannot book appointments in the past
        at SchedulerServicePrisma.bookAppointment (E:\ML\New AI Assistant\backend\src\services\schedulerPrisma.ts:288:19)
        at bookAppointment (E:\ML\New AI Assistant\backend\src\routes\appointmentsPrisma.ts:58:49)
        at Layer.handle [as handle_request] (E:\ML\New AI Assistant\backend\node_modules\express\lib\router\layer.js:95:5)
        at next (E:\ML\New AI Assistant\backend\node_modules\express\lib\router\route.js:149:13)
        at next (E:\ML\New AI Assistant\backend\src\middleware\validation.ts:77:5)
        at Layer.handle [as handle_request] (E:\ML\New AI Assistant\backend\node_modules\express\lib\router\layer.js:95:5)
        at next (E:\ML\New AI Assistant\backend\node_modules\express\lib\router\route.js:149:13)
        at Route.dispatch (E:\ML\New AI Assistant\backend\node_modules\express\lib\router\route.js:119:3)
        at Layer.handle [as handle_request] (E:\ML\New AI Assistant\backend\node_modules\express\lib\router\layer.js:95:5)
        at E:\ML\New AI Assistant\backend\node_modules\express\lib\router\index.js:284:15
        at router.process_params (E:\ML\New AI Assistant\backend\node_modules\express\lib\router\index.js:346:12)
        at next (E:\ML\New AI Assistant\backend\node_modules\express\lib\router\index.js:280:10)
        at router.handle (E:\ML\New AI Assistant\backend\node_modules\express\lib\router\index.js:175:3)
        at router (E:\ML\New AI Assistant\backend\node_modules\express\lib\router\index.js:47:12)
        at Layer.handle [as handle_request] (E:\ML\New AI Assistant\backend\node_modules\express\lib\router\layer.js:95:5)
        at trim_prefix (E:\ML\New AI Assistant\backend\node_modules\express\lib\router\index.js:328:13)
        at E:\ML\New AI Assistant\backend\node_modules\express\lib\router\index.js:286:9
        at router.process_params (E:\ML\New AI Assistant\backend\node_modules\express\lib\router\index.js:346:12)
        at next (E:\ML\New AI Assistant\backend\node_modules\express\lib\router\index.js:280:10)
        at E:\ML\New AI Assistant\backend\node_modules\body-parser\lib\read.js:137:5
        at AsyncResource.runInAsyncScope (node:async_hooks:214:14)
        at invokeCallback (E:\ML\New AI Assistant\backend\node_modules\raw-body\index.js:238:16)
        at done (E:\ML\New AI Assistant\backend\node_modules\raw-body\index.js:227:7)
        at IncomingMessage.onEnd (E:\ML\New AI Assistant\backend\node_modules\raw-body\index.js:287:7)
        at IncomingMessage.emit (node:events:508:28)
        at endReadableNT (node:internal/streams/readable:1701:12)
        at processTicksAndRejections (node:internal/process/task_queues:89:21)

    [0m [90m 68 |[39m             })[33m;[39m
     [90m 69 |[39m         } [36mcatch[39m (error) {
    [31m[1m>[22m[39m[90m 70 |[39m             console[33m.[39merror([32m'Booking error:'[39m[33m,[39m error)[33m;[39m
     [90m    |[39m                     [31m[1m^[22m[39m
     [90m 71 |[39m             [36mconst[39m message [33m=[39m error [36minstanceof[39m [33mError[39m [33m?[39m error[33m.[39mmessage [33m:[39m [32m'Failed to book appointment'[39m[33m;[39m
     [90m 72 |[39m             res[33m.[39mstatus([35m400[39m)[33m.[39mjson({ error[33m:[39m message })[33m;[39m
     [90m 73 |[39m         }[0m

      at error (src/routes/appointmentsPrisma.ts:70:21)

  console.error
    Booking error: Error: Cannot book appointments in the past
        at SchedulerServicePrisma.bookAppointment (E:\ML\New AI Assistant\backend\src\services\schedulerPrisma.ts:288:19)
        at bookAppointment (E:\ML\New AI Assistant\backend\src\routes\appointmentsPrisma.ts:58:49)
        at Layer.handle [as handle_request] (E:\ML\New AI Assistant\backend\node_modules\express\lib\router\layer.js:95:5)
        at next (E:\ML\New AI Assistant\backend\node_modules\express\lib\router\route.js:149:13)
        at next (E:\ML\New AI Assistant\backend\src\middleware\validation.ts:77:5)
        at Layer.handle [as handle_request] (E:\ML\New AI Assistant\backend\node_modules\express\lib\router\layer.js:95:5)
        at next (E:\ML\New AI Assistant\backend\node_modules\express\lib\router\route.js:149:13)
        at Route.dispatch (E:\ML\New AI Assistant\backend\node_modules\express\lib\router\route.js:119:3)
        at Layer.handle [as handle_request] (E:\ML\New AI Assistant\backend\node_modules\express\lib\router\layer.js:95:5)
        at E:\ML\New AI Assistant\backend\node_modules\express\lib\router\index.js:284:15
        at router.process_params (E:\ML\New AI Assistant\backend\node_modules\express\lib\router\index.js:346:12)
        at next (E:\ML\New AI Assistant\backend\node_modules\express\lib\router\index.js:280:10)
        at router.handle (E:\ML\New AI Assistant\backend\node_modules\express\lib\router\index.js:175:3)
        at router (E:\ML\New AI Assistant\backend\node_modules\express\lib\router\index.js:47:12)
        at Layer.handle [as handle_request] (E:\ML\New AI Assistant\backend\node_modules\express\lib\router\layer.js:95:5)
        at trim_prefix (E:\ML\New AI Assistant\backend\node_modules\express\lib\router\index.js:328:13)
        at E:\ML\New AI Assistant\backend\node_modules\express\lib\router\index.js:286:9
        at router.process_params (E:\ML\New AI Assistant\backend\node_modules\express\lib\router\index.js:346:12)
        at next (E:\ML\New AI Assistant\backend\node_modules\express\lib\router\index.js:280:10)
        at E:\ML\New AI Assistant\backend\node_modules\body-parser\lib\read.js:137:5
        at AsyncResource.runInAsyncScope (node:async_hooks:214:14)
        at invokeCallback (E:\ML\New AI Assistant\backend\node_modules\raw-body\index.js:238:16)
        at done (E:\ML\New AI Assistant\backend\node_modules\raw-body\index.js:227:7)
        at IncomingMessage.onEnd (E:\ML\New AI Assistant\backend\node_modules\raw-body\index.js:287:7)
        at IncomingMessage.emit (node:events:508:28)
        at endReadableNT (node:internal/streams/readable:1701:12)
        at processTicksAndRejections (node:internal/process/task_queues:89:21)

    [0m [90m 68 |[39m             })[33m;[39m
     [90m 69 |[39m         } [36mcatch[39m (error) {
    [31m[1m>[22m[39m[90m 70 |[39m             console[33m.[39merror([32m'Booking error:'[39m[33m,[39m error)[33m;[39m
     [90m    |[39m                     [31m[1m^[22m[39m
     [90m 71 |[39m             [36mconst[39m message [33m=[39m error [36minstanceof[39m [33mError[39m [33m?[39m error[33m.[39mmessage [33m:[39m [32m'Failed to book appointment'[39m[33m;[39m
     [90m 72 |[39m             res[33m.[39mstatus([35m400[39m)[33m.[39mjson({ error[33m:[39m message })[33m;[39m
     [90m 73 |[39m         }[0m

      at error (src/routes/appointmentsPrisma.ts:70:21)

  console.error
    Booking error: Error: Cannot book appointments in the past
        at SchedulerServicePrisma.bookAppointment (E:\ML\New AI Assistant\backend\src\services\schedulerPrisma.ts:288:19)
        at bookAppointment (E:\ML\New AI Assistant\backend\src\routes\appointmentsPrisma.ts:58:49)
        at Layer.handle [as handle_request] (E:\ML\New AI Assistant\backend\node_modules\express\lib\router\layer.js:95:5)
        at next (E:\ML\New AI Assistant\backend\node_modules\express\lib\router\route.js:149:13)
        at next (E:\ML\New AI Assistant\backend\src\middleware\validation.ts:77:5)
        at Layer.handle [as handle_request] (E:\ML\New AI Assistant\backend\node_modules\express\lib\router\layer.js:95:5)
        at next (E:\ML\New AI Assistant\backend\node_modules\express\lib\router\route.js:149:13)
        at Route.dispatch (E:\ML\New AI Assistant\backend\node_modules\express\lib\router\route.js:119:3)
        at Layer.handle [as handle_request] (E:\ML\New AI Assistant\backend\node_modules\express\lib\router\layer.js:95:5)
        at E:\ML\New AI Assistant\backend\node_modules\express\lib\router\index.js:284:15
        at router.process_params (E:\ML\New AI Assistant\backend\node_modules\express\lib\router\index.js:346:12)
        at next (E:\ML\New AI Assistant\backend\node_modules\express\lib\router\index.js:280:10)
        at router.handle (E:\ML\New AI Assistant\backend\node_modules\express\lib\router\index.js:175:3)
        at router (E:\ML\New AI Assistant\backend\node_modules\express\lib\router\index.js:47:12)
        at Layer.handle [as handle_request] (E:\ML\New AI Assistant\backend\node_modules\express\lib\router\layer.js:95:5)
        at trim_prefix (E:\ML\New AI Assistant\backend\node_modules\express\lib\router\index.js:328:13)
        at E:\ML\New AI Assistant\backend\node_modules\express\lib\router\index.js:286:9
        at router.process_params (E:\ML\New AI Assistant\backend\node_modules\express\lib\router\index.js:346:12)
        at next (E:\ML\New AI Assistant\backend\node_modules\express\lib\router\index.js:280:10)
        at E:\ML\New AI Assistant\backend\node_modules\body-parser\lib\read.js:137:5
        at AsyncResource.runInAsyncScope (node:async_hooks:214:14)
        at invokeCallback (E:\ML\New AI Assistant\backend\node_modules\raw-body\index.js:238:16)
        at done (E:\ML\New AI Assistant\backend\node_modules\raw-body\index.js:227:7)
        at IncomingMessage.onEnd (E:\ML\New AI Assistant\backend\node_modules\raw-body\index.js:287:7)
        at IncomingMessage.emit (node:events:508:28)
        at endReadableNT (node:internal/streams/readable:1701:12)
        at processTicksAndRejections (node:internal/process/task_queues:89:21)

    [0m [90m 68 |[39m             })[33m;[39m
     [90m 69 |[39m         } [36mcatch[39m (error) {
    [31m[1m>[22m[39m[90m 70 |[39m             console[33m.[39merror([32m'Booking error:'[39m[33m,[39m error)[33m;[39m
     [90m    |[39m                     [31m[1m^[22m[39m
     [90m 71 |[39m             [36mconst[39m message [33m=[39m error [36minstanceof[39m [33mError[39m [33m?[39m error[33m.[39mmessage [33m:[39m [32m'Failed to book appointment'[39m[33m;[39m
     [90m 72 |[39m             res[33m.[39mstatus([35m400[39m)[33m.[39mjson({ error[33m:[39m message })[33m;[39m
     [90m 73 |[39m         }[0m

      at error (src/routes/appointmentsPrisma.ts:70:21)

  console.error
    Booking error: Error: Cannot book appointments in the past
        at SchedulerServicePrisma.bookAppointment (E:\ML\New AI Assistant\backend\src\services\schedulerPrisma.ts:288:19)
        at bookAppointment (E:\ML\New AI Assistant\backend\src\routes\appointmentsPrisma.ts:58:49)
        at Layer.handle [as handle_request] (E:\ML\New AI Assistant\backend\node_modules\express\lib\router\layer.js:95:5)
        at next (E:\ML\New AI Assistant\backend\node_modules\express\lib\router\route.js:149:13)
        at next (E:\ML\New AI Assistant\backend\src\middleware\validation.ts:77:5)
        at Layer.handle [as handle_request] (E:\ML\New AI Assistant\backend\node_modules\express\lib\router\layer.js:95:5)
        at next (E:\ML\New AI Assistant\backend\node_modules\express\lib\router\route.js:149:13)
        at Route.dispatch (E:\ML\New AI Assistant\backend\node_modules\express\lib\router\route.js:119:3)
        at Layer.handle [as handle_request] (E:\ML\New AI Assistant\backend\node_modules\express\lib\router\layer.js:95:5)
        at E:\ML\New AI Assistant\backend\node_modules\express\lib\router\index.js:284:15
        at router.process_params (E:\ML\New AI Assistant\backend\node_modules\express\lib\router\index.js:346:12)
        at next (E:\ML\New AI Assistant\backend\node_modules\express\lib\router\index.js:280:10)
        at router.handle (E:\ML\New AI Assistant\backend\node_modules\express\lib\router\index.js:175:3)
        at router (E:\ML\New AI Assistant\backend\node_modules\express\lib\router\index.js:47:12)
        at Layer.handle [as handle_request] (E:\ML\New AI Assistant\backend\node_modules\express\lib\router\layer.js:95:5)
        at trim_prefix (E:\ML\New AI Assistant\backend\node_modules\express\lib\router\index.js:328:13)
        at E:\ML\New AI Assistant\backend\node_modules\express\lib\router\index.js:286:9
        at router.process_params (E:\ML\New AI Assistant\backend\node_modules\express\lib\router\index.js:346:12)
        at next (E:\ML\New AI Assistant\backend\node_modules\express\lib\router\index.js:280:10)
        at E:\ML\New AI Assistant\backend\node_modules\body-parser\lib\read.js:137:5
        at AsyncResource.runInAsyncScope (node:async_hooks:214:14)
        at invokeCallback (E:\ML\New AI Assistant\backend\node_modules\raw-body\index.js:238:16)
        at done (E:\ML\New AI Assistant\backend\node_modules\raw-body\index.js:227:7)
        at IncomingMessage.onEnd (E:\ML\New AI Assistant\backend\node_modules\raw-body\index.js:287:7)
        at IncomingMessage.emit (node:events:508:28)
        at endReadableNT (node:internal/streams/readable:1701:12)
        at processTicksAndRejections (node:internal/process/task_queues:89:21)

    [0m [90m 68 |[39m             })[33m;[39m
     [90m 69 |[39m         } [36mcatch[39m (error) {
    [31m[1m>[22m[39m[90m 70 |[39m             console[33m.[39merror([32m'Booking error:'[39m[33m,[39m error)[33m;[39m
     [90m    |[39m                     [31m[1m^[22m[39m
     [90m 71 |[39m             [36mconst[39m message [33m=[39m error [36minstanceof[39m [33mError[39m [33m?[39m error[33m.[39mmessage [33m:[39m [32m'Failed to book appointment'[39m[33m;[39m
     [90m 72 |[39m             res[33m.[39mstatus([35m400[39m)[33m.[39mjson({ error[33m:[39m message })[33m;[39m
     [90m 73 |[39m         }[0m

      at error (src/routes/appointmentsPrisma.ts:70:21)

  console.error
    Booking error: Error: Cannot book appointments in the past
        at SchedulerServicePrisma.bookAppointment (E:\ML\New AI Assistant\backend\src\services\schedulerPrisma.ts:288:19)
        at bookAppointment (E:\ML\New AI Assistant\backend\src\routes\appointmentsPrisma.ts:58:49)
        at Layer.handle [as handle_request] (E:\ML\New AI Assistant\backend\node_modules\express\lib\router\layer.js:95:5)
        at next (E:\ML\New AI Assistant\backend\node_modules\express\lib\router\route.js:149:13)
        at next (E:\ML\New AI Assistant\backend\src\middleware\validation.ts:77:5)
        at Layer.handle [as handle_request] (E:\ML\New AI Assistant\backend\node_modules\express\lib\router\layer.js:95:5)
        at next (E:\ML\New AI Assistant\backend\node_modules\express\lib\router\route.js:149:13)
        at Route.dispatch (E:\ML\New AI Assistant\backend\node_modules\express\lib\router\route.js:119:3)
        at Layer.handle [as handle_request] (E:\ML\New AI Assistant\backend\node_modules\express\lib\router\layer.js:95:5)
        at E:\ML\New AI Assistant\backend\node_modules\express\lib\router\index.js:284:15
        at router.process_params (E:\ML\New AI Assistant\backend\node_modules\express\lib\router\index.js:346:12)
        at next (E:\ML\New AI Assistant\backend\node_modules\express\lib\router\index.js:280:10)
        at router.handle (E:\ML\New AI Assistant\backend\node_modules\express\lib\router\index.js:175:3)
        at router (E:\ML\New AI Assistant\backend\node_modules\express\lib\router\index.js:47:12)
        at Layer.handle [as handle_request] (E:\ML\New AI Assistant\backend\node_modules\express\lib\router\layer.js:95:5)
        at trim_prefix (E:\ML\New AI Assistant\backend\node_modules\express\lib\router\index.js:328:13)
        at E:\ML\New AI Assistant\backend\node_modules\express\lib\router\index.js:286:9
        at router.process_params (E:\ML\New AI Assistant\backend\node_modules\express\lib\router\index.js:346:12)
        at next (E:\ML\New AI Assistant\backend\node_modules\express\lib\router\index.js:280:10)
        at E:\ML\New AI Assistant\backend\node_modules\body-parser\lib\read.js:137:5
        at AsyncResource.runInAsyncScope (node:async_hooks:214:14)
        at invokeCallback (E:\ML\New AI Assistant\backend\node_modules\raw-body\index.js:238:16)
        at done (E:\ML\New AI Assistant\backend\node_modules\raw-body\index.js:227:7)
        at IncomingMessage.onEnd (E:\ML\New AI Assistant\backend\node_modules\raw-body\index.js:287:7)
        at IncomingMessage.emit (node:events:508:28)
        at endReadableNT (node:internal/streams/readable:1701:12)
        at processTicksAndRejections (node:internal/process/task_queues:89:21)

    [0m [90m 68 |[39m             })[33m;[39m
     [90m 69 |[39m         } [36mcatch[39m (error) {
    [31m[1m>[22m[39m[90m 70 |[39m             console[33m.[39merror([32m'Booking error:'[39m[33m,[39m error)[33m;[39m
     [90m    |[39m                     [31m[1m^[22m[39m
     [90m 71 |[39m             [36mconst[39m message [33m=[39m error [36minstanceof[39m [33mError[39m [33m?[39m error[33m.[39mmessage [33m:[39m [32m'Failed to book appointment'[39m[33m;[39m
     [90m 72 |[39m             res[33m.[39mstatus([35m400[39m)[33m.[39mjson({ error[33m:[39m message })[33m;[39m
     [90m 73 |[39m         }[0m

      at error (src/routes/appointmentsPrisma.ts:70:21)

  console.error
    Booking error: Error: Cannot book appointments in the past
        at SchedulerServicePrisma.bookAppointment (E:\ML\New AI Assistant\backend\src\services\schedulerPrisma.ts:288:19)
        at bookAppointment (E:\ML\New AI Assistant\backend\src\routes\appointmentsPrisma.ts:58:49)
        at Layer.handle [as handle_request] (E:\ML\New AI Assistant\backend\node_modules\express\lib\router\layer.js:95:5)
        at next (E:\ML\New AI Assistant\backend\node_modules\express\lib\router\route.js:149:13)
        at next (E:\ML\New AI Assistant\backend\src\middleware\validation.ts:77:5)
        at Layer.handle [as handle_request] (E:\ML\New AI Assistant\backend\node_modules\express\lib\router\layer.js:95:5)
        at next (E:\ML\New AI Assistant\backend\node_modules\express\lib\router\route.js:149:13)
        at Route.dispatch (E:\ML\New AI Assistant\backend\node_modules\express\lib\router\route.js:119:3)
        at Layer.handle [as handle_request] (E:\ML\New AI Assistant\backend\node_modules\express\lib\router\layer.js:95:5)
        at E:\ML\New AI Assistant\backend\node_modules\express\lib\router\index.js:284:15
        at router.process_params (E:\ML\New AI Assistant\backend\node_modules\express\lib\router\index.js:346:12)
        at next (E:\ML\New AI Assistant\backend\node_modules\express\lib\router\index.js:280:10)
        at router.handle (E:\ML\New AI Assistant\backend\node_modules\express\lib\router\index.js:175:3)
        at router (E:\ML\New AI Assistant\backend\node_modules\express\lib\router\index.js:47:12)
        at Layer.handle [as handle_request] (E:\ML\New AI Assistant\backend\node_modules\express\lib\router\layer.js:95:5)
        at trim_prefix (E:\ML\New AI Assistant\backend\node_modules\express\lib\router\index.js:328:13)
        at E:\ML\New AI Assistant\backend\node_modules\express\lib\router\index.js:286:9
        at router.process_params (E:\ML\New AI Assistant\backend\node_modules\express\lib\router\index.js:346:12)
        at next (E:\ML\New AI Assistant\backend\node_modules\express\lib\router\index.js:280:10)
        at E:\ML\New AI Assistant\backend\node_modules\body-parser\lib\read.js:137:5
        at AsyncResource.runInAsyncScope (node:async_hooks:214:14)
        at invokeCallback (E:\ML\New AI Assistant\backend\node_modules\raw-body\index.js:238:16)
        at done (E:\ML\New AI Assistant\backend\node_modules\raw-body\index.js:227:7)
        at IncomingMessage.onEnd (E:\ML\New AI Assistant\backend\node_modules\raw-body\index.js:287:7)
        at IncomingMessage.emit (node:events:508:28)
        at endReadableNT (node:internal/streams/readable:1701:12)
        at processTicksAndRejections (node:internal/process/task_queues:89:21)

    [0m [90m 68 |[39m             })[33m;[39m
     [90m 69 |[39m         } [36mcatch[39m (error) {
    [31m[1m>[22m[39m[90m 70 |[39m             console[33m.[39merror([32m'Booking error:'[39m[33m,[39m error)[33m;[39m
     [90m    |[39m                     [31m[1m^[22m[39m
     [90m 71 |[39m             [36mconst[39m message [33m=[39m error [36minstanceof[39m [33mError[39m [33m?[39m error[33m.[39mmessage [33m:[39m [32m'Failed to book appointment'[39m[33m;[39m
     [90m 72 |[39m             res[33m.[39mstatus([35m400[39m)[33m.[39mjson({ error[33m:[39m message })[33m;[39m
     [90m 73 |[39m         }[0m

      at error (src/routes/appointmentsPrisma.ts:70:21)

  console.error
    Booking error: Error: Cannot book appointments in the past
        at SchedulerServicePrisma.bookAppointment (E:\ML\New AI Assistant\backend\src\services\schedulerPrisma.ts:288:19)
        at bookAppointment (E:\ML\New AI Assistant\backend\src\routes\appointmentsPrisma.ts:58:49)
        at Layer.handle [as handle_request] (E:\ML\New AI Assistant\backend\node_modules\express\lib\router\layer.js:95:5)
        at next (E:\ML\New AI Assistant\backend\node_modules\express\lib\router\route.js:149:13)
        at next (E:\ML\New AI Assistant\backend\src\middleware\validation.ts:77:5)
        at Layer.handle [as handle_request] (E:\ML\New AI Assistant\backend\node_modules\express\lib\router\layer.js:95:5)
        at next (E:\ML\New AI Assistant\backend\node_modules\express\lib\router\route.js:149:13)
        at Route.dispatch (E:\ML\New AI Assistant\backend\node_modules\express\lib\router\route.js:119:3)
        at Layer.handle [as handle_request] (E:\ML\New AI Assistant\backend\node_modules\express\lib\router\layer.js:95:5)
        at E:\ML\New AI Assistant\backend\node_modules\express\lib\router\index.js:284:15
        at router.process_params (E:\ML\New AI Assistant\backend\node_modules\express\lib\router\index.js:346:12)
        at next (E:\ML\New AI Assistant\backend\node_modules\express\lib\router\index.js:280:10)
        at router.handle (E:\ML\New AI Assistant\backend\node_modules\express\lib\router\index.js:175:3)
        at router (E:\ML\New AI Assistant\backend\node_modules\express\lib\router\index.js:47:12)
        at Layer.handle [as handle_request] (E:\ML\New AI Assistant\backend\node_modules\express\lib\router\layer.js:95:5)
        at trim_prefix (E:\ML\New AI Assistant\backend\node_modules\express\lib\router\index.js:328:13)
        at E:\ML\New AI Assistant\backend\node_modules\express\lib\router\index.js:286:9
        at router.process_params (E:\ML\New AI Assistant\backend\node_modules\express\lib\router\index.js:346:12)
        at next (E:\ML\New AI Assistant\backend\node_modules\express\lib\router\index.js:280:10)
        at E:\ML\New AI Assistant\backend\node_modules\body-parser\lib\read.js:137:5
        at AsyncResource.runInAsyncScope (node:async_hooks:214:14)
        at invokeCallback (E:\ML\New AI Assistant\backend\node_modules\raw-body\index.js:238:16)
        at done (E:\ML\New AI Assistant\backend\node_modules\raw-body\index.js:227:7)
        at IncomingMessage.onEnd (E:\ML\New AI Assistant\backend\node_modules\raw-body\index.js:287:7)
        at IncomingMessage.emit (node:events:508:28)
        at endReadableNT (node:internal/streams/readable:1701:12)
        at processTicksAndRejections (node:internal/process/task_queues:89:21)

    [0m [90m 68 |[39m             })[33m;[39m
     [90m 69 |[39m         } [36mcatch[39m (error) {
    [31m[1m>[22m[39m[90m 70 |[39m             console[33m.[39merror([32m'Booking error:'[39m[33m,[39m error)[33m;[39m
     [90m    |[39m                     [31m[1m^[22m[39m
     [90m 71 |[39m             [36mconst[39m message [33m=[39m error [36minstanceof[39m [33mError[39m [33m?[39m error[33m.[39mmessage [33m:[39m [32m'Failed to book appointment'[39m[33m;[39m
     [90m 72 |[39m             res[33m.[39mstatus([35m400[39m)[33m.[39mjson({ error[33m:[39m message })[33m;[39m
     [90m 73 |[39m         }[0m

      at error (src/routes/appointmentsPrisma.ts:70:21)

  console.error
    Booking error: Error: Cannot book appointments in the past
        at SchedulerServicePrisma.bookAppointment (E:\ML\New AI Assistant\backend\src\services\schedulerPrisma.ts:288:19)
        at bookAppointment (E:\ML\New AI Assistant\backend\src\routes\appointmentsPrisma.ts:58:49)
        at Layer.handle [as handle_request] (E:\ML\New AI Assistant\backend\node_modules\express\lib\router\layer.js:95:5)
        at next (E:\ML\New AI Assistant\backend\node_modules\express\lib\router\route.js:149:13)
        at next (E:\ML\New AI Assistant\backend\src\middleware\validation.ts:77:5)
        at Layer.handle [as handle_request] (E:\ML\New AI Assistant\backend\node_modules\express\lib\router\layer.js:95:5)
        at next (E:\ML\New AI Assistant\backend\node_modules\express\lib\router\route.js:149:13)
        at Route.dispatch (E:\ML\New AI Assistant\backend\node_modules\express\lib\router\route.js:119:3)
        at Layer.handle [as handle_request] (E:\ML\New AI Assistant\backend\node_modules\express\lib\router\layer.js:95:5)
        at E:\ML\New AI Assistant\backend\node_modules\express\lib\router\index.js:284:15
        at router.process_params (E:\ML\New AI Assistant\backend\node_modules\express\lib\router\index.js:346:12)
        at next (E:\ML\New AI Assistant\backend\node_modules\express\lib\router\index.js:280:10)
        at router.handle (E:\ML\New AI Assistant\backend\node_modules\express\lib\router\index.js:175:3)
        at router (E:\ML\New AI Assistant\backend\node_modules\express\lib\router\index.js:47:12)
        at Layer.handle [as handle_request] (E:\ML\New AI Assistant\backend\node_modules\express\lib\router\layer.js:95:5)
        at trim_prefix (E:\ML\New AI Assistant\backend\node_modules\express\lib\router\index.js:328:13)
        at E:\ML\New AI Assistant\backend\node_modules\express\lib\router\index.js:286:9
        at router.process_params (E:\ML\New AI Assistant\backend\node_modules\express\lib\router\index.js:346:12)
        at next (E:\ML\New AI Assistant\backend\node_modules\express\lib\router\index.js:280:10)
        at E:\ML\New AI Assistant\backend\node_modules\body-parser\lib\read.js:137:5
        at AsyncResource.runInAsyncScope (node:async_hooks:214:14)
        at invokeCallback (E:\ML\New AI Assistant\backend\node_modules\raw-body\index.js:238:16)
        at done (E:\ML\New AI Assistant\backend\node_modules\raw-body\index.js:227:7)
        at IncomingMessage.onEnd (E:\ML\New AI Assistant\backend\node_modules\raw-body\index.js:287:7)
        at IncomingMessage.emit (node:events:508:28)
        at endReadableNT (node:internal/streams/readable:1701:12)
        at processTicksAndRejections (node:internal/process/task_queues:89:21)

    [0m [90m 68 |[39m             })[33m;[39m
     [90m 69 |[39m         } [36mcatch[39m (error) {
    [31m[1m>[22m[39m[90m 70 |[39m             console[33m.[39merror([32m'Booking error:'[39m[33m,[39m error)[33m;[39m
     [90m    |[39m                     [31m[1m^[22m[39m
     [90m 71 |[39m             [36mconst[39m message [33m=[39m error [36minstanceof[39m [33mError[39m [33m?[39m error[33m.[39mmessage [33m:[39m [32m'Failed to book appointment'[39m[33m;[39m
     [90m 72 |[39m             res[33m.[39mstatus([35m400[39m)[33m.[39mjson({ error[33m:[39m message })[33m;[39m
     [90m 73 |[39m         }[0m

      at error (src/routes/appointmentsPrisma.ts:70:21)

  console.error
    Booking error: Error: Cannot book appointments in the past
        at SchedulerServicePrisma.bookAppointment (E:\ML\New AI Assistant\backend\src\services\schedulerPrisma.ts:288:19)
        at bookAppointment (E:\ML\New AI Assistant\backend\src\routes\appointmentsPrisma.ts:58:49)
        at Layer.handle [as handle_request] (E:\ML\New AI Assistant\backend\node_modules\express\lib\router\layer.js:95:5)
        at next (E:\ML\New AI Assistant\backend\node_modules\express\lib\router\route.js:149:13)
        at next (E:\ML\New AI Assistant\backend\src\middleware\validation.ts:77:5)
        at Layer.handle [as handle_request] (E:\ML\New AI Assistant\backend\node_modules\express\lib\router\layer.js:95:5)
        at next (E:\ML\New AI Assistant\backend\node_modules\express\lib\router\route.js:149:13)
        at Route.dispatch (E:\ML\New AI Assistant\backend\node_modules\express\lib\router\route.js:119:3)
        at Layer.handle [as handle_request] (E:\ML\New AI Assistant\backend\node_modules\express\lib\router\layer.js:95:5)
        at E:\ML\New AI Assistant\backend\node_modules\express\lib\router\index.js:284:15
        at router.process_params (E:\ML\New AI Assistant\backend\node_modules\express\lib\router\index.js:346:12)
        at next (E:\ML\New AI Assistant\backend\node_modules\express\lib\router\index.js:280:10)
        at router.handle (E:\ML\New AI Assistant\backend\node_modules\express\lib\router\index.js:175:3)
        at router (E:\ML\New AI Assistant\backend\node_modules\express\lib\router\index.js:47:12)
        at Layer.handle [as handle_request] (E:\ML\New AI Assistant\backend\node_modules\express\lib\router\layer.js:95:5)
        at trim_prefix (E:\ML\New AI Assistant\backend\node_modules\express\lib\router\index.js:328:13)
        at E:\ML\New AI Assistant\backend\node_modules\express\lib\router\index.js:286:9
        at router.process_params (E:\ML\New AI Assistant\backend\node_modules\express\lib\router\index.js:346:12)
        at next (E:\ML\New AI Assistant\backend\node_modules\express\lib\router\index.js:280:10)
        at E:\ML\New AI Assistant\backend\node_modules\body-parser\lib\read.js:137:5
        at AsyncResource.runInAsyncScope (node:async_hooks:214:14)
        at invokeCallback (E:\ML\New AI Assistant\backend\node_modules\raw-body\index.js:238:16)
        at done (E:\ML\New AI Assistant\backend\node_modules\raw-body\index.js:227:7)
        at IncomingMessage.onEnd (E:\ML\New AI Assistant\backend\node_modules\raw-body\index.js:287:7)
        at IncomingMessage.emit (node:events:508:28)
        at endReadableNT (node:internal/streams/readable:1701:12)
        at processTicksAndRejections (node:internal/process/task_queues:89:21)

    [0m [90m 68 |[39m             })[33m;[39m
     [90m 69 |[39m         } [36mcatch[39m (error) {
    [31m[1m>[22m[39m[90m 70 |[39m             console[33m.[39merror([32m'Booking error:'[39m[33m,[39m error)[33m;[39m
     [90m    |[39m                     [31m[1m^[22m[39m
     [90m 71 |[39m             [36mconst[39m message [33m=[39m error [36minstanceof[39m [33mError[39m [33m?[39m error[33m.[39mmessage [33m:[39m [32m'Failed to book appointment'[39m[33m;[39m
     [90m 72 |[39m             res[33m.[39mstatus([35m400[39m)[33m.[39mjson({ error[33m:[39m message })[33m;[39m
     [90m 73 |[39m         }[0m

      at error (src/routes/appointmentsPrisma.ts:70:21)

  console.error
    Booking error: Error: Cannot book appointments in the past
        at SchedulerServicePrisma.bookAppointment (E:\ML\New AI Assistant\backend\src\services\schedulerPrisma.ts:288:19)
        at bookAppointment (E:\ML\New AI Assistant\backend\src\routes\appointmentsPrisma.ts:58:49)
        at Layer.handle [as handle_request] (E:\ML\New AI Assistant\backend\node_modules\express\lib\router\layer.js:95:5)
        at next (E:\ML\New AI Assistant\backend\node_modules\express\lib\router\route.js:149:13)
        at next (E:\ML\New AI Assistant\backend\src\middleware\validation.ts:77:5)
        at Layer.handle [as handle_request] (E:\ML\New AI Assistant\backend\node_modules\express\lib\router\layer.js:95:5)
        at next (E:\ML\New AI Assistant\backend\node_modules\express\lib\router\route.js:149:13)
        at Route.dispatch (E:\ML\New AI Assistant\backend\node_modules\express\lib\router\route.js:119:3)
        at Layer.handle [as handle_request] (E:\ML\New AI Assistant\backend\node_modules\express\lib\router\layer.js:95:5)
        at E:\ML\New AI Assistant\backend\node_modules\express\lib\router\index.js:284:15
        at router.process_params (E:\ML\New AI Assistant\backend\node_modules\express\lib\router\index.js:346:12)
        at next (E:\ML\New AI Assistant\backend\node_modules\express\lib\router\index.js:280:10)
        at router.handle (E:\ML\New AI Assistant\backend\node_modules\express\lib\router\index.js:175:3)
        at router (E:\ML\New AI Assistant\backend\node_modules\express\lib\router\index.js:47:12)
        at Layer.handle [as handle_request] (E:\ML\New AI Assistant\backend\node_modules\express\lib\router\layer.js:95:5)
        at trim_prefix (E:\ML\New AI Assistant\backend\node_modules\express\lib\router\index.js:328:13)
        at E:\ML\New AI Assistant\backend\node_modules\express\lib\router\index.js:286:9
        at router.process_params (E:\ML\New AI Assistant\backend\node_modules\express\lib\router\index.js:346:12)
        at next (E:\ML\New AI Assistant\backend\node_modules\express\lib\router\index.js:280:10)
        at E:\ML\New AI Assistant\backend\node_modules\body-parser\lib\read.js:137:5
        at AsyncResource.runInAsyncScope (node:async_hooks:214:14)
        at invokeCallback (E:\ML\New AI Assistant\backend\node_modules\raw-body\index.js:238:16)
        at done (E:\ML\New AI Assistant\backend\node_modules\raw-body\index.js:227:7)
        at IncomingMessage.onEnd (E:\ML\New AI Assistant\backend\node_modules\raw-body\index.js:287:7)
        at IncomingMessage.emit (node:events:508:28)
        at endReadableNT (node:internal/streams/readable:1701:12)
        at processTicksAndRejections (node:internal/process/task_queues:89:21)

    [0m [90m 68 |[39m             })[33m;[39m
     [90m 69 |[39m         } [36mcatch[39m (error) {
    [31m[1m>[22m[39m[90m 70 |[39m             console[33m.[39merror([32m'Booking error:'[39m[33m,[39m error)[33m;[39m
     [90m    |[39m                     [31m[1m^[22m[39m
     [90m 71 |[39m             [36mconst[39m message [33m=[39m error [36minstanceof[39m [33mError[39m [33m?[39m error[33m.[39mmessage [33m:[39m [32m'Failed to book appointment'[39m[33m;[39m
     [90m 72 |[39m             res[33m.[39mstatus([35m400[39m)[33m.[39mjson({ error[33m:[39m message })[33m;[39m
     [90m 73 |[39m         }[0m

      at error (src/routes/appointmentsPrisma.ts:70:21)

  console.error
    Booking error: Error: Cannot book appointments in the past
        at SchedulerServicePrisma.bookAppointment (E:\ML\New AI Assistant\backend\src\services\schedulerPrisma.ts:288:19)
        at bookAppointment (E:\ML\New AI Assistant\backend\src\routes\appointmentsPrisma.ts:58:49)
        at Layer.handle [as handle_request] (E:\ML\New AI Assistant\backend\node_modules\express\lib\router\layer.js:95:5)
        at next (E:\ML\New AI Assistant\backend\node_modules\express\lib\router\route.js:149:13)
        at next (E:\ML\New AI Assistant\backend\src\middleware\validation.ts:77:5)
        at Layer.handle [as handle_request] (E:\ML\New AI Assistant\backend\node_modules\express\lib\router\layer.js:95:5)
        at next (E:\ML\New AI Assistant\backend\node_modules\express\lib\router\route.js:149:13)
        at Route.dispatch (E:\ML\New AI Assistant\backend\node_modules\express\lib\router\route.js:119:3)
        at Layer.handle [as handle_request] (E:\ML\New AI Assistant\backend\node_modules\express\lib\router\layer.js:95:5)
        at E:\ML\New AI Assistant\backend\node_modules\express\lib\router\index.js:284:15
        at router.process_params (E:\ML\New AI Assistant\backend\node_modules\express\lib\router\index.js:346:12)
        at next (E:\ML\New AI Assistant\backend\node_modules\express\lib\router\index.js:280:10)
        at router.handle (E:\ML\New AI Assistant\backend\node_modules\express\lib\router\index.js:175:3)
        at router (E:\ML\New AI Assistant\backend\node_modules\express\lib\router\index.js:47:12)
        at Layer.handle [as handle_request] (E:\ML\New AI Assistant\backend\node_modules\express\lib\router\layer.js:95:5)
        at trim_prefix (E:\ML\New AI Assistant\backend\node_modules\express\lib\router\index.js:328:13)
        at E:\ML\New AI Assistant\backend\node_modules\express\lib\router\index.js:286:9
        at router.process_params (E:\ML\New AI Assistant\backend\node_modules\express\lib\router\index.js:346:12)
        at next (E:\ML\New AI Assistant\backend\node_modules\express\lib\router\index.js:280:10)
        at E:\ML\New AI Assistant\backend\node_modules\body-parser\lib\read.js:137:5
        at AsyncResource.runInAsyncScope (node:async_hooks:214:14)
        at invokeCallback (E:\ML\New AI Assistant\backend\node_modules\raw-body\index.js:238:16)
        at done (E:\ML\New AI Assistant\backend\node_modules\raw-body\index.js:227:7)
        at IncomingMessage.onEnd (E:\ML\New AI Assistant\backend\node_modules\raw-body\index.js:287:7)
        at IncomingMessage.emit (node:events:508:28)
        at endReadableNT (node:internal/streams/readable:1701:12)
        at processTicksAndRejections (node:internal/process/task_queues:89:21)

    [0m [90m 68 |[39m             })[33m;[39m
     [90m 69 |[39m         } [36mcatch[39m (error) {
    [31m[1m>[22m[39m[90m 70 |[39m             console[33m.[39merror([32m'Booking error:'[39m[33m,[39m error)[33m;[39m
     [90m    |[39m                     [31m[1m^[22m[39m
     [90m 71 |[39m             [36mconst[39m message [33m=[39m error [36minstanceof[39m [33mError[39m [33m?[39m error[33m.[39mmessage [33m:[39m [32m'Failed to book appointment'[39m[33m;[39m
     [90m 72 |[39m             res[33m.[39mstatus([35m400[39m)[33m.[39mjson({ error[33m:[39m message })[33m;[39m
     [90m 73 |[39m         }[0m

      at error (src/routes/appointmentsPrisma.ts:70:21)

  console.error
    Booking error: Error: Cannot book appointments in the past
        at SchedulerServicePrisma.bookAppointment (E:\ML\New AI Assistant\backend\src\services\schedulerPrisma.ts:288:19)
        at bookAppointment (E:\ML\New AI Assistant\backend\src\routes\appointmentsPrisma.ts:58:49)
        at Layer.handle [as handle_request] (E:\ML\New AI Assistant\backend\node_modules\express\lib\router\layer.js:95:5)
        at next (E:\ML\New AI Assistant\backend\node_modules\express\lib\router\route.js:149:13)
        at next (E:\ML\New AI Assistant\backend\src\middleware\validation.ts:77:5)
        at Layer.handle [as handle_request] (E:\ML\New AI Assistant\backend\node_modules\express\lib\router\layer.js:95:5)
        at next (E:\ML\New AI Assistant\backend\node_modules\express\lib\router\route.js:149:13)
        at Route.dispatch (E:\ML\New AI Assistant\backend\node_modules\express\lib\router\route.js:119:3)
        at Layer.handle [as handle_request] (E:\ML\New AI Assistant\backend\node_modules\express\lib\router\layer.js:95:5)
        at E:\ML\New AI Assistant\backend\node_modules\express\lib\router\index.js:284:15
        at router.process_params (E:\ML\New AI Assistant\backend\node_modules\express\lib\router\index.js:346:12)
        at next (E:\ML\New AI Assistant\backend\node_modules\express\lib\router\index.js:280:10)
        at router.handle (E:\ML\New AI Assistant\backend\node_modules\express\lib\router\index.js:175:3)
        at router (E:\ML\New AI Assistant\backend\node_modules\express\lib\router\index.js:47:12)
        at Layer.handle [as handle_request] (E:\ML\New AI Assistant\backend\node_modules\express\lib\router\layer.js:95:5)
        at trim_prefix (E:\ML\New AI Assistant\backend\node_modules\express\lib\router\index.js:328:13)
        at E:\ML\New AI Assistant\backend\node_modules\express\lib\router\index.js:286:9
        at router.process_params (E:\ML\New AI Assistant\backend\node_modules\express\lib\router\index.js:346:12)
        at next (E:\ML\New AI Assistant\backend\node_modules\express\lib\router\index.js:280:10)
        at E:\ML\New AI Assistant\backend\node_modules\body-parser\lib\read.js:137:5
        at AsyncResource.runInAsyncScope (node:async_hooks:214:14)
        at invokeCallback (E:\ML\New AI Assistant\backend\node_modules\raw-body\index.js:238:16)
        at done (E:\ML\New AI Assistant\backend\node_modules\raw-body\index.js:227:7)
        at IncomingMessage.onEnd (E:\ML\New AI Assistant\backend\node_modules\raw-body\index.js:287:7)
        at IncomingMessage.emit (node:events:508:28)
        at endReadableNT (node:internal/streams/readable:1701:12)
        at processTicksAndRejections (node:internal/process/task_queues:89:21)

    [0m [90m 68 |[39m             })[33m;[39m
     [90m 69 |[39m         } [36mcatch[39m (error) {
    [31m[1m>[22m[39m[90m 70 |[39m             console[33m.[39merror([32m'Booking error:'[39m[33m,[39m error)[33m;[39m
     [90m    |[39m                     [31m[1m^[22m[39m
     [90m 71 |[39m             [36mconst[39m message [33m=[39m error [36minstanceof[39m [33mError[39m [33m?[39m error[33m.[39mmessage [33m:[39m [32m'Failed to book appointment'[39m[33m;[39m
     [90m 72 |[39m             res[33m.[39mstatus([35m400[39m)[33m.[39mjson({ error[33m:[39m message })[33m;[39m
     [90m 73 |[39m         }[0m

      at error (src/routes/appointmentsPrisma.ts:70:21)

  console.error
    Booking error: Error: Cannot book appointments in the past
        at SchedulerServicePrisma.bookAppointment (E:\ML\New AI Assistant\backend\src\services\schedulerPrisma.ts:288:19)
        at bookAppointment (E:\ML\New AI Assistant\backend\src\routes\appointmentsPrisma.ts:58:49)
        at Layer.handle [as handle_request] (E:\ML\New AI Assistant\backend\node_modules\express\lib\router\layer.js:95:5)
        at next (E:\ML\New AI Assistant\backend\node_modules\express\lib\router\route.js:149:13)
        at next (E:\ML\New AI Assistant\backend\src\middleware\validation.ts:77:5)
        at Layer.handle [as handle_request] (E:\ML\New AI Assistant\backend\node_modules\express\lib\router\layer.js:95:5)
        at next (E:\ML\New AI Assistant\backend\node_modules\express\lib\router\route.js:149:13)
        at Route.dispatch (E:\ML\New AI Assistant\backend\node_modules\express\lib\router\route.js:119:3)
        at Layer.handle [as handle_request] (E:\ML\New AI Assistant\backend\node_modules\express\lib\router\layer.js:95:5)
        at E:\ML\New AI Assistant\backend\node_modules\express\lib\router\index.js:284:15
        at router.process_params (E:\ML\New AI Assistant\backend\node_modules\express\lib\router\index.js:346:12)
        at next (E:\ML\New AI Assistant\backend\node_modules\express\lib\router\index.js:280:10)
        at router.handle (E:\ML\New AI Assistant\backend\node_modules\express\lib\router\index.js:175:3)
        at router (E:\ML\New AI Assistant\backend\node_modules\express\lib\router\index.js:47:12)
        at Layer.handle [as handle_request] (E:\ML\New AI Assistant\backend\node_modules\express\lib\router\layer.js:95:5)
        at trim_prefix (E:\ML\New AI Assistant\backend\node_modules\express\lib\router\index.js:328:13)
        at E:\ML\New AI Assistant\backend\node_modules\express\lib\router\index.js:286:9
        at router.process_params (E:\ML\New AI Assistant\backend\node_modules\express\lib\router\index.js:346:12)
        at next (E:\ML\New AI Assistant\backend\node_modules\express\lib\router\index.js:280:10)
        at E:\ML\New AI Assistant\backend\node_modules\body-parser\lib\read.js:137:5
        at AsyncResource.runInAsyncScope (node:async_hooks:214:14)
        at invokeCallback (E:\ML\New AI Assistant\backend\node_modules\raw-body\index.js:238:16)
        at done (E:\ML\New AI Assistant\backend\node_modules\raw-body\index.js:227:7)
        at IncomingMessage.onEnd (E:\ML\New AI Assistant\backend\node_modules\raw-body\index.js:287:7)
        at IncomingMessage.emit (node:events:508:28)
        at endReadableNT (node:internal/streams/readable:1701:12)
        at processTicksAndRejections (node:internal/process/task_queues:89:21)

    [0m [90m 68 |[39m             })[33m;[39m
     [90m 69 |[39m         } [36mcatch[39m (error) {
    [31m[1m>[22m[39m[90m 70 |[39m             console[33m.[39merror([32m'Booking error:'[39m[33m,[39m error)[33m;[39m
     [90m    |[39m                     [31m[1m^[22m[39m
     [90m 71 |[39m             [36mconst[39m message [33m=[39m error [36minstanceof[39m [33mError[39m [33m?[39m error[33m.[39mmessage [33m:[39m [32m'Failed to book appointment'[39m[33m;[39m
     [90m 72 |[39m             res[33m.[39mstatus([35m400[39m)[33m.[39mjson({ error[33m:[39m message })[33m;[39m
     [90m 73 |[39m         }[0m

      at error (src/routes/appointmentsPrisma.ts:70:21)

  console.error
    Booking error: Error: Cannot book appointments in the past
        at SchedulerServicePrisma.bookAppointment (E:\ML\New AI Assistant\backend\src\services\schedulerPrisma.ts:288:19)
        at bookAppointment (E:\ML\New AI Assistant\backend\src\routes\appointmentsPrisma.ts:58:49)
        at Layer.handle [as handle_request] (E:\ML\New AI Assistant\backend\node_modules\express\lib\router\layer.js:95:5)
        at next (E:\ML\New AI Assistant\backend\node_modules\express\lib\router\route.js:149:13)
        at next (E:\ML\New AI Assistant\backend\src\middleware\validation.ts:77:5)
        at Layer.handle [as handle_request] (E:\ML\New AI Assistant\backend\node_modules\express\lib\router\layer.js:95:5)
        at next (E:\ML\New AI Assistant\backend\node_modules\express\lib\router\route.js:149:13)
        at Route.dispatch (E:\ML\New AI Assistant\backend\node_modules\express\lib\router\route.js:119:3)
        at Layer.handle [as handle_request] (E:\ML\New AI Assistant\backend\node_modules\express\lib\router\layer.js:95:5)
        at E:\ML\New AI Assistant\backend\node_modules\express\lib\router\index.js:284:15
        at router.process_params (E:\ML\New AI Assistant\backend\node_modules\express\lib\router\index.js:346:12)
        at next (E:\ML\New AI Assistant\backend\node_modules\express\lib\router\index.js:280:10)
        at router.handle (E:\ML\New AI Assistant\backend\node_modules\express\lib\router\index.js:175:3)
        at router (E:\ML\New AI Assistant\backend\node_modules\express\lib\router\index.js:47:12)
        at Layer.handle [as handle_request] (E:\ML\New AI Assistant\backend\node_modules\express\lib\router\layer.js:95:5)
        at trim_prefix (E:\ML\New AI Assistant\backend\node_modules\express\lib\router\index.js:328:13)
        at E:\ML\New AI Assistant\backend\node_modules\express\lib\router\index.js:286:9
        at router.process_params (E:\ML\New AI Assistant\backend\node_modules\express\lib\router\index.js:346:12)
        at next (E:\ML\New AI Assistant\backend\node_modules\express\lib\router\index.js:280:10)
        at E:\ML\New AI Assistant\backend\node_modules\body-parser\lib\read.js:137:5
        at AsyncResource.runInAsyncScope (node:async_hooks:214:14)
        at invokeCallback (E:\ML\New AI Assistant\backend\node_modules\raw-body\index.js:238:16)
        at done (E:\ML\New AI Assistant\backend\node_modules\raw-body\index.js:227:7)
        at IncomingMessage.onEnd (E:\ML\New AI Assistant\backend\node_modules\raw-body\index.js:287:7)
        at IncomingMessage.emit (node:events:508:28)
        at endReadableNT (node:internal/streams/readable:1701:12)
        at processTicksAndRejections (node:internal/process/task_queues:89:21)

    [0m [90m 68 |[39m             })[33m;[39m
     [90m 69 |[39m         } [36mcatch[39m (error) {
    [31m[1m>[22m[39m[90m 70 |[39m             console[33m.[39merror([32m'Booking error:'[39m[33m,[39m error)[33m;[39m
     [90m    |[39m                     [31m[1m^[22m[39m
     [90m 71 |[39m             [36mconst[39m message [33m=[39m error [36minstanceof[39m [33mError[39m [33m?[39m error[33m.[39mmessage [33m:[39m [32m'Failed to book appointment'[39m[33m;[39m
     [90m 72 |[39m             res[33m.[39mstatus([35m400[39m)[33m.[39mjson({ error[33m:[39m message })[33m;[39m
     [90m 73 |[39m         }[0m

      at error (src/routes/appointmentsPrisma.ts:70:21)

  console.error
    Booking error: Error: Cannot book appointments in the past
        at SchedulerServicePrisma.bookAppointment (E:\ML\New AI Assistant\backend\src\services\schedulerPrisma.ts:288:19)
        at bookAppointment (E:\ML\New AI Assistant\backend\src\routes\appointmentsPrisma.ts:58:49)
        at Layer.handle [as handle_request] (E:\ML\New AI Assistant\backend\node_modules\express\lib\router\layer.js:95:5)
        at next (E:\ML\New AI Assistant\backend\node_modules\express\lib\router\route.js:149:13)
        at next (E:\ML\New AI Assistant\backend\src\middleware\validation.ts:77:5)
        at Layer.handle [as handle_request] (E:\ML\New AI Assistant\backend\node_modules\express\lib\router\layer.js:95:5)
        at next (E:\ML\New AI Assistant\backend\node_modules\express\lib\router\route.js:149:13)
        at Route.dispatch (E:\ML\New AI Assistant\backend\node_modules\express\lib\router\route.js:119:3)
        at Layer.handle [as handle_request] (E:\ML\New AI Assistant\backend\node_modules\express\lib\router\layer.js:95:5)
        at E:\ML\New AI Assistant\backend\node_modules\express\lib\router\index.js:284:15
        at router.process_params (E:\ML\New AI Assistant\backend\node_modules\express\lib\router\index.js:346:12)
        at next (E:\ML\New AI Assistant\backend\node_modules\express\lib\router\index.js:280:10)
        at router.handle (E:\ML\New AI Assistant\backend\node_modules\express\lib\router\index.js:175:3)
        at router (E:\ML\New AI Assistant\backend\node_modules\express\lib\router\index.js:47:12)
        at Layer.handle [as handle_request] (E:\ML\New AI Assistant\backend\node_modules\express\lib\router\layer.js:95:5)
        at trim_prefix (E:\ML\New AI Assistant\backend\node_modules\express\lib\router\index.js:328:13)
        at E:\ML\New AI Assistant\backend\node_modules\express\lib\router\index.js:286:9
        at router.process_params (E:\ML\New AI Assistant\backend\node_modules\express\lib\router\index.js:346:12)
        at next (E:\ML\New AI Assistant\backend\node_modules\express\lib\router\index.js:280:10)
        at E:\ML\New AI Assistant\backend\node_modules\body-parser\lib\read.js:137:5
        at AsyncResource.runInAsyncScope (node:async_hooks:214:14)
        at invokeCallback (E:\ML\New AI Assistant\backend\node_modules\raw-body\index.js:238:16)
        at done (E:\ML\New AI Assistant\backend\node_modules\raw-body\index.js:227:7)
        at IncomingMessage.onEnd (E:\ML\New AI Assistant\backend\node_modules\raw-body\index.js:287:7)
        at IncomingMessage.emit (node:events:508:28)
        at endReadableNT (node:internal/streams/readable:1701:12)
        at processTicksAndRejections (node:internal/process/task_queues:89:21)

    [0m [90m 68 |[39m             })[33m;[39m
     [90m 69 |[39m         } [36mcatch[39m (error) {
    [31m[1m>[22m[39m[90m 70 |[39m             console[33m.[39merror([32m'Booking error:'[39m[33m,[39m error)[33m;[39m
     [90m    |[39m                     [31m[1m^[22m[39m
     [90m 71 |[39m             [36mconst[39m message [33m=[39m error [36minstanceof[39m [33mError[39m [33m?[39m error[33m.[39mmessage [33m:[39m [32m'Failed to book appointment'[39m[33m;[39m
     [90m 72 |[39m             res[33m.[39mstatus([35m400[39m)[33m.[39mjson({ error[33m:[39m message })[33m;[39m
     [90m 73 |[39m         }[0m

      at error (src/routes/appointmentsPrisma.ts:70:21)

  console.error
    Booking error: Error: Cannot book appointments in the past
        at SchedulerServicePrisma.bookAppointment (E:\ML\New AI Assistant\backend\src\services\schedulerPrisma.ts:288:19)
        at bookAppointment (E:\ML\New AI Assistant\backend\src\routes\appointmentsPrisma.ts:58:49)
        at Layer.handle [as handle_request] (E:\ML\New AI Assistant\backend\node_modules\express\lib\router\layer.js:95:5)
        at next (E:\ML\New AI Assistant\backend\node_modules\express\lib\router\route.js:149:13)
        at next (E:\ML\New AI Assistant\backend\src\middleware\validation.ts:77:5)
        at Layer.handle [as handle_request] (E:\ML\New AI Assistant\backend\node_modules\express\lib\router\layer.js:95:5)
        at next (E:\ML\New AI Assistant\backend\node_modules\express\lib\router\route.js:149:13)
        at Route.dispatch (E:\ML\New AI Assistant\backend\node_modules\express\lib\router\route.js:119:3)
        at Layer.handle [as handle_request] (E:\ML\New AI Assistant\backend\node_modules\express\lib\router\layer.js:95:5)
        at E:\ML\New AI Assistant\backend\node_modules\express\lib\router\index.js:284:15
        at router.process_params (E:\ML\New AI Assistant\backend\node_modules\express\lib\router\index.js:346:12)
        at next (E:\ML\New AI Assistant\backend\node_modules\express\lib\router\index.js:280:10)
        at router.handle (E:\ML\New AI Assistant\backend\node_modules\express\lib\router\index.js:175:3)
        at router (E:\ML\New AI Assistant\backend\node_modules\express\lib\router\index.js:47:12)
        at Layer.handle [as handle_request] (E:\ML\New AI Assistant\backend\node_modules\express\lib\router\layer.js:95:5)
        at trim_prefix (E:\ML\New AI Assistant\backend\node_modules\express\lib\router\index.js:328:13)
        at E:\ML\New AI Assistant\backend\node_modules\express\lib\router\index.js:286:9
        at router.process_params (E:\ML\New AI Assistant\backend\node_modules\express\lib\router\index.js:346:12)
        at next (E:\ML\New AI Assistant\backend\node_modules\express\lib\router\index.js:280:10)
        at E:\ML\New AI Assistant\backend\node_modules\body-parser\lib\read.js:137:5
        at AsyncResource.runInAsyncScope (node:async_hooks:214:14)
        at invokeCallback (E:\ML\New AI Assistant\backend\node_modules\raw-body\index.js:238:16)
        at done (E:\ML\New AI Assistant\backend\node_modules\raw-body\index.js:227:7)
        at IncomingMessage.onEnd (E:\ML\New AI Assistant\backend\node_modules\raw-body\index.js:287:7)
        at IncomingMessage.emit (node:events:508:28)
        at endReadableNT (node:internal/streams/readable:1701:12)
        at processTicksAndRejections (node:internal/process/task_queues:89:21)

    [0m [90m 68 |[39m             })[33m;[39m
     [90m 69 |[39m         } [36mcatch[39m (error) {
    [31m[1m>[22m[39m[90m 70 |[39m             console[33m.[39merror([32m'Booking error:'[39m[33m,[39m error)[33m;[39m
     [90m    |[39m                     [31m[1m^[22m[39m
     [90m 71 |[39m             [36mconst[39m message [33m=[39m error [36minstanceof[39m [33mError[39m [33m?[39m error[33m.[39mmessage [33m:[39m [32m'Failed to book appointment'[39m[33m;[39m
     [90m 72 |[39m             res[33m.[39mstatus([35m400[39m)[33m.[39mjson({ error[33m:[39m message })[33m;[39m
     [90m 73 |[39m         }[0m

      at error (src/routes/appointmentsPrisma.ts:70:21)

  console.error
    Booking error: Error: Cannot book appointments in the past
        at SchedulerServicePrisma.bookAppointment (E:\ML\New AI Assistant\backend\src\services\schedulerPrisma.ts:288:19)
        at bookAppointment (E:\ML\New AI Assistant\backend\src\routes\appointmentsPrisma.ts:58:49)
        at Layer.handle [as handle_request] (E:\ML\New AI Assistant\backend\node_modules\express\lib\router\layer.js:95:5)
        at next (E:\ML\New AI Assistant\backend\node_modules\express\lib\router\route.js:149:13)
        at next (E:\ML\New AI Assistant\backend\src\middleware\validation.ts:77:5)
        at Layer.handle [as handle_request] (E:\ML\New AI Assistant\backend\node_modules\express\lib\router\layer.js:95:5)
        at next (E:\ML\New AI Assistant\backend\node_modules\express\lib\router\route.js:149:13)
        at Route.dispatch (E:\ML\New AI Assistant\backend\node_modules\express\lib\router\route.js:119:3)
        at Layer.handle [as handle_request] (E:\ML\New AI Assistant\backend\node_modules\express\lib\router\layer.js:95:5)
        at E:\ML\New AI Assistant\backend\node_modules\express\lib\router\index.js:284:15
        at router.process_params (E:\ML\New AI Assistant\backend\node_modules\express\lib\router\index.js:346:12)
        at next (E:\ML\New AI Assistant\backend\node_modules\express\lib\router\index.js:280:10)
        at router.handle (E:\ML\New AI Assistant\backend\node_modules\express\lib\router\index.js:175:3)
        at router (E:\ML\New AI Assistant\backend\node_modules\express\lib\router\index.js:47:12)
        at Layer.handle [as handle_request] (E:\ML\New AI Assistant\backend\node_modules\express\lib\router\layer.js:95:5)
        at trim_prefix (E:\ML\New AI Assistant\backend\node_modules\express\lib\router\index.js:328:13)
        at E:\ML\New AI Assistant\backend\node_modules\express\lib\router\index.js:286:9
        at router.process_params (E:\ML\New AI Assistant\backend\node_modules\express\lib\router\index.js:346:12)
        at next (E:\ML\New AI Assistant\backend\node_modules\express\lib\router\index.js:280:10)
        at E:\ML\New AI Assistant\backend\node_modules\body-parser\lib\read.js:137:5
        at AsyncResource.runInAsyncScope (node:async_hooks:214:14)
        at invokeCallback (E:\ML\New AI Assistant\backend\node_modules\raw-body\index.js:238:16)
        at done (E:\ML\New AI Assistant\backend\node_modules\raw-body\index.js:227:7)
        at IncomingMessage.onEnd (E:\ML\New AI Assistant\backend\node_modules\raw-body\index.js:287:7)
        at IncomingMessage.emit (node:events:508:28)
        at endReadableNT (node:internal/streams/readable:1701:12)
        at processTicksAndRejections (node:internal/process/task_queues:89:21)

    [0m [90m 68 |[39m             })[33m;[39m
     [90m 69 |[39m         } [36mcatch[39m (error) {
    [31m[1m>[22m[39m[90m 70 |[39m             console[33m.[39merror([32m'Booking error:'[39m[33m,[39m error)[33m;[39m
     [90m    |[39m                     [31m[1m^[22m[39m
     [90m 71 |[39m             [36mconst[39m message [33m=[39m error [36minstanceof[39m [33mError[39m [33m?[39m error[33m.[39mmessage [33m:[39m [32m'Failed to book appointment'[39m[33m;[39m
     [90m 72 |[39m             res[33m.[39mstatus([35m400[39m)[33m.[39mjson({ error[33m:[39m message })[33m;[39m
     [90m 73 |[39m         }[0m

      at error (src/routes/appointmentsPrisma.ts:70:21)

  console.error
    Booking error: Error: Cannot book appointments in the past
        at SchedulerServicePrisma.bookAppointment (E:\ML\New AI Assistant\backend\src\services\schedulerPrisma.ts:288:19)
        at bookAppointment (E:\ML\New AI Assistant\backend\src\routes\appointmentsPrisma.ts:58:49)
        at Layer.handle [as handle_request] (E:\ML\New AI Assistant\backend\node_modules\express\lib\router\layer.js:95:5)
        at next (E:\ML\New AI Assistant\backend\node_modules\express\lib\router\route.js:149:13)
        at next (E:\ML\New AI Assistant\backend\src\middleware\validation.ts:77:5)
        at Layer.handle [as handle_request] (E:\ML\New AI Assistant\backend\node_modules\express\lib\router\layer.js:95:5)
        at next (E:\ML\New AI Assistant\backend\node_modules\express\lib\router\route.js:149:13)
        at Route.dispatch (E:\ML\New AI Assistant\backend\node_modules\express\lib\router\route.js:119:3)
        at Layer.handle [as handle_request] (E:\ML\New AI Assistant\backend\node_modules\express\lib\router\layer.js:95:5)
        at E:\ML\New AI Assistant\backend\node_modules\express\lib\router\index.js:284:15
        at router.process_params (E:\ML\New AI Assistant\backend\node_modules\express\lib\router\index.js:346:12)
        at next (E:\ML\New AI Assistant\backend\node_modules\express\lib\router\index.js:280:10)
        at router.handle (E:\ML\New AI Assistant\backend\node_modules\express\lib\router\index.js:175:3)
        at router (E:\ML\New AI Assistant\backend\node_modules\express\lib\router\index.js:47:12)
        at Layer.handle [as handle_request] (E:\ML\New AI Assistant\backend\node_modules\express\lib\router\layer.js:95:5)
        at trim_prefix (E:\ML\New AI Assistant\backend\node_modules\express\lib\router\index.js:328:13)
        at E:\ML\New AI Assistant\backend\node_modules\express\lib\router\index.js:286:9
        at router.process_params (E:\ML\New AI Assistant\backend\node_modules\express\lib\router\index.js:346:12)
        at next (E:\ML\New AI Assistant\backend\node_modules\express\lib\router\index.js:280:10)
        at E:\ML\New AI Assistant\backend\node_modules\body-parser\lib\read.js:137:5
        at AsyncResource.runInAsyncScope (node:async_hooks:214:14)
        at invokeCallback (E:\ML\New AI Assistant\backend\node_modules\raw-body\index.js:238:16)
        at done (E:\ML\New AI Assistant\backend\node_modules\raw-body\index.js:227:7)
        at IncomingMessage.onEnd (E:\ML\New AI Assistant\backend\node_modules\raw-body\index.js:287:7)
        at IncomingMessage.emit (node:events:508:28)
        at endReadableNT (node:internal/streams/readable:1701:12)
        at processTicksAndRejections (node:internal/process/task_queues:89:21)

    [0m [90m 68 |[39m             })[33m;[39m
     [90m 69 |[39m         } [36mcatch[39m (error) {
    [31m[1m>[22m[39m[90m 70 |[39m             console[33m.[39merror([32m'Booking error:'[39m[33m,[39m error)[33m;[39m
     [90m    |[39m                     [31m[1m^[22m[39m
     [90m 71 |[39m             [36mconst[39m message [33m=[39m error [36minstanceof[39m [33mError[39m [33m?[39m error[33m.[39mmessage [33m:[39m [32m'Failed to book appointment'[39m[33m;[39m
     [90m 72 |[39m             res[33m.[39mstatus([35m400[39m)[33m.[39mjson({ error[33m:[39m message })[33m;[39m
     [90m 73 |[39m         }[0m

      at error (src/routes/appointmentsPrisma.ts:70:21)

  console.error
    Booking error: Error: Cannot book appointments in the past
        at SchedulerServicePrisma.bookAppointment (E:\ML\New AI Assistant\backend\src\services\schedulerPrisma.ts:288:19)
        at bookAppointment (E:\ML\New AI Assistant\backend\src\routes\appointmentsPrisma.ts:58:49)
        at Layer.handle [as handle_request] (E:\ML\New AI Assistant\backend\node_modules\express\lib\router\layer.js:95:5)
        at next (E:\ML\New AI Assistant\backend\node_modules\express\lib\router\route.js:149:13)
        at next (E:\ML\New AI Assistant\backend\src\middleware\validation.ts:77:5)
        at Layer.handle [as handle_request] (E:\ML\New AI Assistant\backend\node_modules\express\lib\router\layer.js:95:5)
        at next (E:\ML\New AI Assistant\backend\node_modules\express\lib\router\route.js:149:13)
        at Route.dispatch (E:\ML\New AI Assistant\backend\node_modules\express\lib\router\route.js:119:3)
        at Layer.handle [as handle_request] (E:\ML\New AI Assistant\backend\node_modules\express\lib\router\layer.js:95:5)
        at E:\ML\New AI Assistant\backend\node_modules\express\lib\router\index.js:284:15
        at router.process_params (E:\ML\New AI Assistant\backend\node_modules\express\lib\router\index.js:346:12)
        at next (E:\ML\New AI Assistant\backend\node_modules\express\lib\router\index.js:280:10)
        at router.handle (E:\ML\New AI Assistant\backend\node_modules\express\lib\router\index.js:175:3)
        at router (E:\ML\New AI Assistant\backend\node_modules\express\lib\router\index.js:47:12)
        at Layer.handle [as handle_request] (E:\ML\New AI Assistant\backend\node_modules\express\lib\router\layer.js:95:5)
        at trim_prefix (E:\ML\New AI Assistant\backend\node_modules\express\lib\router\index.js:328:13)
        at E:\ML\New AI Assistant\backend\node_modules\express\lib\router\index.js:286:9
        at router.process_params (E:\ML\New AI Assistant\backend\node_modules\express\lib\router\index.js:346:12)
        at next (E:\ML\New AI Assistant\backend\node_modules\express\lib\router\index.js:280:10)
        at E:\ML\New AI Assistant\backend\node_modules\body-parser\lib\read.js:137:5
        at AsyncResource.runInAsyncScope (node:async_hooks:214:14)
        at invokeCallback (E:\ML\New AI Assistant\backend\node_modules\raw-body\index.js:238:16)
        at done (E:\ML\New AI Assistant\backend\node_modules\raw-body\index.js:227:7)
        at IncomingMessage.onEnd (E:\ML\New AI Assistant\backend\node_modules\raw-body\index.js:287:7)
        at IncomingMessage.emit (node:events:508:28)
        at endReadableNT (node:internal/streams/readable:1701:12)
        at processTicksAndRejections (node:internal/process/task_queues:89:21)

    [0m [90m 68 |[39m             })[33m;[39m
     [90m 69 |[39m         } [36mcatch[39m (error) {
    [31m[1m>[22m[39m[90m 70 |[39m             console[33m.[39merror([32m'Booking error:'[39m[33m,[39m error)[33m;[39m
     [90m    |[39m                     [31m[1m^[22m[39m
     [90m 71 |[39m             [36mconst[39m message [33m=[39m error [36minstanceof[39m [33mError[39m [33m?[39m error[33m.[39mmessage [33m:[39m [32m'Failed to book appointment'[39m[33m;[39m
     [90m 72 |[39m             res[33m.[39mstatus([35m400[39m)[33m.[39mjson({ error[33m:[39m message })[33m;[39m
     [90m 73 |[39m         }[0m

      at error (src/routes/appointmentsPrisma.ts:70:21)

  console.error
    Booking error: Error: Cannot book appointments in the past
        at SchedulerServicePrisma.bookAppointment (E:\ML\New AI Assistant\backend\src\services\schedulerPrisma.ts:288:19)
        at bookAppointment (E:\ML\New AI Assistant\backend\src\routes\appointmentsPrisma.ts:58:49)
        at Layer.handle [as handle_request] (E:\ML\New AI Assistant\backend\node_modules\express\lib\router\layer.js:95:5)
        at next (E:\ML\New AI Assistant\backend\node_modules\express\lib\router\route.js:149:13)
        at next (E:\ML\New AI Assistant\backend\src\middleware\validation.ts:77:5)
        at Layer.handle [as handle_request] (E:\ML\New AI Assistant\backend\node_modules\express\lib\router\layer.js:95:5)
        at next (E:\ML\New AI Assistant\backend\node_modules\express\lib\router\route.js:149:13)
        at Route.dispatch (E:\ML\New AI Assistant\backend\node_modules\express\lib\router\route.js:119:3)
        at Layer.handle [as handle_request] (E:\ML\New AI Assistant\backend\node_modules\express\lib\router\layer.js:95:5)
        at E:\ML\New AI Assistant\backend\node_modules\express\lib\router\index.js:284:15
        at router.process_params (E:\ML\New AI Assistant\backend\node_modules\express\lib\router\index.js:346:12)
        at next (E:\ML\New AI Assistant\backend\node_modules\express\lib\router\index.js:280:10)
        at router.handle (E:\ML\New AI Assistant\backend\node_modules\express\lib\router\index.js:175:3)
        at router (E:\ML\New AI Assistant\backend\node_modules\express\lib\router\index.js:47:12)
        at Layer.handle [as handle_request] (E:\ML\New AI Assistant\backend\node_modules\express\lib\router\layer.js:95:5)
        at trim_prefix (E:\ML\New AI Assistant\backend\node_modules\express\lib\router\index.js:328:13)
        at E:\ML\New AI Assistant\backend\node_modules\express\lib\router\index.js:286:9
        at router.process_params (E:\ML\New AI Assistant\backend\node_modules\express\lib\router\index.js:346:12)
        at next (E:\ML\New AI Assistant\backend\node_modules\express\lib\router\index.js:280:10)
        at E:\ML\New AI Assistant\backend\node_modules\body-parser\lib\read.js:137:5
        at AsyncResource.runInAsyncScope (node:async_hooks:214:14)
        at invokeCallback (E:\ML\New AI Assistant\backend\node_modules\raw-body\index.js:238:16)
        at done (E:\ML\New AI Assistant\backend\node_modules\raw-body\index.js:227:7)
        at IncomingMessage.onEnd (E:\ML\New AI Assistant\backend\node_modules\raw-body\index.js:287:7)
        at IncomingMessage.emit (node:events:508:28)
        at endReadableNT (node:internal/streams/readable:1701:12)
        at processTicksAndRejections (node:internal/process/task_queues:89:21)

    [0m [90m 68 |[39m             })[33m;[39m
     [90m 69 |[39m         } [36mcatch[39m (error) {
    [31m[1m>[22m[39m[90m 70 |[39m             console[33m.[39merror([32m'Booking error:'[39m[33m,[39m error)[33m;[39m
     [90m    |[39m                     [31m[1m^[22m[39m
     [90m 71 |[39m             [36mconst[39m message [33m=[39m error [36minstanceof[39m [33mError[39m [33m?[39m error[33m.[39mmessage [33m:[39m [32m'Failed to book appointment'[39m[33m;[39m
     [90m 72 |[39m             res[33m.[39mstatus([35m400[39m)[33m.[39mjson({ error[33m:[39m message })[33m;[39m
     [90m 73 |[39m         }[0m

      at error (src/routes/appointmentsPrisma.ts:70:21)

  console.error
    Booking error: Error: Cannot book appointments in the past
        at SchedulerServicePrisma.bookAppointment (E:\ML\New AI Assistant\backend\src\services\schedulerPrisma.ts:288:19)
        at bookAppointment (E:\ML\New AI Assistant\backend\src\routes\appointmentsPrisma.ts:58:49)
        at Layer.handle [as handle_request] (E:\ML\New AI Assistant\backend\node_modules\express\lib\router\layer.js:95:5)
        at next (E:\ML\New AI Assistant\backend\node_modules\express\lib\router\route.js:149:13)
        at next (E:\ML\New AI Assistant\backend\src\middleware\validation.ts:77:5)
        at Layer.handle [as handle_request] (E:\ML\New AI Assistant\backend\node_modules\express\lib\router\layer.js:95:5)
        at next (E:\ML\New AI Assistant\backend\node_modules\express\lib\router\route.js:149:13)
        at Route.dispatch (E:\ML\New AI Assistant\backend\node_modules\express\lib\router\route.js:119:3)
        at Layer.handle [as handle_request] (E:\ML\New AI Assistant\backend\node_modules\express\lib\router\layer.js:95:5)
        at E:\ML\New AI Assistant\backend\node_modules\express\lib\router\index.js:284:15
        at router.process_params (E:\ML\New AI Assistant\backend\node_modules\express\lib\router\index.js:346:12)
        at next (E:\ML\New AI Assistant\backend\node_modules\express\lib\router\index.js:280:10)
        at router.handle (E:\ML\New AI Assistant\backend\node_modules\express\lib\router\index.js:175:3)
        at router (E:\ML\New AI Assistant\backend\node_modules\express\lib\router\index.js:47:12)
        at Layer.handle [as handle_request] (E:\ML\New AI Assistant\backend\node_modules\express\lib\router\layer.js:95:5)
        at trim_prefix (E:\ML\New AI Assistant\backend\node_modules\express\lib\router\index.js:328:13)
        at E:\ML\New AI Assistant\backend\node_modules\express\lib\router\index.js:286:9
        at router.process_params (E:\ML\New AI Assistant\backend\node_modules\express\lib\router\index.js:346:12)
        at next (E:\ML\New AI Assistant\backend\node_modules\express\lib\router\index.js:280:10)
        at E:\ML\New AI Assistant\backend\node_modules\body-parser\lib\read.js:137:5
        at AsyncResource.runInAsyncScope (node:async_hooks:214:14)
        at invokeCallback (E:\ML\New AI Assistant\backend\node_modules\raw-body\index.js:238:16)
        at done (E:\ML\New AI Assistant\backend\node_modules\raw-body\index.js:227:7)
        at IncomingMessage.onEnd (E:\ML\New AI Assistant\backend\node_modules\raw-body\index.js:287:7)
        at IncomingMessage.emit (node:events:508:28)
        at endReadableNT (node:internal/streams/readable:1701:12)
        at processTicksAndRejections (node:internal/process/task_queues:89:21)

    [0m [90m 68 |[39m             })[33m;[39m
     [90m 69 |[39m         } [36mcatch[39m (error) {
    [31m[1m>[22m[39m[90m 70 |[39m             console[33m.[39merror([32m'Booking error:'[39m[33m,[39m error)[33m;[39m
     [90m    |[39m                     [31m[1m^[22m[39m
     [90m 71 |[39m             [36mconst[39m message [33m=[39m error [36minstanceof[39m [33mError[39m [33m?[39m error[33m.[39mmessage [33m:[39m [32m'Failed to book appointment'[39m[33m;[39m
     [90m 72 |[39m             res[33m.[39mstatus([35m400[39m)[33m.[39mjson({ error[33m:[39m message })[33m;[39m
     [90m 73 |[39m         }[0m

      at error (src/routes/appointmentsPrisma.ts:70:21)

  console.error
    Booking error: Error: Phone number must start with country code (e.g., +1, +92)
        at SchedulerServicePrisma.bookAppointment (E:\ML\New AI Assistant\backend\src\services\schedulerPrisma.ts:280:19)
        at bookAppointment (E:\ML\New AI Assistant\backend\src\routes\appointmentsPrisma.ts:58:49)
        at Layer.handle [as handle_request] (E:\ML\New AI Assistant\backend\node_modules\express\lib\router\layer.js:95:5)
        at next (E:\ML\New AI Assistant\backend\node_modules\express\lib\router\route.js:149:13)
        at next (E:\ML\New AI Assistant\backend\src\middleware\validation.ts:77:5)
        at Layer.handle [as handle_request] (E:\ML\New AI Assistant\backend\node_modules\express\lib\router\layer.js:95:5)
        at next (E:\ML\New AI Assistant\backend\node_modules\express\lib\router\route.js:149:13)
        at Route.dispatch (E:\ML\New AI Assistant\backend\node_modules\express\lib\router\route.js:119:3)
        at Layer.handle [as handle_request] (E:\ML\New AI Assistant\backend\node_modules\express\lib\router\layer.js:95:5)
        at E:\ML\New AI Assistant\backend\node_modules\express\lib\router\index.js:284:15
        at router.process_params (E:\ML\New AI Assistant\backend\node_modules\express\lib\router\index.js:346:12)
        at next (E:\ML\New AI Assistant\backend\node_modules\express\lib\router\index.js:280:10)
        at router.handle (E:\ML\New AI Assistant\backend\node_modules\express\lib\router\index.js:175:3)
        at router (E:\ML\New AI Assistant\backend\node_modules\express\lib\router\index.js:47:12)
        at Layer.handle [as handle_request] (E:\ML\New AI Assistant\backend\node_modules\express\lib\router\layer.js:95:5)
        at trim_prefix (E:\ML\New AI Assistant\backend\node_modules\express\lib\router\index.js:328:13)
        at E:\ML\New AI Assistant\backend\node_modules\express\lib\router\index.js:286:9
        at router.process_params (E:\ML\New AI Assistant\backend\node_modules\express\lib\router\index.js:346:12)
        at next (E:\ML\New AI Assistant\backend\node_modules\express\lib\router\index.js:280:10)
        at E:\ML\New AI Assistant\backend\node_modules\body-parser\lib\read.js:137:5
        at AsyncResource.runInAsyncScope (node:async_hooks:214:14)
        at invokeCallback (E:\ML\New AI Assistant\backend\node_modules\raw-body\index.js:238:16)
        at done (E:\ML\New AI Assistant\backend\node_modules\raw-body\index.js:227:7)
        at IncomingMessage.onEnd (E:\ML\New AI Assistant\backend\node_modules\raw-body\index.js:287:7)
        at IncomingMessage.emit (node:events:508:28)
        at endReadableNT (node:internal/streams/readable:1701:12)
        at processTicksAndRejections (node:internal/process/task_queues:89:21)

    [0m [90m 68 |[39m             })[33m;[39m
     [90m 69 |[39m         } [36mcatch[39m (error) {
    [31m[1m>[22m[39m[90m 70 |[39m             console[33m.[39merror([32m'Booking error:'[39m[33m,[39m error)[33m;[39m
     [90m    |[39m                     [31m[1m^[22m[39m
     [90m 71 |[39m             [36mconst[39m message [33m=[39m error [36minstanceof[39m [33mError[39m [33m?[39m error[33m.[39mmessage [33m:[39m [32m'Failed to book appointment'[39m[33m;[39m
     [90m 72 |[39m             res[33m.[39mstatus([35m400[39m)[33m.[39mjson({ error[33m:[39m message })[33m;[39m
     [90m 73 |[39m         }[0m

      at error (src/routes/appointmentsPrisma.ts:70:21)

  console.error
    Booking error: Error: Cannot book appointments in the past
        at SchedulerServicePrisma.bookAppointment (E:\ML\New AI Assistant\backend\src\services\schedulerPrisma.ts:288:19)
        at bookAppointment (E:\ML\New AI Assistant\backend\src\routes\appointmentsPrisma.ts:58:49)
        at Layer.handle [as handle_request] (E:\ML\New AI Assistant\backend\node_modules\express\lib\router\layer.js:95:5)
        at next (E:\ML\New AI Assistant\backend\node_modules\express\lib\router\route.js:149:13)
        at next (E:\ML\New AI Assistant\backend\src\middleware\validation.ts:77:5)
        at Layer.handle [as handle_request] (E:\ML\New AI Assistant\backend\node_modules\express\lib\router\layer.js:95:5)
        at next (E:\ML\New AI Assistant\backend\node_modules\express\lib\router\route.js:149:13)
        at Route.dispatch (E:\ML\New AI Assistant\backend\node_modules\express\lib\router\route.js:119:3)
        at Layer.handle [as handle_request] (E:\ML\New AI Assistant\backend\node_modules\express\lib\router\layer.js:95:5)
        at E:\ML\New AI Assistant\backend\node_modules\express\lib\router\index.js:284:15
        at router.process_params (E:\ML\New AI Assistant\backend\node_modules\express\lib\router\index.js:346:12)
        at next (E:\ML\New AI Assistant\backend\node_modules\express\lib\router\index.js:280:10)
        at router.handle (E:\ML\New AI Assistant\backend\node_modules\express\lib\router\index.js:175:3)
        at router (E:\ML\New AI Assistant\backend\node_modules\express\lib\router\index.js:47:12)
        at Layer.handle [as handle_request] (E:\ML\New AI Assistant\backend\node_modules\express\lib\router\layer.js:95:5)
        at trim_prefix (E:\ML\New AI Assistant\backend\node_modules\express\lib\router\index.js:328:13)
        at E:\ML\New AI Assistant\backend\node_modules\express\lib\router\index.js:286:9
        at router.process_params (E:\ML\New AI Assistant\backend\node_modules\express\lib\router\index.js:346:12)
        at next (E:\ML\New AI Assistant\backend\node_modules\express\lib\router\index.js:280:10)
        at E:\ML\New AI Assistant\backend\node_modules\body-parser\lib\read.js:137:5
        at AsyncResource.runInAsyncScope (node:async_hooks:214:14)
        at invokeCallback (E:\ML\New AI Assistant\backend\node_modules\raw-body\index.js:238:16)
        at done (E:\ML\New AI Assistant\backend\node_modules\raw-body\index.js:227:7)
        at IncomingMessage.onEnd (E:\ML\New AI Assistant\backend\node_modules\raw-body\index.js:287:7)
        at IncomingMessage.emit (node:events:508:28)
        at endReadableNT (node:internal/streams/readable:1701:12)
        at processTicksAndRejections (node:internal/process/task_queues:89:21)

    [0m [90m 68 |[39m             })[33m;[39m
     [90m 69 |[39m         } [36mcatch[39m (error) {
    [31m[1m>[22m[39m[90m 70 |[39m             console[33m.[39merror([32m'Booking error:'[39m[33m,[39m error)[33m;[39m
     [90m    |[39m                     [31m[1m^[22m[39m
     [90m 71 |[39m             [36mconst[39m message [33m=[39m error [36minstanceof[39m [33mError[39m [33m?[39m error[33m.[39mmessage [33m:[39m [32m'Failed to book appointment'[39m[33m;[39m
     [90m 72 |[39m             res[33m.[39mstatus([35m400[39m)[33m.[39mjson({ error[33m:[39m message })[33m;[39m
     [90m 73 |[39m         }[0m

      at error (src/routes/appointmentsPrisma.ts:70:21)

  console.error
    Booking error: Error: Phone number must be 10-15 digits after country code
        at SchedulerServicePrisma.bookAppointment (E:\ML\New AI Assistant\backend\src\services\schedulerPrisma.ts:280:19)
        at bookAppointment (E:\ML\New AI Assistant\backend\src\routes\appointmentsPrisma.ts:58:49)
        at Layer.handle [as handle_request] (E:\ML\New AI Assistant\backend\node_modules\express\lib\router\layer.js:95:5)
        at next (E:\ML\New AI Assistant\backend\node_modules\express\lib\router\route.js:149:13)
        at next (E:\ML\New AI Assistant\backend\src\middleware\validation.ts:77:5)
        at Layer.handle [as handle_request] (E:\ML\New AI Assistant\backend\node_modules\express\lib\router\layer.js:95:5)
        at next (E:\ML\New AI Assistant\backend\node_modules\express\lib\router\route.js:149:13)
        at Route.dispatch (E:\ML\New AI Assistant\backend\node_modules\express\lib\router\route.js:119:3)
        at Layer.handle [as handle_request] (E:\ML\New AI Assistant\backend\node_modules\express\lib\router\layer.js:95:5)
        at E:\ML\New AI Assistant\backend\node_modules\express\lib\router\index.js:284:15
        at router.process_params (E:\ML\New AI Assistant\backend\node_modules\express\lib\router\index.js:346:12)
        at next (E:\ML\New AI Assistant\backend\node_modules\express\lib\router\index.js:280:10)
        at router.handle (E:\ML\New AI Assistant\backend\node_modules\express\lib\router\index.js:175:3)
        at router (E:\ML\New AI Assistant\backend\node_modules\express\lib\router\index.js:47:12)
        at Layer.handle [as handle_request] (E:\ML\New AI Assistant\backend\node_modules\express\lib\router\layer.js:95:5)
        at trim_prefix (E:\ML\New AI Assistant\backend\node_modules\express\lib\router\index.js:328:13)
        at E:\ML\New AI Assistant\backend\node_modules\express\lib\router\index.js:286:9
        at router.process_params (E:\ML\New AI Assistant\backend\node_modules\express\lib\router\index.js:346:12)
        at next (E:\ML\New AI Assistant\backend\node_modules\express\lib\router\index.js:280:10)
        at E:\ML\New AI Assistant\backend\node_modules\body-parser\lib\read.js:137:5
        at AsyncResource.runInAsyncScope (node:async_hooks:214:14)
        at invokeCallback (E:\ML\New AI Assistant\backend\node_modules\raw-body\index.js:238:16)
        at done (E:\ML\New AI Assistant\backend\node_modules\raw-body\index.js:227:7)
        at IncomingMessage.onEnd (E:\ML\New AI Assistant\backend\node_modules\raw-body\index.js:287:7)
        at IncomingMessage.emit (node:events:508:28)
        at endReadableNT (node:internal/streams/readable:1701:12)
        at processTicksAndRejections (node:internal/process/task_queues:89:21)

    [0m [90m 68 |[39m             })[33m;[39m
     [90m 69 |[39m         } [36mcatch[39m (error) {
    [31m[1m>[22m[39m[90m 70 |[39m             console[33m.[39merror([32m'Booking error:'[39m[33m,[39m error)[33m;[39m
     [90m    |[39m                     [31m[1m^[22m[39m
     [90m 71 |[39m             [36mconst[39m message [33m=[39m error [36minstanceof[39m [33mError[39m [33m?[39m error[33m.[39mmessage [33m:[39m [32m'Failed to book appointment'[39m[33m;[39m
     [90m 72 |[39m             res[33m.[39mstatus([35m400[39m)[33m.[39mjson({ error[33m:[39m message })[33m;[39m
     [90m 73 |[39m         }[0m

      at error (src/routes/appointmentsPrisma.ts:70:21)

  console.error
    Booking error: Error: Cannot book appointments in the past
        at SchedulerServicePrisma.bookAppointment (E:\ML\New AI Assistant\backend\src\services\schedulerPrisma.ts:288:19)
        at bookAppointment (E:\ML\New AI Assistant\backend\src\routes\appointmentsPrisma.ts:58:49)
        at Layer.handle [as handle_request] (E:\ML\New AI Assistant\backend\node_modules\express\lib\router\layer.js:95:5)
        at next (E:\ML\New AI Assistant\backend\node_modules\express\lib\router\route.js:149:13)
        at next (E:\ML\New AI Assistant\backend\src\middleware\validation.ts:77:5)
        at Layer.handle [as handle_request] (E:\ML\New AI Assistant\backend\node_modules\express\lib\router\layer.js:95:5)
        at next (E:\ML\New AI Assistant\backend\node_modules\express\lib\router\route.js:149:13)
        at Route.dispatch (E:\ML\New AI Assistant\backend\node_modules\express\lib\router\route.js:119:3)
        at Layer.handle [as handle_request] (E:\ML\New AI Assistant\backend\node_modules\express\lib\router\layer.js:95:5)
        at E:\ML\New AI Assistant\backend\node_modules\express\lib\router\index.js:284:15
        at router.process_params (E:\ML\New AI Assistant\backend\node_modules\express\lib\router\index.js:346:12)
        at next (E:\ML\New AI Assistant\backend\node_modules\express\lib\router\index.js:280:10)
        at router.handle (E:\ML\New AI Assistant\backend\node_modules\express\lib\router\index.js:175:3)
        at router (E:\ML\New AI Assistant\backend\node_modules\express\lib\router\index.js:47:12)
        at Layer.handle [as handle_request] (E:\ML\New AI Assistant\backend\node_modules\express\lib\router\layer.js:95:5)
        at trim_prefix (E:\ML\New AI Assistant\backend\node_modules\express\lib\router\index.js:328:13)
        at E:\ML\New AI Assistant\backend\node_modules\express\lib\router\index.js:286:9
        at router.process_params (E:\ML\New AI Assistant\backend\node_modules\express\lib\router\index.js:346:12)
        at next (E:\ML\New AI Assistant\backend\node_modules\express\lib\router\index.js:280:10)
        at E:\ML\New AI Assistant\backend\node_modules\body-parser\lib\read.js:137:5
        at AsyncResource.runInAsyncScope (node:async_hooks:214:14)
        at invokeCallback (E:\ML\New AI Assistant\backend\node_modules\raw-body\index.js:238:16)
        at done (E:\ML\New AI Assistant\backend\node_modules\raw-body\index.js:227:7)
        at IncomingMessage.onEnd (E:\ML\New AI Assistant\backend\node_modules\raw-body\index.js:287:7)
        at IncomingMessage.emit (node:events:508:28)
        at endReadableNT (node:internal/streams/readable:1701:12)
        at processTicksAndRejections (node:internal/process/task_queues:89:21)

    [0m [90m 68 |[39m             })[33m;[39m
     [90m 69 |[39m         } [36mcatch[39m (error) {
    [31m[1m>[22m[39m[90m 70 |[39m             console[33m.[39merror([32m'Booking error:'[39m[33m,[39m error)[33m;[39m
     [90m    |[39m                     [31m[1m^[22m[39m
     [90m 71 |[39m             [36mconst[39m message [33m=[39m error [36minstanceof[39m [33mError[39m [33m?[39m error[33m.[39mmessage [33m:[39m [32m'Failed to book appointment'[39m[33m;[39m
     [90m 72 |[39m             res[33m.[39mstatus([35m400[39m)[33m.[39mjson({ error[33m:[39m message })[33m;[39m
     [90m 73 |[39m         }[0m

      at error (src/routes/appointmentsPrisma.ts:70:21)

PASS tests/security/penetration.test.ts (22.187 s)
  Security Penetration Tests
    SQL Injection Protection
      ΓêÜ should sanitize SQL injection in customer name 
(683 ms)
      ΓêÜ should sanitize SQL injection in email lookup 
(155 ms)
      ΓêÜ should sanitize SQL injection in search 
parameters (337 ms)
    XSS (Cross-Site Scripting) Protection
      ΓêÜ should sanitize XSS in customer name (403 ms)
      ΓêÜ should sanitize XSS in notes field (306 ms)
    Authentication Bypass Protection
      ΓêÜ should reject admin endpoints without token (73 
ms)
      ΓêÜ should reject invalid JWT tokens (75 ms)
      ΓêÜ should reject expired tokens (24 ms)
    Input Validation Bypass Protection
      ΓêÜ should reject invalid email formats (99 ms)
      ΓêÜ should reject invalid phone formats (92 ms)
      ΓêÜ should reject oversized inputs (18 ms)
    Path Traversal Protection
      ΓêÜ should reject path traversal attempts in IDs 
(58 ms)
    Header Injection Protection
      ΓêÜ should not allow header injection (6 ms)

  console.log
    Email service not configured. Set BREVO_API_KEY or SMTP_* in .env

      at EmailService.log [as initializeTransporter] (src/services/email.ts:49:15)

  console.log
    Using console logging for email previews instead.

      at EmailService.log [as initializeTransporter] (src/services/email.ts:50:15)

  console.log
    Email service not configured. Set BREVO_API_KEY or SMTP_* in .env

      at EmailService.log [as initializeTransporter] (src/services/email.ts:49:15)

  console.log
    Using console logging for email previews instead.

      at EmailService.log [as initializeTransporter] (src/services/email.ts:50:15)

  console.log
    Email service not configured. Set BREVO_API_KEY or SMTP_* in .env

      at EmailService.log [as initializeTransporter] (src/services/email.ts:49:15)

  console.log
    Using console logging for email previews instead.

      at EmailService.log [as initializeTransporter] (src/services/email.ts:50:15)

  console.warn
    ΓÜá∩╕Å  [Security] Using default admin password (admin123). Set ADMIN_PASSWORD in .env

    [0m [90m 20 |[39m   [90m// Dev warnings[39m
     [90m 21 |[39m   [36mif[39m ([33mADMIN_PASSWORD[39m [33m===[39m [32m'admin123'[39m) {
    [31m[1m>[22m[39m[90m 22 |[39m     console[33m.[39mwarn([32m'ΓÜá∩╕Å  [Security] Using default admin password (admin123). Set ADMIN_PASSWORD in .env'[39m)[33m;[39m
     [90m    |[39m             [31m[1m^[22m[39m
     [90m 23 |[39m   }
     [90m 24 |[39m }
     [90m 25 |[39m[0m

      at Object.warn (src/middleware/adminAuth.ts:22:13)
      at Object.require (src/routes/callbacksPrisma.ts:9:1)
      at Object.<anonymous> (tests/testApp.ts:10:1)
      at Object.<anonymous> (tests/integration/chat.test.ts:2:1)

  console.log
    Database mode: SQLITE

      at log (src/db/database.ts:534:11)

  console.warn
    Database initialization failed: file is not a database

    [0m [90m 51 |[39m             console[33m.[39mlog([32m'Database initialized for integration tests'[39m)[33m;[39m
     [90m 52 |[39m         } [36mcatch[39m (error) {
    [31m[1m>[22m[39m[90m 53 |[39m             console[33m.[39mwarn([32m'Database initialization failed:'[39m[33m,[39m (error [36mas[39m [33mError[39m)[33m.[39mmessage)[33m;[39m
     [90m    |[39m                     [31m[1m^[22m[39m
     [90m 54 |[39m         }
     [90m 55 |[39m     }
     [90m 56 |[39m })[33m;[39m[0m

      at Object.<anonymous> (tests/setup.ts:53:21)

  console.log
    Database mode: SQLITE

      at log (src/db/database.ts:534:11)

  console.warn
    Database initialization failed: file is not a database

    [0m [90m 51 |[39m             console[33m.[39mlog([32m'Database initialized for integration tests'[39m)[33m;[39m
     [90m 52 |[39m         } [36mcatch[39m (error) {
    [31m[1m>[22m[39m[90m 53 |[39m             console[33m.[39mwarn([32m'Database initialization failed:'[39m[33m,[39m (error [36mas[39m [33mError[39m)[33m.[39mmessage)[33m;[39m
     [90m    |[39m                     [31m[1m^[22m[39m
     [90m 54 |[39m         }
     [90m 55 |[39m     }
     [90m 56 |[39m })[33m;[39m[0m

      at Object.<anonymous> (tests/setup.ts:53:21)

  console.error
    Booking error: Error: Cannot book appointments in the past
        at SchedulerServicePrisma.bookAppointment (E:\ML\New AI Assistant\backend\src\services\schedulerPrisma.ts:288:19)
        at bookAppointment (E:\ML\New AI Assistant\backend\src\routes\appointmentsPrisma.ts:58:49)
        at Layer.handle [as handle_request] (E:\ML\New AI Assistant\backend\node_modules\express\lib\router\layer.js:95:5)
        at next (E:\ML\New AI Assistant\backend\node_modules\express\lib\router\route.js:149:13)
        at next (E:\ML\New AI Assistant\backend\src\middleware\validation.ts:77:5)
        at Layer.handle [as handle_request] (E:\ML\New AI Assistant\backend\node_modules\express\lib\router\layer.js:95:5)
        at next (E:\ML\New AI Assistant\backend\node_modules\express\lib\router\route.js:149:13)
        at Route.dispatch (E:\ML\New AI Assistant\backend\node_modules\express\lib\router\route.js:119:3)
        at Layer.handle [as handle_request] (E:\ML\New AI Assistant\backend\node_modules\express\lib\router\layer.js:95:5)
        at E:\ML\New AI Assistant\backend\node_modules\express\lib\router\index.js:284:15
        at router.process_params (E:\ML\New AI Assistant\backend\node_modules\express\lib\router\index.js:346:12)
        at next (E:\ML\New AI Assistant\backend\node_modules\express\lib\router\index.js:280:10)
        at router.handle (E:\ML\New AI Assistant\backend\node_modules\express\lib\router\index.js:175:3)
        at router (E:\ML\New AI Assistant\backend\node_modules\express\lib\router\index.js:47:12)
        at Layer.handle [as handle_request] (E:\ML\New AI Assistant\backend\node_modules\express\lib\router\layer.js:95:5)
        at trim_prefix (E:\ML\New AI Assistant\backend\node_modules\express\lib\router\index.js:328:13)
        at E:\ML\New AI Assistant\backend\node_modules\express\lib\router\index.js:286:9
        at router.process_params (E:\ML\New AI Assistant\backend\node_modules\express\lib\router\index.js:346:12)
        at next (E:\ML\New AI Assistant\backend\node_modules\express\lib\router\index.js:280:10)
        at E:\ML\New AI Assistant\backend\node_modules\body-parser\lib\read.js:137:5
        at AsyncResource.runInAsyncScope (node:async_hooks:214:14)
        at invokeCallback (E:\ML\New AI Assistant\backend\node_modules\raw-body\index.js:238:16)
        at done (E:\ML\New AI Assistant\backend\node_modules\raw-body\index.js:227:7)
        at IncomingMessage.onEnd (E:\ML\New AI Assistant\backend\node_modules\raw-body\index.js:287:7)
        at IncomingMessage.emit (node:events:508:28)
        at endReadableNT (node:internal/streams/readable:1701:12)
        at processTicksAndRejections (node:internal/process/task_queues:89:21)

    [0m [90m 68 |[39m             })[33m;[39m
     [90m 69 |[39m         } [36mcatch[39m (error) {
    [31m[1m>[22m[39m[90m 70 |[39m             console[33m.[39merror([32m'Booking error:'[39m[33m,[39m error)[33m;[39m
     [90m    |[39m                     [31m[1m^[22m[39m
     [90m 71 |[39m             [36mconst[39m message [33m=[39m error [36minstanceof[39m [33mError[39m [33m?[39m error[33m.[39mmessage [33m:[39m [32m'Failed to book appointment'[39m[33m;[39m
     [90m 72 |[39m             res[33m.[39mstatus([35m400[39m)[33m.[39mjson({ error[33m:[39m message })[33m;[39m
     [90m 73 |[39m         }[0m

      at error (src/routes/appointmentsPrisma.ts:70:21)

  console.error
    Booking error: Error: Cannot book appointments in the past
        at SchedulerServicePrisma.bookAppointment (E:\ML\New AI Assistant\backend\src\services\schedulerPrisma.ts:288:19)
        at bookAppointment (E:\ML\New AI Assistant\backend\src\routes\appointmentsPrisma.ts:58:49)
        at Layer.handle [as handle_request] (E:\ML\New AI Assistant\backend\node_modules\express\lib\router\layer.js:95:5)
        at next (E:\ML\New AI Assistant\backend\node_modules\express\lib\router\route.js:149:13)
        at next (E:\ML\New AI Assistant\backend\src\middleware\validation.ts:77:5)
        at Layer.handle [as handle_request] (E:\ML\New AI Assistant\backend\node_modules\express\lib\router\layer.js:95:5)
        at next (E:\ML\New AI Assistant\backend\node_modules\express\lib\router\route.js:149:13)
        at Route.dispatch (E:\ML\New AI Assistant\backend\node_modules\express\lib\router\route.js:119:3)
        at Layer.handle [as handle_request] (E:\ML\New AI Assistant\backend\node_modules\express\lib\router\layer.js:95:5)
        at E:\ML\New AI Assistant\backend\node_modules\express\lib\router\index.js:284:15
        at router.process_params (E:\ML\New AI Assistant\backend\node_modules\express\lib\router\index.js:346:12)
        at next (E:\ML\New AI Assistant\backend\node_modules\express\lib\router\index.js:280:10)
        at router.handle (E:\ML\New AI Assistant\backend\node_modules\express\lib\router\index.js:175:3)
        at router (E:\ML\New AI Assistant\backend\node_modules\express\lib\router\index.js:47:12)
        at Layer.handle [as handle_request] (E:\ML\New AI Assistant\backend\node_modules\express\lib\router\layer.js:95:5)
        at trim_prefix (E:\ML\New AI Assistant\backend\node_modules\express\lib\router\index.js:328:13)
        at E:\ML\New AI Assistant\backend\node_modules\express\lib\router\index.js:286:9
        at router.process_params (E:\ML\New AI Assistant\backend\node_modules\express\lib\router\index.js:346:12)
        at next (E:\ML\New AI Assistant\backend\node_modules\express\lib\router\index.js:280:10)
        at E:\ML\New AI Assistant\backend\node_modules\body-parser\lib\read.js:137:5
        at AsyncResource.runInAsyncScope (node:async_hooks:214:14)
        at invokeCallback (E:\ML\New AI Assistant\backend\node_modules\raw-body\index.js:238:16)
        at done (E:\ML\New AI Assistant\backend\node_modules\raw-body\index.js:227:7)
        at IncomingMessage.onEnd (E:\ML\New AI Assistant\backend\node_modules\raw-body\index.js:287:7)
        at IncomingMessage.emit (node:events:508:28)
        at endReadableNT (node:internal/streams/readable:1701:12)
        at processTicksAndRejections (node:internal/process/task_queues:89:21)

    [0m [90m 68 |[39m             })[33m;[39m
     [90m 69 |[39m         } [36mcatch[39m (error) {
    [31m[1m>[22m[39m[90m 70 |[39m             console[33m.[39merror([32m'Booking error:'[39m[33m,[39m error)[33m;[39m
     [90m    |[39m                     [31m[1m^[22m[39m
     [90m 71 |[39m             [36mconst[39m message [33m=[39m error [36minstanceof[39m [33mError[39m [33m?[39m error[33m.[39mmessage [33m:[39m [32m'Failed to book appointment'[39m[33m;[39m
     [90m 72 |[39m             res[33m.[39mstatus([35m400[39m)[33m.[39mjson({ error[33m:[39m message })[33m;[39m
     [90m 73 |[39m         }[0m

      at error (src/routes/appointmentsPrisma.ts:70:21)

  console.error
    Booking error: Error: Cannot book appointments in the past
        at SchedulerServicePrisma.bookAppointment (E:\ML\New AI Assistant\backend\src\services\schedulerPrisma.ts:288:19)
        at bookAppointment (E:\ML\New AI Assistant\backend\src\routes\appointmentsPrisma.ts:58:49)
        at Layer.handle [as handle_request] (E:\ML\New AI Assistant\backend\node_modules\express\lib\router\layer.js:95:5)
        at next (E:\ML\New AI Assistant\backend\node_modules\express\lib\router\route.js:149:13)
        at next (E:\ML\New AI Assistant\backend\src\middleware\validation.ts:77:5)
        at Layer.handle [as handle_request] (E:\ML\New AI Assistant\backend\node_modules\express\lib\router\layer.js:95:5)
        at next (E:\ML\New AI Assistant\backend\node_modules\express\lib\router\route.js:149:13)
        at Route.dispatch (E:\ML\New AI Assistant\backend\node_modules\express\lib\router\route.js:119:3)
        at Layer.handle [as handle_request] (E:\ML\New AI Assistant\backend\node_modules\express\lib\router\layer.js:95:5)
        at E:\ML\New AI Assistant\backend\node_modules\express\lib\router\index.js:284:15
        at router.process_params (E:\ML\New AI Assistant\backend\node_modules\express\lib\router\index.js:346:12)
        at next (E:\ML\New AI Assistant\backend\node_modules\express\lib\router\index.js:280:10)
        at router.handle (E:\ML\New AI Assistant\backend\node_modules\express\lib\router\index.js:175:3)
        at router (E:\ML\New AI Assistant\backend\node_modules\express\lib\router\index.js:47:12)
        at Layer.handle [as handle_request] (E:\ML\New AI Assistant\backend\node_modules\express\lib\router\layer.js:95:5)
        at trim_prefix (E:\ML\New AI Assistant\backend\node_modules\express\lib\router\index.js:328:13)
        at E:\ML\New AI Assistant\backend\node_modules\express\lib\router\index.js:286:9
        at router.process_params (E:\ML\New AI Assistant\backend\node_modules\express\lib\router\index.js:346:12)
        at next (E:\ML\New AI Assistant\backend\node_modules\express\lib\router\index.js:280:10)
        at E:\ML\New AI Assistant\backend\node_modules\body-parser\lib\read.js:137:5
        at AsyncResource.runInAsyncScope (node:async_hooks:214:14)
        at invokeCallback (E:\ML\New AI Assistant\backend\node_modules\raw-body\index.js:238:16)
        at done (E:\ML\New AI Assistant\backend\node_modules\raw-body\index.js:227:7)
        at IncomingMessage.onEnd (E:\ML\New AI Assistant\backend\node_modules\raw-body\index.js:287:7)
        at IncomingMessage.emit (node:events:508:28)
        at endReadableNT (node:internal/streams/readable:1701:12)
        at processTicksAndRejections (node:internal/process/task_queues:89:21)

    [0m [90m 68 |[39m             })[33m;[39m
     [90m 69 |[39m         } [36mcatch[39m (error) {
    [31m[1m>[22m[39m[90m 70 |[39m             console[33m.[39merror([32m'Booking error:'[39m[33m,[39m error)[33m;[39m
     [90m    |[39m                     [31m[1m^[22m[39m
     [90m 71 |[39m             [36mconst[39m message [33m=[39m error [36minstanceof[39m [33mError[39m [33m?[39m error[33m.[39mmessage [33m:[39m [32m'Failed to book appointment'[39m[33m;[39m
     [90m 72 |[39m             res[33m.[39mstatus([35m400[39m)[33m.[39mjson({ error[33m:[39m message })[33m;[39m
     [90m 73 |[39m         }[0m

      at error (src/routes/appointmentsPrisma.ts:70:21)

  console.log
    [slots] Request: date=2025-04-01, serviceId=service-1, staffId=undefined

      at log (src/routes/appointmentsPrisma.ts:27:21)

  console.log
    [getAvailableSlots] Date: 2025-04-01, Staff: undefined, Found 0 existing appointments

      at SchedulerServicePrisma.log [as getAvailableSlots] (src/services/schedulerPrisma.ts:204:17)

  console.log
    [slots] Returning 0 slots for 2025-04-01

      at log (src/routes/appointmentsPrisma.ts:46:21)

  console.log
    [services/staff] Fetching active staff

      at log (src/routes/servicesPrisma.ts:38:21)

  console.log
    [services/staff] Returning 0 staff members

      at log (src/routes/servicesPrisma.ts:40:21)

  console.log
    [slots] Request: date=2025-04-15, serviceId=service-1, staffId=undefined

      at log (src/routes/appointmentsPrisma.ts:27:21)

  console.log
    [getAvailableSlots] Date: 2025-04-15, Staff: undefined, Found 0 existing appointments

      at SchedulerServicePrisma.log [as getAvailableSlots] (src/services/schedulerPrisma.ts:204:17)

  console.log
    [slots] Returning 0 slots for 2025-04-15

      at log (src/routes/appointmentsPrisma.ts:46:21)

  console.log
    [slots] Request: date=2025-04-15, serviceId=service-1, staffId=staff-1

      at log (src/routes/appointmentsPrisma.ts:27:21)

  console.log
    [getAvailableSlots] Date: 2025-04-15, Staff: staff-1, Found 0 existing appointments

      at SchedulerServicePrisma.log [as getAvailableSlots] (src/services/schedulerPrisma.ts:204:17)

  console.log
    [slots] Returning 0 slots for 2025-04-15

      at log (src/routes/appointmentsPrisma.ts:46:21)

  console.error
    Booking error: Error: Cannot book appointments in the past
        at SchedulerServicePrisma.bookAppointment (E:\ML\New AI Assistant\backend\src\services\schedulerPrisma.ts:288:19)
        at bookAppointment (E:\ML\New AI Assistant\backend\src\routes\appointmentsPrisma.ts:58:49)
        at Layer.handle [as handle_request] (E:\ML\New AI Assistant\backend\node_modules\express\lib\router\layer.js:95:5)
        at next (E:\ML\New AI Assistant\backend\node_modules\express\lib\router\route.js:149:13)
        at next (E:\ML\New AI Assistant\backend\src\middleware\validation.ts:77:5)
        at Layer.handle [as handle_request] (E:\ML\New AI Assistant\backend\node_modules\express\lib\router\layer.js:95:5)
        at next (E:\ML\New AI Assistant\backend\node_modules\express\lib\router\route.js:149:13)
        at Route.dispatch (E:\ML\New AI Assistant\backend\node_modules\express\lib\router\route.js:119:3)
        at Layer.handle [as handle_request] (E:\ML\New AI Assistant\backend\node_modules\express\lib\router\layer.js:95:5)
        at E:\ML\New AI Assistant\backend\node_modules\express\lib\router\index.js:284:15
        at router.process_params (E:\ML\New AI Assistant\backend\node_modules\express\lib\router\index.js:346:12)
        at next (E:\ML\New AI Assistant\backend\node_modules\express\lib\router\index.js:280:10)
        at router.handle (E:\ML\New AI Assistant\backend\node_modules\express\lib\router\index.js:175:3)
        at router (E:\ML\New AI Assistant\backend\node_modules\express\lib\router\index.js:47:12)
        at Layer.handle [as handle_request] (E:\ML\New AI Assistant\backend\node_modules\express\lib\router\layer.js:95:5)
        at trim_prefix (E:\ML\New AI Assistant\backend\node_modules\express\lib\router\index.js:328:13)
        at E:\ML\New AI Assistant\backend\node_modules\express\lib\router\index.js:286:9
        at router.process_params (E:\ML\New AI Assistant\backend\node_modules\express\lib\router\index.js:346:12)
        at next (E:\ML\New AI Assistant\backend\node_modules\express\lib\router\index.js:280:10)
        at E:\ML\New AI Assistant\backend\node_modules\body-parser\lib\read.js:137:5
        at AsyncResource.runInAsyncScope (node:async_hooks:214:14)
        at invokeCallback (E:\ML\New AI Assistant\backend\node_modules\raw-body\index.js:238:16)
        at done (E:\ML\New AI Assistant\backend\node_modules\raw-body\index.js:227:7)
        at IncomingMessage.onEnd (E:\ML\New AI Assistant\backend\node_modules\raw-body\index.js:287:7)
        at IncomingMessage.emit (node:events:508:28)
        at endReadableNT (node:internal/streams/readable:1701:12)
        at processTicksAndRejections (node:internal/process/task_queues:89:21)

    [0m [90m 68 |[39m             })[33m;[39m
     [90m 69 |[39m         } [36mcatch[39m (error) {
    [31m[1m>[22m[39m[90m 70 |[39m             console[33m.[39merror([32m'Booking error:'[39m[33m,[39m error)[33m;[39m
     [90m    |[39m                     [31m[1m^[22m[39m
     [90m 71 |[39m             [36mconst[39m message [33m=[39m error [36minstanceof[39m [33mError[39m [33m?[39m error[33m.[39mmessage [33m:[39m [32m'Failed to book appointment'[39m[33m;[39m
     [90m 72 |[39m             res[33m.[39mstatus([35m400[39m)[33m.[39mjson({ error[33m:[39m message })[33m;[39m
     [90m 73 |[39m         }[0m

      at error (src/routes/appointmentsPrisma.ts:70:21)

  console.log
    [services/staff/:serviceId] Fetching staff for service: wrong-service-id

      at log (src/routes/servicesPrisma.ts:77:21)

  console.log
    [services/staff/:serviceId] Found 0 staff for service wrong-service-id

      at log (src/routes/servicesPrisma.ts:90:21)

PASS tests/integration/callback.test.ts (5.108 s)
  Callback API Integration
    POST /api/callbacks
      ΓêÜ should create a valid callback request (79 ms)
      ΓêÜ should create callback without optional fields 
(11 ms)
      ΓêÜ should reject callback with missing name (30 ms)
      ΓêÜ should reject callback with short name (37 ms)
      ΓêÜ should reject callback with missing phone (30 
ms)
      ΓêÜ should reject callback with short phone (17 ms)
      ΓêÜ should reject callback with invalid email (12 
ms)
      ΓêÜ should accept callback with valid international 
phone (10 ms)
    GET /api/callbacks
      ΓêÜ should return list of callbacks (47 ms)
      ΓêÜ should filter callbacks by status (19 ms)
    GET /api/callbacks/:id
      ΓêÜ should return specific callback (31 ms)
      ΓêÜ should return 404 for non-existent callback (18 
ms)
    PUT /api/callbacks/:id
      ΓêÜ should update callback status (33 ms)
      ΓêÜ should update callback notes (34 ms)
      ΓêÜ should reject invalid status (31 ms)
      ΓêÜ should return 404 for non-existent callback (26 
ms)
      ΓêÜ should accept all valid statuses (91 ms)
    DELETE /api/callbacks/:id
      ΓêÜ should delete existing callback (64 ms)
      ΓêÜ should return 404 for non-existent callback (18 
ms)
  Callback Data Integrity
    ΓêÜ should trim whitespace from inputs (29 ms)
    ΓêÜ should include createdAt timestamp (8 ms)

PASS tests/security/dataIsolation.test.ts
  Data Isolation Tests
    Customer Data Isolation
      ΓêÜ should not expose other customers data in 
appointment lookup (226 ms)
      ΓêÜ should not allow accessing another customers 
appointment by ID (47 ms)
      ΓêÜ should not expose phone numbers in public 
endpoints (29 ms)
    Session Data Isolation
      ΓêÜ should not share conversation history between 
sessions (24 ms)
    Admin vs Public Data Access
      ΓêÜ should not expose staff internal data to public 
endpoints (30 ms)
      ΓêÜ should not expose callback details without 
admin auth (26 ms)
      ΓêÜ should not expose appointment statistics 
without admin auth (24 ms)
    Staff Data Isolation
      ΓêÜ should only show slots for selected staff 
member (39 ms)
      ΓêÜ should not allow booking with non-existent 
staff ID (31 ms)
    Cross-Service Data Isolation
      ΓêÜ should not allow booking a staff member for 
wrong service (18 ms)
    Database Query Isolation
      ΓêÜ should use parameterized queries (prevents SQL 
injection leaking data) (11 ms)

  console.log
    Database mode: SQLITE

      at log (src/db/database.ts:534:11)

  console.warn
    Database initialization failed: file is not a database

    [0m [90m 51 |[39m             console[33m.[39mlog([32m'Database initialized for integration tests'[39m)[33m;[39m
     [90m 52 |[39m         } [36mcatch[39m (error) {
    [31m[1m>[22m[39m[90m 53 |[39m             console[33m.[39mwarn([32m'Database initialization failed:'[39m[33m,[39m (error [36mas[39m [33mError[39m)[33m.[39mmessage)[33m;[39m
     [90m    |[39m                     [31m[1m^[22m[39m
     [90m 54 |[39m         }
     [90m 55 |[39m     }
     [90m 56 |[39m })[33m;[39m[0m

      at Object.<anonymous> (tests/setup.ts:53:21)

  console.log
    [getAvailableSlots] Date: 2026-01-20, Staff: undefined, Found 0 existing appointments

      at SchedulerServicePrisma.log [as getAvailableSlots] (src/services/schedulerPrisma.ts:204:17)

  console.log
    [getAvailableSlots] Date: 2026-01-20, Staff: undefined, Found 1 existing appointments

      at SchedulerServicePrisma.log [as getAvailableSlots] (src/services/schedulerPrisma.ts:204:17)

  console.log
    [getAvailableSlots] Date: 2026-01-20, Staff: staff-1, Found 0 existing appointments

      at SchedulerServicePrisma.log [as getAvailableSlots] (src/services/schedulerPrisma.ts:204:17)

PASS tests/unit/jwt.test.ts
  JWT Utilities
    generateToken
      ΓêÜ should generate a valid JWT token (5 ms)
      ΓêÜ should include all payload fields (3 ms)
      ΓêÜ should set expiration time (3 ms)
    verifyToken
      ΓêÜ should return payload for valid token (17 ms)
      ΓêÜ should return null for invalid token
      ΓêÜ should return null for malformed token (1 ms)
      ΓêÜ should return null for empty token (1 ms)
      ΓêÜ should return null for token with wrong 
signature (3 ms)
    decodeToken
      ΓêÜ should decode token without verification (33 ms)
      ΓêÜ should return null for invalid format (1 ms)
      ΓêÜ should decode even with wrong signature (1 ms)
    isTokenExpired
      ΓêÜ should return false for valid non-expired token
      ΓêÜ should return true for invalid token (1 ms)
      ΓêÜ should return true for empty token (1 ms)
    getTokenExpiryTime
      ΓêÜ should return remaining time for valid token (1 
ms)
      ΓêÜ should return 0 for invalid token (1 ms)
      ΓêÜ should return 0 for empty token (1 ms)
    Edge Cases
      ΓêÜ should handle special characters in payload (1 
ms)
      ΓêÜ should handle unicode in payload (1 ms)
      ΓêÜ should handle very long names (1 ms)

  console.log
    [hasDuplicateBooking] Checking: john@example.com on 2026-01-20 at 09:00. Found: 09:00

      at SchedulerServicePrisma.log [as hasDuplicateBooking] (src/services/schedulerPrisma.ts:153:17)

PASS tests/unit/schedulerPrisma.test.ts
  SchedulerServicePrisma
    ΓêÜ initializes correctly (3 ms)
    getAvailableSlots
      ΓêÜ should return slots for a valid service and 
date (48 ms)
      ΓêÜ should mark conflicting slots as unavailable (5 
ms)
    bookAppointment
      ΓêÜ should successfully book an appointment (6 ms)
      ΓêÜ should fail if service does not exist (160 ms)
      ΓêÜ should fail if time slot duplicate (3 ms)

  console.warn
    [RAG] Query rewriting failed, using original: TypeError: this.groq.getChatCompletion is not a function
        at ReceptionistService.getChatCompletion [as chat] (E:\ML\New AI Assistant\backend\src\services\receptionist\index.ts:658:51)
        at processTicksAndRejections (node:internal/process/task_queues:103:5)
        at E:\ML\New AI Assistant\backend\src\routes\chat.ts:49:22

    [0m [90m 666 |[39m                 }
     [90m 667 |[39m             } [36mcatch[39m (error) {
    [31m[1m>[22m[39m[90m 668 |[39m                 console[33m.[39mwarn([32m'[RAG] Query rewriting failed, using original:'[39m[33m,[39m error)[33m;[39m
     [90m     |[39m                         [31m[1m^[22m[39m
     [90m 669 |[39m             }
     [90m 670 |[39m         }
     [90m 671 |[39m[0m

      at ReceptionistService.warn (src/services/receptionist/index.ts:668:25)
      at src/routes/chat.ts:49:22

PASS tests/integration/chat.test.ts
  Chat API Integration
    GET /api/chat/greeting
      ΓêÜ should return initial greeting (49 ms)
      ΓêÜ should include receptionist name in greeting 
(10 ms)
    POST /api/chat
      ΓêÜ should reject empty message (40 ms)
      ΓêÜ should reject non-string message (10 ms)
      ΓêÜ should process valid message (29 ms)
      ΓêÜ should accept message with history (498 ms)
      ΓêÜ should return timestamp in ISO format (31 ms)
    Chat Response Structure
      ΓêÜ should optionally include action (15 ms)
  Chat Message Validation
    ΓêÜ should handle very long messages (15 ms)
    ΓêÜ should handle unicode characters (13 ms)
    ΓêÜ should handle special characters (9 ms)

PASS tests/unit/userAuth.test.ts
  UserAuth Validation Tests
    Email Validation
      ΓêÜ should accept valid email formats (4 ms)
      ΓêÜ should reject invalid email formats (3 ms)
      ΓêÜ should handle null and undefined (2 ms)
    Password Validation
      ΓêÜ should accept passwords with 8+ characters (2 
ms)
      ΓêÜ should reject passwords with less than 8 
characters (1 ms)
      ΓêÜ should handle edge cases (1 ms)
    Email Sanitization
      ΓêÜ should convert email to lowercase (1 ms)
      ΓêÜ should trim whitespace (1 ms)
    Name Sanitization
      ΓêÜ should trim whitespace (1 ms)
      ΓêÜ should preserve internal spaces and case
  UserAuth Business Logic
    Registration Edge Cases
      ΓêÜ should identify duplicate email scenario
      ΓêÜ should handle case-insensitive email matching 
(1 ms)
    Token Expiry Logic
      ΓêÜ should correctly identify expired tokens (1 ms)
      ΓêÜ should calculate verification token expiry (24 
hours) (1 ms)
      ΓêÜ should calculate reset token expiry (1 hour) (1 
ms)
    Login Decision Logic
      ΓêÜ should reject non-existent user
      ΓêÜ should suggest Google login for OAuth users (1 
ms)
      ΓêÜ should reject wrong password
      ΓêÜ should reject unverified email (1 ms)
      ΓêÜ should allow valid login
    Google OAuth Decision Logic
      ΓêÜ should login existing Google user (1 ms)
      ΓêÜ should link Google account to existing email
      ΓêÜ should create new user for new Google account
    Appointment Ownership Logic
      ΓêÜ should allow access by userId (1 ms)
      ΓêÜ should allow access by email (2 ms)
      ΓêÜ should allow case-insensitive email matching
      ΓêÜ should deny access if neither match (1 ms)
    Appointment Cancellation Logic
      ΓêÜ should allow cancelling future appointments
      ΓêÜ should prevent cancelling past appointments (2 
ms)
      ΓêÜ should prevent double cancellation
  Security Tests
    Email Enumeration Prevention
      ΓêÜ should return same response for existing and 
non-existing emails (2 ms)
    Input Sanitization
      ΓêÜ should handle XSS attempts in names
      ΓêÜ should handle SQL injection attempts in emails 
(2 ms)

  console.warn
    ΓÜá∩╕Å  [Security] Using default admin password (admin123). Set ADMIN_PASSWORD in .env

    [0m [90m 20 |[39m   [90m// Dev warnings[39m
     [90m 21 |[39m   [36mif[39m ([33mADMIN_PASSWORD[39m [33m===[39m [32m'admin123'[39m) {
    [31m[1m>[22m[39m[90m 22 |[39m     console[33m.[39mwarn([32m'ΓÜá∩╕Å  [Security] Using default admin password (admin123). Set ADMIN_PASSWORD in .env'[39m)[33m;[39m
     [90m    |[39m             [31m[1m^[22m[39m
     [90m 23 |[39m   }
     [90m 24 |[39m }
     [90m 25 |[39m[0m

      at Object.warn (src/middleware/adminAuth.ts:22:13)
      at Object.<anonymous> (tests/unit/auth.test.ts:9:1)

PASS tests/unit/auth.test.ts
  Admin Authentication
    createSession (JWT Generation)
      ΓêÜ should generate a JWT token (13 ms)
      ΓêÜ should generate unique tokens each time (5 ms)
      ΓêÜ should create valid sessions (6 ms)
    verifyAdminPassword
      ΓêÜ should accept correct password (1 ms)
      ΓêÜ should reject incorrect password (1 ms)
      ΓêÜ should reject empty password (2 ms)
      ΓêÜ should be case-sensitive (2 ms)
    validateSession
      ΓêÜ should validate existing session (3 ms)
      ΓêÜ should reject non-existent token (1 ms)
      ΓêÜ should reject empty token (1 ms)
      ΓêÜ should reject random token
      ΓêÜ should reject malformed JWT (1 ms)
    destroySession
      ΓêÜ should handle destroying any token without 
throwing (2 ms)
      ΓêÜ should handle destroying non-existent token (1 
ms)
    Session Count (JWT mode)
      ΓêÜ should return 0 for session count (JWT is 
stateless) (3 ms)
      ΓêÜ should remain 0 after clearAllSessions (JWT is 
stateless) (1 ms)
    Session Expiration
      ΓêÜ should allow validating fresh sessions (2 ms)
  Multiple Sessions
    ΓêÜ should support multiple concurrent tokens (4 ms)
    ΓêÜ should validate all tokens independently (4 ms)

PASS tests/unit/validation.test.ts
  Phone Validation
    US Phone Numbers
      ΓêÜ should accept valid US phone with +1 (4 ms)
      ΓêÜ should accept US phone with spaces (1 ms)
    Pakistan Phone Numbers (+92)
      ΓêÜ should accept valid Pakistan phone (1 ms)
      ΓêÜ should accept Pakistan phone with spaces (2 ms)
    India Phone Numbers (+91)
      ΓêÜ should accept valid India phone (2 ms)
    UK Phone Numbers (+44)
      ΓêÜ should accept valid UK phone (2 ms)
    Invalid Phone Numbers
      ΓêÜ should reject too short numbers (2 ms)
      ΓêÜ should identify missing country code (1 ms)
  Email Validation
    Valid Emails
      ΓêÜ should accept standard email (1 ms)
      ΓêÜ should accept email with subdomain (1 ms)
      ΓêÜ should accept email with numbers
      ΓêÜ should accept email with dots in local part
      ΓêÜ should accept email with plus sign (1 ms)
    Invalid Emails
      ΓêÜ should reject email without @
      ΓêÜ should reject email without domain
      ΓêÜ should reject email without TLD (1 ms)
      ΓêÜ should reject email with spaces (1 ms)
      ΓêÜ should reject empty email
    Common Typos Detection
      ΓêÜ should detect gmail typo (1 ms)
      ΓêÜ should detect hotmail typo (8 ms)
  Date Validation
    Date Format
      ΓêÜ should accept YYYY-MM-DD format (1 ms)
      ΓêÜ should reject MM-DD-YYYY format
      ΓêÜ should reject slash separated date (1 ms)
    Date Logic
      ΓêÜ should identify past date (1 ms)
      ΓêÜ should identify future date (2 ms)
      ΓêÜ should calculate 30 days ahead
  Time Validation
    Time Format
      ΓêÜ should accept HH:MM format (1 ms)
      ΓêÜ should reject single digit hours
      ΓêÜ should reject 12-hour format with AM/PM (1 ms)
    Business Hours
      ΓêÜ should identify time within business hours
      ΓêÜ should identify time before opening
  Name Validation
    ΓêÜ should accept names with letters (1 ms)
    ΓêÜ should reject empty names (1 ms)
    ΓêÜ should reject single character names
    ΓêÜ should trim whitespace (1 ms)

PASS tests/unit/receptionist.test.ts
  ReceptionistService (Pending Refactoring)
    getConfig
      Γùï skipped should return configuration object
    getServices
      Γùï skipped should return array of services
    getBusinessHours
      Γùï skipped should return hours for all days
  Response Format Expectations
    ΓêÜ should expect action type in response (8 ms)
    ΓêÜ should define all required response action types 
(4 ms)

PASS tests/unit/validators.test.ts
  Validators
    sanitizeString
      ΓêÜ should trim whitespace (11 ms)
      ΓêÜ should remove < and > characters (1 ms)
      ΓêÜ should limit length to 500 characters (1 ms)
      ΓêÜ should handle empty string (2 ms)
      ΓêÜ should handle string with only whitespace (1 ms)
      ΓêÜ should preserve valid characters (1 ms)
      ΓêÜ should handle SQL injection attempts (2 ms)
      ΓêÜ should handle XSS attempts (2 ms)
    validateEmail
      Valid Emails
        ΓêÜ should accept standard email (2 ms)
        ΓêÜ should accept email with subdomain (2 ms)
        ΓêÜ should accept email with numbers (1 ms)
        ΓêÜ should accept email with dots (2 ms)
        ΓêÜ should accept email with plus sign (1 ms)
        ΓêÜ should accept email with hyphen in domain (1 
ms)
        ΓêÜ should lowercase email
        ΓêÜ should trim whitespace (1 ms)
      Invalid Emails
        ΓêÜ should reject email without @ (1 ms)
        ΓêÜ should reject email without domain (1 ms)
        ΓêÜ should reject email without TLD
        ΓêÜ should reject email with spaces (1 ms)
        ΓêÜ should reject email without local part
        ΓêÜ should reject email with multiple @ (1 ms)
        ΓêÜ should reject empty email (2 ms)
        ΓêÜ should reject email longer than 254 
characters (1 ms)
      Edge Cases
        ΓêÜ should handle email with underscore
        ΓêÜ should handle multiple subdomains (1 ms)
        ΓêÜ should handle short TLD
    validatePhone
      Valid Phone Numbers
        ΓêÜ should accept standard US phone
        ΓêÜ should accept phone with spaces (1 ms)
        ΓêÜ should accept phone with dashes (1 ms)
        ΓêÜ should accept phone with parentheses (1 ms)
        ΓêÜ should accept international phone (1 ms)
        ΓêÜ should sanitize phone number
      Invalid Phone Numbers
        ΓêÜ should reject phone too short (1 ms)
        ΓêÜ should reject phone too long (39 ms)
        ΓêÜ should reject empty phone (1 ms)
        ΓêÜ should remove invalid characters (1 ms)
    validateDate
      Valid Dates
        ΓêÜ should accept YYYY-MM-DD format (2 ms)
        ΓêÜ should accept leap year date (2 ms)
        ΓêÜ should accept first day of year
        ΓêÜ should accept last day of year
      Invalid Dates
        ΓêÜ should reject MM-DD-YYYY format (1 ms)
        ΓêÜ should reject slash separated date (1 ms)
        ΓêÜ should reject invalid date
        ΓêÜ should reject invalid month (1 ms)
        ΓêÜ should reject empty date
        ΓêÜ should reject partial date (1 ms)
    validateTime
      Valid Times
        ΓêÜ should accept HH:MM format (1 ms)
        ΓêÜ should accept midnight (1 ms)
        ΓêÜ should accept noon
      Invalid Times
        ΓêÜ should reject single digit hours
        ΓêÜ should reject 12-hour format (1 ms)
        ΓêÜ should reject hour > 23 (2 ms)
        ΓêÜ should reject minute > 59 (1 ms)
        ΓêÜ should reject empty time
        ΓêÜ should reject partial time (1 ms)
    isValidDateFormat
      ΓêÜ should return true for valid YYYY-MM-DD (2 ms)
      ΓêÜ should return false for invalid format
      ΓêÜ should return false for invalid date (1 ms)
      ΓêÜ should return false for empty string (1 ms)
    isValidEmail
      ΓêÜ should return true for valid emails (1 ms)
      ΓêÜ should return false for invalid emails (1 ms)
      ΓêÜ should handle whitespace (1 ms)
      ΓêÜ should return false for empty string (1 ms)
    Integration Tests
      ΓêÜ should validate a complete booking request (2 
ms)
      ΓêÜ should catch all validation errors (1 ms)
    Security Tests
      ΓêÜ should sanitize XSS attempts (1 ms)
      ΓêÜ should handle SQL injection patterns (5 ms)
      ΓêÜ should prevent DoS via long strings

A worker process has failed to exit gracefully and has 
been force exited. This is likely caused by tests leaking 
due to improper teardown. Try running with 
--detectOpenHandles to find leaks. Active timers can also 
cause this, ensure that .unref() was called on them.
------------------------|---------|----------|---------|---------|-----------------------------------------------------------------------------------------------------------------------------------------------------------------------------------------------------------------------------------------------------------------------------------------------
File                    | % Stmts | % Branch | % Funcs | % Lines | Uncovered Line #s                                                                                                                                                                                                                                                                             
------------------------|---------|----------|---------|---------|-----------------------------------------------------------------------------------------------------------------------------------------------------------------------------------------------------------------------------------------------------------------------------------------------
All files               |   24.34 |    16.95 |   24.16 |   24.96 |                                                                                                                                                                                                                                                                                               
 config                 |       0 |        0 |       0 |       0 |                                                                                                                                                                                                                                                                                               
  cors.ts               |       0 |        0 |       0 |       0 | 9-86                                                                                                                                                                                                                                                                                          
 constants              |   60.86 |      100 |       0 |   60.86 |                                                                                                                                                                                                                                                                                               
  business.ts           |     100 |      100 |     100 |     100 |                                                                                                                                                                                                                                                                                               
  rateLimits.ts         |       0 |      100 |     100 |       0 | 6-31                                                                                                                                                                                                                                                                                          
  time.ts               |   55.55 |      100 |       0 |   55.55 | 29,36,43,50                                                                                                                                                                                                                                                                                   
  validation.ts         |      75 |      100 |       0 |      75 | 43                                                                                                                                                                                                                                                                                            
 db                     |       9 |     2.16 |    6.45 |   10.02 |                                                                                                                                                                                                                                                                                               
  database.ts           |    9.41 |     2.32 |    6.55 |   10.49 | 30,37-100,108,116-337,365-525,537-545,551-588,593-671,677-774,778-819,823-830,834-1016,1020-1027,1032-1033,1037-1040,1044-1045,1051-1058,1064,1069-1070                                                                                                                                       
  prisma.ts             |       0 |        0 |       0 |       0 | 7-50                                                                                                                                                                                                                                                                                          
 middleware             |   58.73 |    53.73 |      60 |    58.4 |                                                                                                                                                                                                                                                                                               
  adminAuth.ts          |   80.55 |    68.42 |     100 |      80 | 10-17,64                                                                                                                                                                                                                                                                                      
  rateLimiter.ts        |       0 |        0 |       0 |       0 | 1-55                                                                                                                                                                                                                                                                                          
  upload.ts             |     100 |      100 |     100 |     100 |                                                                                                                                                                                                                                                                                               
  userAuth.ts           |      25 |     8.33 |      20 |      25 | 23-37,48-51,62-71,79-87                                                                                                                                                                                                                                                                       
  validation.ts         |   71.73 |    66.66 |      50 |   71.73 | 17,25,29,33,37,53,58,82-94                                                                                                                                                                                                                                                                    
 routes                 |    29.4 |     25.3 |   27.72 |    29.6 |                                                                                                                                                                                                                                                                                               
  adminPrisma.ts        |   16.81 |     1.49 |    7.69 |   16.86 | 28,37-77,90-91,97-118,124-135,141-152,160-166,172-180,186-211,217-228,234-245,253-259,265-282,288-299,307-313,319-343,349-360,368-396,402-416,422-446,454-460,466-495,501-515,521-527,533-539,547-553,559-575,581-590,596-605,613-618,624-632,638-650,658-678,686-690,696-702,708-718,724-729 
  appointmentsPrisma.ts |   39.41 |    29.16 |   31.81 |   40.11 | 39,49-50,61-65,78-83,89-94,105-169,183-186,197-198,205-238,244-250,268-277,283-327,337,344,349-350,356-376                                                                                                                                                                                    
  auth.ts               |   82.35 |      100 |     100 |   82.35 | 32-33,49-50,68-69                                                                                                                                                                                                                                                                             
  callbacksPrisma.ts    |    83.6 |      100 |     100 |    83.6 | 49-50,66-67,86-87,118-119,137-138                                                                                                                                                                                                                                                             
  chat.ts               |   74.19 |       50 |   66.66 |   76.66 | 30-37,55-69,88-89                                                                                                                                                                                                                                                                             
  servicesPrisma.ts     |   64.06 |    42.85 |   77.77 |   64.06 | 29-30,43-44,55-56,67-68,83-87,93-94,100-112                                                                                                                                                                                                                                                   
  userAuth.ts           |       0 |        0 |       0 |       0 | 6-407                                                                                                                                                                                                                                                                                         
  users.ts              |       0 |        0 |       0 |       0 | 6-262                                                                                                                                                                                                                                                                                         
 services               |   24.91 |    13.43 |   27.64 |   25.24 |                                                                                                                                                                                                                                                                                               
  adminPrisma.ts        |   21.95 |        4 |      25 |   24.65 | 87,115-153,180-253,265-279,332-419,432-446,458-464                                                                                                                                                                                                                                            
  chatHistory.ts        |       0 |        0 |       0 |       0 | 1-141                                                                                                                                                                                                                                                                                         
  email.ts              |   13.49 |     6.06 |   18.18 |   13.66 | 33-39,56-608                                                                                                                                                                                                                                                                                  
  groq.ts               |   14.14 |      3.5 |   13.33 |   14.28 | 39,48-257                                                                                                                                                                                                                                                                                     
  receptionist.ts       |     100 |      100 |     100 |     100 |                                                                                                                                                                                                                                                                                               
  retention.ts          |    8.73 |        0 |    9.09 |    8.87 | 31-335                                                                                                                                                                                                                                                                                        
  schedulerPrisma.ts    |   68.91 |    48.31 |   74.07 |   69.56 | 93-95,174,180,211,226-233,271,275,284,292,299,309,326,341,345,397-401,409-520                                                                                                                                                                                                                 
  userAuth.ts           |    7.69 |     3.12 |       0 |    7.74 | 57-564                                                                                                                                                                                                                                                                                        
 services/auth          |       0 |        0 |       0 |       0 |                                                                                                                                                                                                                                                                                               
  index.ts              |       0 |      100 |       0 |       0 | 13-14                                                                                                                                                                                                                                                                                         
  password.ts           |       0 |        0 |       0 |       0 | 9-63                                                                                                                                                                                                                                                                                          
  token.ts              |       0 |        0 |       0 |       0 | 11-82                                                                                                                                                                                                                                                                                         
 services/knowledge     |       0 |        0 |       0 |       0 |                                                                                                                                                                                                                                                                                               
  index.ts              |       0 |        0 |       0 |       0 | 3-346                                                                                                                                                                                                                                                                                         
 services/receptionist  |   26.55 |     15.4 |   35.48 |   26.96 |                                                                                                                                                                                                                                                                                               
  handlers.ts           |    10.2 |        0 |       0 |   10.63 | 21-45,69-108,142-228,246-298,316-362                                                                                                                                                                                                                                                          
  index.ts              |   27.83 |    17.55 |    43.9 |    27.8 | 79,115,172-188,223,237-263,292-294,318-325,332-338,345-354,364-382,395-562,604-610,630,663-665,676-679,688-689,718-755,761-1056                                                                                                                                                               
  promptBuilder.ts      |   48.83 |     25.8 |   33.33 |   55.26 | 29-40,68,74-77,105-107                                                                                                                                                                                                                                                                        
  tools.ts              |     100 |      100 |     100 |     100 |                                                                                                                                                                                                                                                                                               
 socket                 |       0 |        0 |       0 |       0 |                                                                                                                                                                                                                                                                                               
  handlers.ts           |       0 |        0 |       0 |       0 | 7-251                                                                                                                                                                                                                                                                                         
  sessionManager.ts     |       0 |        0 |       0 |       0 | 6-91                                                                                                                                                                                                                                                                                          
 utils                  |   45.45 |    54.16 |      75 |   44.92 |                                                                                                                                                                                                                                                                                               
  fileParser.ts         |   18.18 |        0 |       0 |   18.18 | 7-18                                                                                                                                                                                                                                                                                          
  jwt.ts                |      96 |       90 |     100 |   95.65 | 74                                                                                                                                                                                                                                                                                            
  seedDatabase.ts       |       0 |        0 |       0 |       0 | 1-179                                                                                                                                                                                                                                                                                         
  validators.ts         |     100 |      100 |     100 |     100 |                                                                                                                                                                                                                                                                                               
------------------------|---------|----------|---------|---------|-----------------------------------------------------------------------------------------------------------------------------------------------------------------------------------------------------------------------------------------------------------------------------------------------
Test Suites: 2 failed, 11 passed, 13 total
Tests:       4 failed, 3 skipped, 270 passed, 277 total
Snapshots:   0 total
Time:        47.359 s, estimated 52 s
Ran all test suites.
